<?xml version="1.0" encoding="UTF-8" standalone="yes" ?>
<!DOCTYPE boost_serialization>
<boost_serialization signature="serialization::archive" version="9">
<Carte class_id="0" tracking_level="0" version="0">
	<Repere class_id="1" tracking_level="0" version="0">
		<largeur>50</largeur>
		<hauteur>50</hauteur>
		<Tiles class_id="2" tracking_level="0" version="0">
			<count>2500</count>
			<item_version>0</item_version>
			<item class_id="3" tracking_level="0" version="0">
				<id>-1</id>
			</item>
			<item>
				<id>-1</id>
			</item>
			<item>
				<id>-1</id>
			</item>
			<item>
				<id>-1</id>
			</item>
			<item>
				<id>-1</id>
			</item>
			<item>
				<id>-1</id>
			</item>
			<item>
				<id>-1</id>
			</item>
			<item>
				<id>-1</id>
			</item>
			<item>
				<id>-1</id>
			</item>
			<item>
				<id>-1</id>
			</item>
			<item>
				<id>-1</id>
			</item>
			<item>
				<id>-1</id>
			</item>
			<item>
				<id>-1</id>
			</item>
			<item>
				<id>-1</id>
			</item>
			<item>
				<id>-1</id>
			</item>
			<item>
				<id>-1</id>
			</item>
			<item>
				<id>-1</id>
			</item>
			<item>
				<id>-1</id>
			</item>
			<item>
				<id>-1</id>
			</item>
			<item>
				<id>-1</id>
			</item>
			<item>
				<id>-1</id>
			</item>
			<item>
				<id>-1</id>
			</item>
			<item>
				<id>-1</id>
			</item>
			<item>
				<id>-1</id>
			</item>
			<item>
				<id>-1</id>
			</item>
			<item>
				<id>-1</id>
			</item>
			<item>
				<id>-1</id>
			</item>
			<item>
				<id>-1</id>
			</item>
			<item>
				<id>-1</id>
			</item>
			<item>
				<id>-1</id>
			</item>
			<item>
				<id>-1</id>
			</item>
			<item>
				<id>-1</id>
			</item>
			<item>
				<id>-1</id>
			</item>
			<item>
				<id>-1</id>
			</item>
			<item>
				<id>-1</id>
			</item>
			<item>
				<id>-1</id>
			</item>
			<item>
				<id>-1</id>
			</item>
			<item>
				<id>-1</id>
			</item>
			<item>
				<id>-1</id>
			</item>
			<item>
				<id>-1</id>
			</item>
			<item>
				<id>-1</id>
			</item>
			<item>
				<id>-1</id>
			</item>
			<item>
				<id>-1</id>
			</item>
			<item>
				<id>-1</id>
			</item>
			<item>
				<id>-1</id>
			</item>
			<item>
				<id>-1</id>
			</item>
			<item>
				<id>-1</id>
			</item>
			<item>
				<id>-1</id>
			</item>
			<item>
				<id>-1</id>
			</item>
			<item>
				<id>-1</id>
			</item>
			<item>
				<id>100000000</id>
			</item>
			<item>
				<id>-1</id>
			</item>
			<item>
				<id>-1</id>
			</item>
			<item>
				<id>-1</id>
			</item>
			<item>
				<id>-1</id>
			</item>
			<item>
				<id>-1</id>
			</item>
			<item>
				<id>100000001</id>
			</item>
			<item>
				<id>-1</id>
			</item>
			<item>
				<id>-1</id>
			</item>
			<item>
				<id>-1</id>
			</item>
			<item>
				<id>-1</id>
			</item>
			<item>
				<id>-1</id>
			</item>
			<item>
				<id>-1</id>
			</item>
			<item>
				<id>-1</id>
			</item>
			<item>
				<id>-1</id>
			</item>
			<item>
				<id>-1</id>
			</item>
			<item>
				<id>-1</id>
			</item>
			<item>
				<id>-1</id>
			</item>
			<item>
				<id>-1</id>
			</item>
			<item>
				<id>-1</id>
			</item>
			<item>
				<id>-1</id>
			</item>
			<item>
				<id>-1</id>
			</item>
			<item>
				<id>-1</id>
			</item>
			<item>
				<id>-1</id>
			</item>
			<item>
				<id>-1</id>
			</item>
			<item>
				<id>-1</id>
			</item>
			<item>
				<id>-1</id>
			</item>
			<item>
				<id>-1</id>
			</item>
			<item>
				<id>-1</id>
			</item>
			<item>
				<id>-1</id>
			</item>
			<item>
				<id>-1</id>
			</item>
			<item>
				<id>-1</id>
			</item>
			<item>
				<id>-1</id>
			</item>
			<item>
				<id>-1</id>
			</item>
			<item>
				<id>-1</id>
			</item>
			<item>
				<id>-1</id>
			</item>
			<item>
				<id>-1</id>
			</item>
			<item>
				<id>-1</id>
			</item>
			<item>
				<id>-1</id>
			</item>
			<item>
				<id>-1</id>
			</item>
			<item>
				<id>-1</id>
			</item>
			<item>
				<id>-1</id>
			</item>
			<item>
				<id>-1</id>
			</item>
			<item>
				<id>-1</id>
			</item>
			<item>
				<id>-1</id>
			</item>
			<item>
				<id>-1</id>
			</item>
			<item>
				<id>-1</id>
			</item>
			<item>
				<id>-1</id>
			</item>
			<item>
				<id>-1</id>
			</item>
			<item>
				<id>-1</id>
			</item>
			<item>
				<id>-1</id>
			</item>
			<item>
				<id>-1</id>
			</item>
			<item>
				<id>-1</id>
			</item>
			<item>
				<id>-1</id>
			</item>
			<item>
				<id>-1</id>
			</item>
			<item>
				<id>-1</id>
			</item>
			<item>
				<id>-1</id>
			</item>
			<item>
				<id>-1</id>
			</item>
			<item>
				<id>-1</id>
			</item>
			<item>
				<id>-1</id>
			</item>
			<item>
				<id>-1</id>
			</item>
			<item>
				<id>-1</id>
			</item>
			<item>
				<id>-1</id>
			</item>
			<item>
				<id>-1</id>
			</item>
			<item>
				<id>-1</id>
			</item>
			<item>
				<id>-1</id>
			</item>
			<item>
				<id>-1</id>
			</item>
			<item>
				<id>-1</id>
			</item>
			<item>
				<id>-1</id>
			</item>
			<item>
				<id>-1</id>
			</item>
			<item>
				<id>-1</id>
			</item>
			<item>
				<id>-1</id>
			</item>
			<item>
				<id>-1</id>
			</item>
			<item>
				<id>-1</id>
			</item>
			<item>
				<id>-1</id>
			</item>
			<item>
				<id>-1</id>
			</item>
			<item>
				<id>-1</id>
			</item>
			<item>
				<id>-1</id>
			</item>
			<item>
				<id>-1</id>
			</item>
			<item>
				<id>-1</id>
			</item>
			<item>
				<id>-1</id>
			</item>
			<item>
				<id>-1</id>
			</item>
			<item>
				<id>-1</id>
			</item>
			<item>
				<id>-1</id>
			</item>
			<item>
				<id>-1</id>
			</item>
			<item>
				<id>-1</id>
			</item>
			<item>
				<id>-1</id>
			</item>
			<item>
				<id>-1</id>
			</item>
			<item>
				<id>-1</id>
			</item>
			<item>
				<id>-1</id>
			</item>
			<item>
				<id>-1</id>
			</item>
			<item>
				<id>-1</id>
			</item>
			<item>
				<id>-1</id>
			</item>
			<item>
				<id>-1</id>
			</item>
			<item>
				<id>-1</id>
			</item>
			<item>
				<id>-1</id>
			</item>
			<item>
				<id>-1</id>
			</item>
			<item>
				<id>-1</id>
			</item>
			<item>
				<id>-1</id>
			</item>
			<item>
				<id>-1</id>
			</item>
			<item>
				<id>-1</id>
			</item>
			<item>
				<id>-1</id>
			</item>
			<item>
				<id>-1</id>
			</item>
			<item>
				<id>-1</id>
			</item>
			<item>
				<id>-1</id>
			</item>
			<item>
				<id>-1</id>
			</item>
			<item>
				<id>-1</id>
			</item>
			<item>
				<id>-1</id>
			</item>
			<item>
				<id>-1</id>
			</item>
			<item>
				<id>-1</id>
			</item>
			<item>
				<id>-1</id>
			</item>
			<item>
				<id>-1</id>
			</item>
			<item>
				<id>-1</id>
			</item>
			<item>
				<id>-1</id>
			</item>
			<item>
				<id>-1</id>
			</item>
			<item>
				<id>-1</id>
			</item>
			<item>
				<id>-1</id>
			</item>
			<item>
				<id>-1</id>
			</item>
			<item>
				<id>-1</id>
			</item>
			<item>
				<id>-1</id>
			</item>
			<item>
				<id>-1</id>
			</item>
			<item>
				<id>-1</id>
			</item>
			<item>
				<id>-1</id>
			</item>
			<item>
				<id>-1</id>
			</item>
			<item>
				<id>-1</id>
			</item>
			<item>
				<id>-1</id>
			</item>
			<item>
				<id>-1</id>
			</item>
			<item>
				<id>-1</id>
			</item>
			<item>
				<id>-1</id>
			</item>
			<item>
				<id>-1</id>
			</item>
			<item>
				<id>-1</id>
			</item>
			<item>
				<id>-1</id>
			</item>
			<item>
				<id>-1</id>
			</item>
			<item>
				<id>-1</id>
			</item>
			<item>
				<id>-1</id>
			</item>
			<item>
				<id>-1</id>
			</item>
			<item>
				<id>-1</id>
			</item>
			<item>
				<id>-1</id>
			</item>
			<item>
				<id>-1</id>
			</item>
			<item>
				<id>-1</id>
			</item>
			<item>
				<id>-1</id>
			</item>
			<item>
				<id>-1</id>
			</item>
			<item>
				<id>-1</id>
			</item>
			<item>
				<id>-1</id>
			</item>
			<item>
				<id>-1</id>
			</item>
			<item>
				<id>-1</id>
			</item>
			<item>
				<id>-1</id>
			</item>
			<item>
				<id>-1</id>
			</item>
			<item>
				<id>-1</id>
			</item>
			<item>
				<id>-1</id>
			</item>
			<item>
				<id>-1</id>
			</item>
			<item>
				<id>-1</id>
			</item>
			<item>
				<id>-1</id>
			</item>
			<item>
				<id>-1</id>
			</item>
			<item>
				<id>-1</id>
			</item>
			<item>
				<id>-1</id>
			</item>
			<item>
				<id>-1</id>
			</item>
			<item>
				<id>-1</id>
			</item>
			<item>
				<id>-1</id>
			</item>
			<item>
				<id>-1</id>
			</item>
			<item>
				<id>-1</id>
			</item>
			<item>
				<id>-1</id>
			</item>
			<item>
				<id>-1</id>
			</item>
			<item>
				<id>-1</id>
			</item>
			<item>
				<id>-1</id>
			</item>
			<item>
				<id>-1</id>
			</item>
			<item>
				<id>-1</id>
			</item>
			<item>
				<id>-1</id>
			</item>
			<item>
				<id>-1</id>
			</item>
			<item>
				<id>-1</id>
			</item>
			<item>
				<id>-1</id>
			</item>
			<item>
				<id>-1</id>
			</item>
			<item>
				<id>-1</id>
			</item>
			<item>
				<id>-1</id>
			</item>
			<item>
				<id>-1</id>
			</item>
			<item>
				<id>-1</id>
			</item>
			<item>
				<id>-1</id>
			</item>
			<item>
				<id>-1</id>
			</item>
			<item>
				<id>-1</id>
			</item>
			<item>
				<id>-1</id>
			</item>
			<item>
				<id>-1</id>
			</item>
			<item>
				<id>-1</id>
			</item>
			<item>
				<id>-1</id>
			</item>
			<item>
				<id>-1</id>
			</item>
			<item>
				<id>-1</id>
			</item>
			<item>
				<id>-1</id>
			</item>
			<item>
				<id>-1</id>
			</item>
			<item>
				<id>-1</id>
			</item>
			<item>
				<id>-1</id>
			</item>
			<item>
				<id>-1</id>
			</item>
			<item>
				<id>-1</id>
			</item>
			<item>
				<id>-1</id>
			</item>
			<item>
				<id>-1</id>
			</item>
			<item>
				<id>-1</id>
			</item>
			<item>
				<id>-1</id>
			</item>
			<item>
				<id>-1</id>
			</item>
			<item>
				<id>-1</id>
			</item>
			<item>
				<id>-1</id>
			</item>
			<item>
				<id>-1</id>
			</item>
			<item>
				<id>-1</id>
			</item>
			<item>
				<id>-1</id>
			</item>
			<item>
				<id>-1</id>
			</item>
			<item>
				<id>-1</id>
			</item>
			<item>
				<id>-1</id>
			</item>
			<item>
				<id>-1</id>
			</item>
			<item>
				<id>-1</id>
			</item>
			<item>
				<id>-1</id>
			</item>
			<item>
				<id>-1</id>
			</item>
			<item>
				<id>-1</id>
			</item>
			<item>
				<id>-1</id>
			</item>
			<item>
				<id>-1</id>
			</item>
			<item>
				<id>-1</id>
			</item>
			<item>
				<id>-1</id>
			</item>
			<item>
				<id>-1</id>
			</item>
			<item>
				<id>-1</id>
			</item>
			<item>
				<id>-1</id>
			</item>
			<item>
				<id>-1</id>
			</item>
			<item>
				<id>-1</id>
			</item>
			<item>
				<id>-1</id>
			</item>
			<item>
				<id>-1</id>
			</item>
			<item>
				<id>-1</id>
			</item>
			<item>
				<id>-1</id>
			</item>
			<item>
				<id>-1</id>
			</item>
			<item>
				<id>-1</id>
			</item>
			<item>
				<id>-1</id>
			</item>
			<item>
				<id>-1</id>
			</item>
			<item>
				<id>-1</id>
			</item>
			<item>
				<id>-1</id>
			</item>
			<item>
				<id>-1</id>
			</item>
			<item>
				<id>-1</id>
			</item>
			<item>
				<id>-1</id>
			</item>
			<item>
				<id>-1</id>
			</item>
			<item>
				<id>-1</id>
			</item>
			<item>
				<id>-1</id>
			</item>
			<item>
				<id>-1</id>
			</item>
			<item>
				<id>-1</id>
			</item>
			<item>
				<id>-1</id>
			</item>
			<item>
				<id>-1</id>
			</item>
			<item>
				<id>-1</id>
			</item>
			<item>
				<id>-1</id>
			</item>
			<item>
				<id>-1</id>
			</item>
			<item>
				<id>-1</id>
			</item>
			<item>
				<id>-1</id>
			</item>
			<item>
				<id>-1</id>
			</item>
			<item>
				<id>-1</id>
			</item>
			<item>
				<id>-1</id>
			</item>
			<item>
				<id>-1</id>
			</item>
			<item>
				<id>-1</id>
			</item>
			<item>
				<id>-1</id>
			</item>
			<item>
				<id>-1</id>
			</item>
			<item>
				<id>-1</id>
			</item>
			<item>
				<id>-1</id>
			</item>
			<item>
				<id>-1</id>
			</item>
			<item>
				<id>-1</id>
			</item>
			<item>
				<id>-1</id>
			</item>
			<item>
				<id>-1</id>
			</item>
			<item>
				<id>-1</id>
			</item>
			<item>
				<id>-1</id>
			</item>
			<item>
				<id>-1</id>
			</item>
			<item>
				<id>-1</id>
			</item>
			<item>
				<id>-1</id>
			</item>
			<item>
				<id>-1</id>
			</item>
			<item>
				<id>-1</id>
			</item>
			<item>
				<id>-1</id>
			</item>
			<item>
				<id>-1</id>
			</item>
			<item>
				<id>-1</id>
			</item>
			<item>
				<id>-1</id>
			</item>
			<item>
				<id>-1</id>
			</item>
			<item>
				<id>-1</id>
			</item>
			<item>
				<id>-1</id>
			</item>
			<item>
				<id>-1</id>
			</item>
			<item>
				<id>-1</id>
			</item>
			<item>
				<id>-1</id>
			</item>
			<item>
				<id>-1</id>
			</item>
			<item>
				<id>-1</id>
			</item>
			<item>
				<id>-1</id>
			</item>
			<item>
				<id>-1</id>
			</item>
			<item>
				<id>-1</id>
			</item>
			<item>
				<id>-1</id>
			</item>
			<item>
				<id>-1</id>
			</item>
			<item>
				<id>-1</id>
			</item>
			<item>
				<id>-1</id>
			</item>
			<item>
				<id>-1</id>
			</item>
			<item>
				<id>-1</id>
			</item>
			<item>
				<id>-1</id>
			</item>
			<item>
				<id>-1</id>
			</item>
			<item>
				<id>100000000</id>
			</item>
			<item>
				<id>-1</id>
			</item>
			<item>
				<id>-1</id>
			</item>
			<item>
				<id>-1</id>
			</item>
			<item>
				<id>-1</id>
			</item>
			<item>
				<id>-1</id>
			</item>
			<item>
				<id>-1</id>
			</item>
			<item>
				<id>-1</id>
			</item>
			<item>
				<id>-1</id>
			</item>
			<item>
				<id>-1</id>
			</item>
			<item>
				<id>-1</id>
			</item>
			<item>
				<id>-1</id>
			</item>
			<item>
				<id>-1</id>
			</item>
			<item>
				<id>-1</id>
			</item>
			<item>
				<id>-1</id>
			</item>
			<item>
				<id>-1</id>
			</item>
			<item>
				<id>-1</id>
			</item>
			<item>
				<id>-1</id>
			</item>
			<item>
				<id>-1</id>
			</item>
			<item>
				<id>-1</id>
			</item>
			<item>
				<id>-1</id>
			</item>
			<item>
				<id>-1</id>
			</item>
			<item>
				<id>-1</id>
			</item>
			<item>
				<id>-1</id>
			</item>
			<item>
				<id>-1</id>
			</item>
			<item>
				<id>-1</id>
			</item>
			<item>
				<id>-1</id>
			</item>
			<item>
				<id>-1</id>
			</item>
			<item>
				<id>-1</id>
			</item>
			<item>
				<id>-1</id>
			</item>
			<item>
				<id>-1</id>
			</item>
			<item>
				<id>-1</id>
			</item>
			<item>
				<id>-1</id>
			</item>
			<item>
				<id>-1</id>
			</item>
			<item>
				<id>-1</id>
			</item>
			<item>
				<id>-1</id>
			</item>
			<item>
				<id>-1</id>
			</item>
			<item>
				<id>-1</id>
			</item>
			<item>
				<id>-1</id>
			</item>
			<item>
				<id>-1</id>
			</item>
			<item>
				<id>-1</id>
			</item>
			<item>
				<id>-1</id>
			</item>
			<item>
				<id>-1</id>
			</item>
			<item>
				<id>-1</id>
			</item>
			<item>
				<id>-1</id>
			</item>
			<item>
				<id>-1</id>
			</item>
			<item>
				<id>-1</id>
			</item>
			<item>
				<id>-1</id>
			</item>
			<item>
				<id>-1</id>
			</item>
			<item>
				<id>-1</id>
			</item>
			<item>
				<id>-1</id>
			</item>
			<item>
				<id>-1</id>
			</item>
			<item>
				<id>-1</id>
			</item>
			<item>
				<id>-1</id>
			</item>
			<item>
				<id>-1</id>
			</item>
			<item>
				<id>-1</id>
			</item>
			<item>
				<id>-1</id>
			</item>
			<item>
				<id>-1</id>
			</item>
			<item>
				<id>-1</id>
			</item>
			<item>
				<id>-1</id>
			</item>
			<item>
				<id>-1</id>
			</item>
			<item>
				<id>-1</id>
			</item>
			<item>
				<id>-1</id>
			</item>
			<item>
				<id>-1</id>
			</item>
			<item>
				<id>-1</id>
			</item>
			<item>
				<id>-1</id>
			</item>
			<item>
				<id>-1</id>
			</item>
			<item>
				<id>-1</id>
			</item>
			<item>
				<id>-1</id>
			</item>
			<item>
				<id>-1</id>
			</item>
			<item>
				<id>-1</id>
			</item>
			<item>
				<id>-1</id>
			</item>
			<item>
				<id>-1</id>
			</item>
			<item>
				<id>-1</id>
			</item>
			<item>
				<id>-1</id>
			</item>
			<item>
				<id>-1</id>
			</item>
			<item>
				<id>-1</id>
			</item>
			<item>
				<id>-1</id>
			</item>
			<item>
				<id>-1</id>
			</item>
			<item>
				<id>-1</id>
			</item>
			<item>
				<id>-1</id>
			</item>
			<item>
				<id>-1</id>
			</item>
			<item>
				<id>-1</id>
			</item>
			<item>
				<id>-1</id>
			</item>
			<item>
				<id>-1</id>
			</item>
			<item>
				<id>-1</id>
			</item>
			<item>
				<id>-1</id>
			</item>
			<item>
				<id>-1</id>
			</item>
			<item>
				<id>-1</id>
			</item>
			<item>
				<id>-1</id>
			</item>
			<item>
				<id>-1</id>
			</item>
			<item>
				<id>-1</id>
			</item>
			<item>
				<id>-1</id>
			</item>
			<item>
				<id>-1</id>
			</item>
			<item>
				<id>-1</id>
			</item>
			<item>
				<id>-1</id>
			</item>
			<item>
				<id>-1</id>
			</item>
			<item>
				<id>-1</id>
			</item>
			<item>
				<id>-1</id>
			</item>
			<item>
				<id>-1</id>
			</item>
			<item>
				<id>-1</id>
			</item>
			<item>
				<id>-1</id>
			</item>
			<item>
				<id>-1</id>
			</item>
			<item>
				<id>-1</id>
			</item>
			<item>
				<id>-1</id>
			</item>
			<item>
				<id>-1</id>
			</item>
			<item>
				<id>-1</id>
			</item>
			<item>
				<id>-1</id>
			</item>
			<item>
				<id>-1</id>
			</item>
			<item>
				<id>-1</id>
			</item>
			<item>
				<id>-1</id>
			</item>
			<item>
				<id>-1</id>
			</item>
			<item>
				<id>-1</id>
			</item>
			<item>
				<id>-1</id>
			</item>
			<item>
				<id>-1</id>
			</item>
			<item>
				<id>-1</id>
			</item>
			<item>
				<id>-1</id>
			</item>
			<item>
				<id>-1</id>
			</item>
			<item>
				<id>-1</id>
			</item>
			<item>
				<id>-1</id>
			</item>
			<item>
				<id>-1</id>
			</item>
			<item>
				<id>-1</id>
			</item>
			<item>
				<id>-1</id>
			</item>
			<item>
				<id>-1</id>
			</item>
			<item>
				<id>-1</id>
			</item>
			<item>
				<id>-1</id>
			</item>
			<item>
				<id>-1</id>
			</item>
			<item>
				<id>-1</id>
			</item>
			<item>
				<id>-1</id>
			</item>
			<item>
				<id>-1</id>
			</item>
			<item>
				<id>-1</id>
			</item>
			<item>
				<id>-1</id>
			</item>
			<item>
				<id>-1</id>
			</item>
			<item>
				<id>-1</id>
			</item>
			<item>
				<id>-1</id>
			</item>
			<item>
				<id>-1</id>
			</item>
			<item>
				<id>-1</id>
			</item>
			<item>
				<id>-1</id>
			</item>
			<item>
				<id>-1</id>
			</item>
			<item>
				<id>-1</id>
			</item>
			<item>
				<id>-1</id>
			</item>
			<item>
				<id>-1</id>
			</item>
			<item>
				<id>-1</id>
			</item>
			<item>
				<id>-1</id>
			</item>
			<item>
				<id>-1</id>
			</item>
			<item>
				<id>-1</id>
			</item>
			<item>
				<id>-1</id>
			</item>
			<item>
				<id>-1</id>
			</item>
			<item>
				<id>-1</id>
			</item>
			<item>
				<id>-1</id>
			</item>
			<item>
				<id>-1</id>
			</item>
			<item>
				<id>-1</id>
			</item>
			<item>
				<id>-1</id>
			</item>
			<item>
				<id>-1</id>
			</item>
			<item>
				<id>-1</id>
			</item>
			<item>
				<id>-1</id>
			</item>
			<item>
				<id>-1</id>
			</item>
			<item>
				<id>-1</id>
			</item>
			<item>
				<id>-1</id>
			</item>
			<item>
				<id>-1</id>
			</item>
			<item>
				<id>-1</id>
			</item>
			<item>
				<id>-1</id>
			</item>
			<item>
				<id>-1</id>
			</item>
			<item>
				<id>-1</id>
			</item>
			<item>
				<id>-1</id>
			</item>
			<item>
				<id>-1</id>
			</item>
			<item>
				<id>-1</id>
			</item>
			<item>
				<id>-1</id>
			</item>
			<item>
				<id>-1</id>
			</item>
			<item>
				<id>-1</id>
			</item>
			<item>
				<id>-1</id>
			</item>
			<item>
				<id>-1</id>
			</item>
			<item>
				<id>-1</id>
			</item>
			<item>
				<id>-1</id>
			</item>
			<item>
				<id>-1</id>
			</item>
			<item>
				<id>-1</id>
			</item>
			<item>
				<id>-1</id>
			</item>
			<item>
				<id>-1</id>
			</item>
			<item>
				<id>-1</id>
			</item>
			<item>
				<id>-1</id>
			</item>
			<item>
				<id>-1</id>
			</item>
			<item>
				<id>-1</id>
			</item>
			<item>
				<id>-1</id>
			</item>
			<item>
				<id>-1</id>
			</item>
			<item>
				<id>-1</id>
			</item>
			<item>
				<id>-1</id>
			</item>
			<item>
				<id>-1</id>
			</item>
			<item>
				<id>-1</id>
			</item>
			<item>
				<id>-1</id>
			</item>
			<item>
				<id>-1</id>
			</item>
			<item>
				<id>-1</id>
			</item>
			<item>
				<id>-1</id>
			</item>
			<item>
				<id>-1</id>
			</item>
			<item>
				<id>-1</id>
			</item>
			<item>
				<id>-1</id>
			</item>
			<item>
				<id>-1</id>
			</item>
			<item>
				<id>-1</id>
			</item>
			<item>
				<id>-1</id>
			</item>
			<item>
				<id>-1</id>
			</item>
			<item>
				<id>-1</id>
			</item>
			<item>
				<id>-1</id>
			</item>
			<item>
				<id>-1</id>
			</item>
			<item>
				<id>-1</id>
			</item>
			<item>
				<id>-1</id>
			</item>
			<item>
				<id>-1</id>
			</item>
			<item>
				<id>-1</id>
			</item>
			<item>
				<id>-1</id>
			</item>
			<item>
				<id>-1</id>
			</item>
			<item>
				<id>-1</id>
			</item>
			<item>
				<id>-1</id>
			</item>
			<item>
				<id>-1</id>
			</item>
			<item>
				<id>-1</id>
			</item>
			<item>
				<id>-1</id>
			</item>
			<item>
				<id>-1</id>
			</item>
			<item>
				<id>-1</id>
			</item>
			<item>
				<id>-1</id>
			</item>
			<item>
				<id>-1</id>
			</item>
			<item>
				<id>-1</id>
			</item>
			<item>
				<id>-1</id>
			</item>
			<item>
				<id>-1</id>
			</item>
			<item>
				<id>-1</id>
			</item>
			<item>
				<id>-1</id>
			</item>
			<item>
				<id>-1</id>
			</item>
			<item>
				<id>-1</id>
			</item>
			<item>
				<id>-1</id>
			</item>
			<item>
				<id>-1</id>
			</item>
			<item>
				<id>-1</id>
			</item>
			<item>
				<id>-1</id>
			</item>
			<item>
				<id>-1</id>
			</item>
			<item>
				<id>-1</id>
			</item>
			<item>
				<id>-1</id>
			</item>
			<item>
				<id>-1</id>
			</item>
			<item>
				<id>-1</id>
			</item>
			<item>
				<id>-1</id>
			</item>
			<item>
				<id>-1</id>
			</item>
			<item>
				<id>-1</id>
			</item>
			<item>
				<id>-1</id>
			</item>
			<item>
				<id>-1</id>
			</item>
			<item>
				<id>-1</id>
			</item>
			<item>
				<id>-1</id>
			</item>
			<item>
				<id>-1</id>
			</item>
			<item>
				<id>-1</id>
			</item>
			<item>
				<id>-1</id>
			</item>
			<item>
				<id>-1</id>
			</item>
			<item>
				<id>-1</id>
			</item>
			<item>
				<id>-1</id>
			</item>
			<item>
				<id>-1</id>
			</item>
			<item>
				<id>-1</id>
			</item>
			<item>
				<id>-1</id>
			</item>
			<item>
				<id>-1</id>
			</item>
			<item>
				<id>-1</id>
			</item>
			<item>
				<id>-1</id>
			</item>
			<item>
				<id>-1</id>
			</item>
			<item>
				<id>-1</id>
			</item>
			<item>
				<id>-1</id>
			</item>
			<item>
				<id>-1</id>
			</item>
			<item>
				<id>-1</id>
			</item>
			<item>
				<id>-1</id>
			</item>
			<item>
				<id>-1</id>
			</item>
			<item>
				<id>-1</id>
			</item>
			<item>
				<id>-1</id>
			</item>
			<item>
				<id>-1</id>
			</item>
			<item>
				<id>-1</id>
			</item>
			<item>
				<id>-1</id>
			</item>
			<item>
				<id>-1</id>
			</item>
			<item>
				<id>-1</id>
			</item>
			<item>
				<id>-1</id>
			</item>
			<item>
				<id>-1</id>
			</item>
			<item>
				<id>-1</id>
			</item>
			<item>
				<id>-1</id>
			</item>
			<item>
				<id>-1</id>
			</item>
			<item>
				<id>-1</id>
			</item>
			<item>
				<id>-1</id>
			</item>
			<item>
				<id>-1</id>
			</item>
			<item>
				<id>-1</id>
			</item>
			<item>
				<id>-1</id>
			</item>
			<item>
				<id>-1</id>
			</item>
			<item>
				<id>-1</id>
			</item>
			<item>
				<id>-1</id>
			</item>
			<item>
				<id>-1</id>
			</item>
			<item>
				<id>-1</id>
			</item>
			<item>
				<id>-1</id>
			</item>
			<item>
				<id>-1</id>
			</item>
			<item>
				<id>-1</id>
			</item>
			<item>
				<id>-1</id>
			</item>
			<item>
				<id>-1</id>
			</item>
			<item>
				<id>-1</id>
			</item>
			<item>
				<id>-1</id>
			</item>
			<item>
				<id>-1</id>
			</item>
			<item>
				<id>-1</id>
			</item>
			<item>
				<id>-1</id>
			</item>
			<item>
				<id>-1</id>
			</item>
			<item>
				<id>-1</id>
			</item>
			<item>
				<id>-1</id>
			</item>
			<item>
				<id>-1</id>
			</item>
			<item>
				<id>-1</id>
			</item>
			<item>
				<id>-1</id>
			</item>
			<item>
				<id>-1</id>
			</item>
			<item>
				<id>-1</id>
			</item>
			<item>
				<id>-1</id>
			</item>
			<item>
				<id>-1</id>
			</item>
			<item>
				<id>-1</id>
			</item>
			<item>
				<id>-1</id>
			</item>
			<item>
				<id>-1</id>
			</item>
			<item>
				<id>-1</id>
			</item>
			<item>
				<id>-1</id>
			</item>
			<item>
				<id>-1</id>
			</item>
			<item>
				<id>-1</id>
			</item>
			<item>
				<id>-1</id>
			</item>
			<item>
				<id>-1</id>
			</item>
			<item>
				<id>-1</id>
			</item>
			<item>
				<id>-1</id>
			</item>
			<item>
				<id>-1</id>
			</item>
			<item>
				<id>-1</id>
			</item>
			<item>
				<id>-1</id>
			</item>
			<item>
				<id>-1</id>
			</item>
			<item>
				<id>-1</id>
			</item>
			<item>
				<id>-1</id>
			</item>
			<item>
				<id>-1</id>
			</item>
			<item>
				<id>-1</id>
			</item>
			<item>
				<id>-1</id>
			</item>
			<item>
				<id>-1</id>
			</item>
			<item>
				<id>-1</id>
			</item>
			<item>
				<id>-1</id>
			</item>
			<item>
				<id>-1</id>
			</item>
			<item>
				<id>-1</id>
			</item>
			<item>
				<id>-1</id>
			</item>
			<item>
				<id>-1</id>
			</item>
			<item>
				<id>-1</id>
			</item>
			<item>
				<id>-1</id>
			</item>
			<item>
				<id>-1</id>
			</item>
			<item>
				<id>-1</id>
			</item>
			<item>
				<id>-1</id>
			</item>
			<item>
				<id>-1</id>
			</item>
			<item>
				<id>-1</id>
			</item>
			<item>
				<id>-1</id>
			</item>
			<item>
				<id>-1</id>
			</item>
			<item>
				<id>-1</id>
			</item>
			<item>
				<id>-1</id>
			</item>
			<item>
				<id>-1</id>
			</item>
			<item>
				<id>-1</id>
			</item>
			<item>
				<id>-1</id>
			</item>
			<item>
				<id>-1</id>
			</item>
			<item>
				<id>-1</id>
			</item>
			<item>
				<id>-1</id>
			</item>
			<item>
				<id>-1</id>
			</item>
			<item>
				<id>-1</id>
			</item>
			<item>
				<id>-1</id>
			</item>
			<item>
				<id>-1</id>
			</item>
			<item>
				<id>-1</id>
			</item>
			<item>
				<id>-1</id>
			</item>
			<item>
				<id>-1</id>
			</item>
			<item>
				<id>-1</id>
			</item>
			<item>
				<id>-1</id>
			</item>
			<item>
				<id>-1</id>
			</item>
			<item>
				<id>-1</id>
			</item>
			<item>
				<id>-1</id>
			</item>
			<item>
				<id>-1</id>
			</item>
			<item>
				<id>-1</id>
			</item>
			<item>
				<id>-1</id>
			</item>
			<item>
				<id>-1</id>
			</item>
			<item>
				<id>-1</id>
			</item>
			<item>
				<id>-1</id>
			</item>
			<item>
				<id>-1</id>
			</item>
			<item>
				<id>-1</id>
			</item>
			<item>
				<id>-1</id>
			</item>
			<item>
				<id>-1</id>
			</item>
			<item>
				<id>-1</id>
			</item>
			<item>
				<id>-1</id>
			</item>
			<item>
				<id>-1</id>
			</item>
			<item>
				<id>-1</id>
			</item>
			<item>
				<id>-1</id>
			</item>
			<item>
				<id>-1</id>
			</item>
			<item>
				<id>-1</id>
			</item>
			<item>
				<id>-1</id>
			</item>
			<item>
				<id>-1</id>
			</item>
			<item>
				<id>-1</id>
			</item>
			<item>
				<id>-1</id>
			</item>
			<item>
				<id>-1</id>
			</item>
			<item>
				<id>-1</id>
			</item>
			<item>
				<id>-1</id>
			</item>
			<item>
				<id>-1</id>
			</item>
			<item>
				<id>-1</id>
			</item>
			<item>
				<id>-1</id>
			</item>
			<item>
				<id>-1</id>
			</item>
			<item>
				<id>-1</id>
			</item>
			<item>
				<id>-1</id>
			</item>
			<item>
				<id>-1</id>
			</item>
			<item>
				<id>-1</id>
			</item>
			<item>
				<id>-1</id>
			</item>
			<item>
				<id>-1</id>
			</item>
			<item>
				<id>-1</id>
			</item>
			<item>
				<id>-1</id>
			</item>
			<item>
				<id>-1</id>
			</item>
			<item>
				<id>-1</id>
			</item>
			<item>
				<id>-1</id>
			</item>
			<item>
				<id>-1</id>
			</item>
			<item>
				<id>-1</id>
			</item>
			<item>
				<id>-1</id>
			</item>
			<item>
				<id>-1</id>
			</item>
			<item>
				<id>-1</id>
			</item>
			<item>
				<id>-1</id>
			</item>
			<item>
				<id>-1</id>
			</item>
			<item>
				<id>-1</id>
			</item>
			<item>
				<id>-1</id>
			</item>
			<item>
				<id>-1</id>
			</item>
			<item>
				<id>-1</id>
			</item>
			<item>
				<id>-1</id>
			</item>
			<item>
				<id>-1</id>
			</item>
			<item>
				<id>-1</id>
			</item>
			<item>
				<id>-1</id>
			</item>
			<item>
				<id>-1</id>
			</item>
			<item>
				<id>-1</id>
			</item>
			<item>
				<id>-1</id>
			</item>
			<item>
				<id>-1</id>
			</item>
			<item>
				<id>-1</id>
			</item>
			<item>
				<id>-1</id>
			</item>
			<item>
				<id>-1</id>
			</item>
			<item>
				<id>-1</id>
			</item>
			<item>
				<id>-1</id>
			</item>
			<item>
				<id>-1</id>
			</item>
			<item>
				<id>-1</id>
			</item>
			<item>
				<id>-1</id>
			</item>
			<item>
				<id>-1</id>
			</item>
			<item>
				<id>-1</id>
			</item>
			<item>
				<id>-1</id>
			</item>
			<item>
				<id>-1</id>
			</item>
			<item>
				<id>-1</id>
			</item>
			<item>
				<id>-1</id>
			</item>
			<item>
				<id>-1</id>
			</item>
			<item>
				<id>-1</id>
			</item>
			<item>
				<id>-1</id>
			</item>
			<item>
				<id>-1</id>
			</item>
			<item>
				<id>-1</id>
			</item>
			<item>
				<id>-1</id>
			</item>
			<item>
				<id>-1</id>
			</item>
			<item>
				<id>-1</id>
			</item>
			<item>
				<id>-1</id>
			</item>
			<item>
				<id>-1</id>
			</item>
			<item>
				<id>-1</id>
			</item>
			<item>
				<id>-1</id>
			</item>
			<item>
				<id>-1</id>
			</item>
			<item>
				<id>-1</id>
			</item>
			<item>
				<id>-1</id>
			</item>
			<item>
				<id>-1</id>
			</item>
			<item>
				<id>-1</id>
			</item>
			<item>
				<id>-1</id>
			</item>
			<item>
				<id>-1</id>
			</item>
			<item>
				<id>-1</id>
			</item>
			<item>
				<id>-1</id>
			</item>
			<item>
				<id>-1</id>
			</item>
			<item>
				<id>-1</id>
			</item>
			<item>
				<id>-1</id>
			</item>
			<item>
				<id>-1</id>
			</item>
			<item>
				<id>-1</id>
			</item>
			<item>
				<id>-1</id>
			</item>
			<item>
				<id>-1</id>
			</item>
			<item>
				<id>-1</id>
			</item>
			<item>
				<id>-1</id>
			</item>
			<item>
				<id>-1</id>
			</item>
			<item>
				<id>-1</id>
			</item>
			<item>
				<id>-1</id>
			</item>
			<item>
				<id>-1</id>
			</item>
			<item>
				<id>-1</id>
			</item>
			<item>
				<id>-1</id>
			</item>
			<item>
				<id>-1</id>
			</item>
			<item>
				<id>-1</id>
			</item>
			<item>
				<id>-1</id>
			</item>
			<item>
				<id>-1</id>
			</item>
			<item>
				<id>-1</id>
			</item>
			<item>
				<id>-1</id>
			</item>
			<item>
				<id>-1</id>
			</item>
			<item>
				<id>-1</id>
			</item>
			<item>
				<id>-1</id>
			</item>
			<item>
				<id>-1</id>
			</item>
			<item>
				<id>-1</id>
			</item>
			<item>
				<id>-1</id>
			</item>
			<item>
				<id>-1</id>
			</item>
			<item>
				<id>-1</id>
			</item>
			<item>
				<id>-1</id>
			</item>
			<item>
				<id>-1</id>
			</item>
			<item>
				<id>-1</id>
			</item>
			<item>
				<id>-1</id>
			</item>
			<item>
				<id>-1</id>
			</item>
			<item>
				<id>-1</id>
			</item>
			<item>
				<id>-1</id>
			</item>
			<item>
				<id>-1</id>
			</item>
			<item>
				<id>-1</id>
			</item>
			<item>
				<id>-1</id>
			</item>
			<item>
				<id>-1</id>
			</item>
			<item>
				<id>-1</id>
			</item>
			<item>
				<id>-1</id>
			</item>
			<item>
				<id>-1</id>
			</item>
			<item>
				<id>-1</id>
			</item>
			<item>
				<id>-1</id>
			</item>
			<item>
				<id>-1</id>
			</item>
			<item>
				<id>-1</id>
			</item>
			<item>
				<id>-1</id>
			</item>
			<item>
				<id>-1</id>
			</item>
			<item>
				<id>-1</id>
			</item>
			<item>
				<id>-1</id>
			</item>
			<item>
				<id>-1</id>
			</item>
			<item>
				<id>-1</id>
			</item>
			<item>
				<id>-1</id>
			</item>
			<item>
				<id>-1</id>
			</item>
			<item>
				<id>-1</id>
			</item>
			<item>
				<id>-1</id>
			</item>
			<item>
				<id>-1</id>
			</item>
			<item>
				<id>-1</id>
			</item>
			<item>
				<id>-1</id>
			</item>
			<item>
				<id>-1</id>
			</item>
			<item>
				<id>-1</id>
			</item>
			<item>
				<id>-1</id>
			</item>
			<item>
				<id>-1</id>
			</item>
			<item>
				<id>-1</id>
			</item>
			<item>
				<id>-1</id>
			</item>
			<item>
				<id>-1</id>
			</item>
			<item>
				<id>-1</id>
			</item>
			<item>
				<id>-1</id>
			</item>
			<item>
				<id>-1</id>
			</item>
			<item>
				<id>-1</id>
			</item>
			<item>
				<id>-1</id>
			</item>
			<item>
				<id>-1</id>
			</item>
			<item>
				<id>-1</id>
			</item>
			<item>
				<id>-1</id>
			</item>
			<item>
				<id>-1</id>
			</item>
			<item>
				<id>-1</id>
			</item>
			<item>
				<id>-1</id>
			</item>
			<item>
				<id>-1</id>
			</item>
			<item>
				<id>-1</id>
			</item>
			<item>
				<id>-1</id>
			</item>
			<item>
				<id>-1</id>
			</item>
			<item>
				<id>-1</id>
			</item>
			<item>
				<id>-1</id>
			</item>
			<item>
				<id>-1</id>
			</item>
			<item>
				<id>-1</id>
			</item>
			<item>
				<id>-1</id>
			</item>
			<item>
				<id>-1</id>
			</item>
			<item>
				<id>-1</id>
			</item>
			<item>
				<id>-1</id>
			</item>
			<item>
				<id>-1</id>
			</item>
			<item>
				<id>-1</id>
			</item>
			<item>
				<id>-1</id>
			</item>
			<item>
				<id>-1</id>
			</item>
			<item>
				<id>-1</id>
			</item>
			<item>
				<id>-1</id>
			</item>
			<item>
				<id>-1</id>
			</item>
			<item>
				<id>-1</id>
			</item>
			<item>
				<id>-1</id>
			</item>
			<item>
				<id>-1</id>
			</item>
			<item>
				<id>-1</id>
			</item>
			<item>
				<id>-1</id>
			</item>
			<item>
				<id>-1</id>
			</item>
			<item>
				<id>-1</id>
			</item>
			<item>
				<id>-1</id>
			</item>
			<item>
				<id>-1</id>
			</item>
			<item>
				<id>-1</id>
			</item>
			<item>
				<id>-1</id>
			</item>
			<item>
				<id>-1</id>
			</item>
			<item>
				<id>-1</id>
			</item>
			<item>
				<id>-1</id>
			</item>
			<item>
				<id>-1</id>
			</item>
			<item>
				<id>-1</id>
			</item>
			<item>
				<id>-1</id>
			</item>
			<item>
				<id>-1</id>
			</item>
			<item>
				<id>-1</id>
			</item>
			<item>
				<id>-1</id>
			</item>
			<item>
				<id>-1</id>
			</item>
			<item>
				<id>-1</id>
			</item>
			<item>
				<id>-1</id>
			</item>
			<item>
				<id>-1</id>
			</item>
			<item>
				<id>-1</id>
			</item>
			<item>
				<id>-1</id>
			</item>
			<item>
				<id>-1</id>
			</item>
			<item>
				<id>-1</id>
			</item>
			<item>
				<id>-1</id>
			</item>
			<item>
				<id>-1</id>
			</item>
			<item>
				<id>-1</id>
			</item>
			<item>
				<id>-1</id>
			</item>
			<item>
				<id>-1</id>
			</item>
			<item>
				<id>-1</id>
			</item>
			<item>
				<id>-1</id>
			</item>
			<item>
				<id>-1</id>
			</item>
			<item>
				<id>-1</id>
			</item>
			<item>
				<id>-1</id>
			</item>
			<item>
				<id>-1</id>
			</item>
			<item>
				<id>-1</id>
			</item>
			<item>
				<id>-1</id>
			</item>
			<item>
				<id>-1</id>
			</item>
			<item>
				<id>-1</id>
			</item>
			<item>
				<id>-1</id>
			</item>
			<item>
				<id>-1</id>
			</item>
			<item>
				<id>-1</id>
			</item>
			<item>
				<id>-1</id>
			</item>
			<item>
				<id>-1</id>
			</item>
			<item>
				<id>-1</id>
			</item>
			<item>
				<id>-1</id>
			</item>
			<item>
				<id>-1</id>
			</item>
			<item>
				<id>-1</id>
			</item>
			<item>
				<id>-1</id>
			</item>
			<item>
				<id>-1</id>
			</item>
			<item>
				<id>-1</id>
			</item>
			<item>
				<id>-1</id>
			</item>
			<item>
				<id>-1</id>
			</item>
			<item>
				<id>-1</id>
			</item>
			<item>
				<id>-1</id>
			</item>
			<item>
				<id>-1</id>
			</item>
			<item>
				<id>-1</id>
			</item>
			<item>
				<id>-1</id>
			</item>
			<item>
				<id>-1</id>
			</item>
			<item>
				<id>-1</id>
			</item>
			<item>
				<id>-1</id>
			</item>
			<item>
				<id>-1</id>
			</item>
			<item>
				<id>-1</id>
			</item>
			<item>
				<id>-1</id>
			</item>
			<item>
				<id>-1</id>
			</item>
			<item>
				<id>-1</id>
			</item>
			<item>
				<id>-1</id>
			</item>
			<item>
				<id>-1</id>
			</item>
			<item>
				<id>-1</id>
			</item>
			<item>
				<id>-1</id>
			</item>
			<item>
				<id>-1</id>
			</item>
			<item>
				<id>-1</id>
			</item>
			<item>
				<id>-1</id>
			</item>
			<item>
				<id>-1</id>
			</item>
			<item>
				<id>-1</id>
			</item>
			<item>
				<id>-1</id>
			</item>
			<item>
				<id>-1</id>
			</item>
			<item>
				<id>-1</id>
			</item>
			<item>
				<id>-1</id>
			</item>
			<item>
				<id>-1</id>
			</item>
			<item>
				<id>-1</id>
			</item>
			<item>
				<id>-1</id>
			</item>
			<item>
				<id>-1</id>
			</item>
			<item>
				<id>-1</id>
			</item>
			<item>
				<id>-1</id>
			</item>
			<item>
				<id>-1</id>
			</item>
			<item>
				<id>-1</id>
			</item>
			<item>
				<id>-1</id>
			</item>
			<item>
				<id>-1</id>
			</item>
			<item>
				<id>-1</id>
			</item>
			<item>
				<id>-1</id>
			</item>
			<item>
				<id>-1</id>
			</item>
			<item>
				<id>-1</id>
			</item>
			<item>
				<id>-1</id>
			</item>
			<item>
				<id>-1</id>
			</item>
			<item>
				<id>-1</id>
			</item>
			<item>
				<id>-1</id>
			</item>
			<item>
				<id>-1</id>
			</item>
			<item>
				<id>-1</id>
			</item>
			<item>
				<id>-1</id>
			</item>
			<item>
				<id>-1</id>
			</item>
			<item>
				<id>-1</id>
			</item>
			<item>
				<id>-1</id>
			</item>
			<item>
				<id>-1</id>
			</item>
			<item>
				<id>-1</id>
			</item>
			<item>
				<id>-1</id>
			</item>
			<item>
				<id>-1</id>
			</item>
			<item>
				<id>-1</id>
			</item>
			<item>
				<id>-1</id>
			</item>
			<item>
				<id>-1</id>
			</item>
			<item>
				<id>-1</id>
			</item>
			<item>
				<id>-1</id>
			</item>
			<item>
				<id>-1</id>
			</item>
			<item>
				<id>-1</id>
			</item>
			<item>
				<id>-1</id>
			</item>
			<item>
				<id>-1</id>
			</item>
			<item>
				<id>-1</id>
			</item>
			<item>
				<id>-1</id>
			</item>
			<item>
				<id>-1</id>
			</item>
			<item>
				<id>-1</id>
			</item>
			<item>
				<id>-1</id>
			</item>
			<item>
				<id>-1</id>
			</item>
			<item>
				<id>-1</id>
			</item>
			<item>
				<id>-1</id>
			</item>
			<item>
				<id>-1</id>
			</item>
			<item>
				<id>-1</id>
			</item>
			<item>
				<id>-1</id>
			</item>
			<item>
				<id>-1</id>
			</item>
			<item>
				<id>-1</id>
			</item>
			<item>
				<id>-1</id>
			</item>
			<item>
				<id>-1</id>
			</item>
			<item>
				<id>-1</id>
			</item>
			<item>
				<id>-1</id>
			</item>
			<item>
				<id>-1</id>
			</item>
			<item>
				<id>-1</id>
			</item>
			<item>
				<id>-1</id>
			</item>
			<item>
				<id>-1</id>
			</item>
			<item>
				<id>-1</id>
			</item>
			<item>
				<id>-1</id>
			</item>
			<item>
				<id>-1</id>
			</item>
			<item>
				<id>-1</id>
			</item>
			<item>
				<id>-1</id>
			</item>
			<item>
				<id>-1</id>
			</item>
			<item>
				<id>-1</id>
			</item>
			<item>
				<id>-1</id>
			</item>
			<item>
				<id>-1</id>
			</item>
			<item>
				<id>-1</id>
			</item>
			<item>
				<id>-1</id>
			</item>
			<item>
				<id>-1</id>
			</item>
			<item>
				<id>-1</id>
			</item>
			<item>
				<id>-1</id>
			</item>
			<item>
				<id>-1</id>
			</item>
			<item>
				<id>-1</id>
			</item>
			<item>
				<id>-1</id>
			</item>
			<item>
				<id>-1</id>
			</item>
			<item>
				<id>-1</id>
			</item>
			<item>
				<id>-1</id>
			</item>
			<item>
				<id>-1</id>
			</item>
			<item>
				<id>-1</id>
			</item>
			<item>
				<id>-1</id>
			</item>
			<item>
				<id>-1</id>
			</item>
			<item>
				<id>-1</id>
			</item>
			<item>
				<id>-1</id>
			</item>
			<item>
				<id>-1</id>
			</item>
			<item>
				<id>-1</id>
			</item>
			<item>
				<id>-1</id>
			</item>
			<item>
				<id>-1</id>
			</item>
			<item>
				<id>-1</id>
			</item>
			<item>
				<id>-1</id>
			</item>
			<item>
				<id>-1</id>
			</item>
			<item>
				<id>-1</id>
			</item>
			<item>
				<id>-1</id>
			</item>
			<item>
				<id>-1</id>
			</item>
			<item>
				<id>-1</id>
			</item>
			<item>
				<id>-1</id>
			</item>
			<item>
				<id>-1</id>
			</item>
			<item>
				<id>-1</id>
			</item>
			<item>
				<id>-1</id>
			</item>
			<item>
				<id>-1</id>
			</item>
			<item>
				<id>-1</id>
			</item>
			<item>
				<id>-1</id>
			</item>
			<item>
				<id>-1</id>
			</item>
			<item>
				<id>-1</id>
			</item>
			<item>
				<id>-1</id>
			</item>
			<item>
				<id>-1</id>
			</item>
			<item>
				<id>-1</id>
			</item>
			<item>
				<id>-1</id>
			</item>
			<item>
				<id>-1</id>
			</item>
			<item>
				<id>-1</id>
			</item>
			<item>
				<id>-1</id>
			</item>
			<item>
				<id>-1</id>
			</item>
			<item>
				<id>-1</id>
			</item>
			<item>
				<id>-1</id>
			</item>
			<item>
				<id>-1</id>
			</item>
			<item>
				<id>-1</id>
			</item>
			<item>
				<id>-1</id>
			</item>
			<item>
				<id>-1</id>
			</item>
			<item>
				<id>-1</id>
			</item>
			<item>
				<id>-1</id>
			</item>
			<item>
				<id>-1</id>
			</item>
			<item>
				<id>-1</id>
			</item>
			<item>
				<id>-1</id>
			</item>
			<item>
				<id>-1</id>
			</item>
			<item>
				<id>-1</id>
			</item>
			<item>
				<id>-1</id>
			</item>
			<item>
				<id>-1</id>
			</item>
			<item>
				<id>-1</id>
			</item>
			<item>
				<id>-1</id>
			</item>
			<item>
				<id>-1</id>
			</item>
			<item>
				<id>-1</id>
			</item>
			<item>
				<id>-1</id>
			</item>
			<item>
				<id>-1</id>
			</item>
			<item>
				<id>-1</id>
			</item>
			<item>
				<id>-1</id>
			</item>
			<item>
				<id>-1</id>
			</item>
			<item>
				<id>-1</id>
			</item>
			<item>
				<id>-1</id>
			</item>
			<item>
				<id>-1</id>
			</item>
			<item>
				<id>-1</id>
			</item>
			<item>
				<id>-1</id>
			</item>
			<item>
				<id>-1</id>
			</item>
			<item>
				<id>-1</id>
			</item>
			<item>
				<id>-1</id>
			</item>
			<item>
				<id>-1</id>
			</item>
			<item>
				<id>-1</id>
			</item>
			<item>
				<id>-1</id>
			</item>
			<item>
				<id>-1</id>
			</item>
			<item>
				<id>-1</id>
			</item>
			<item>
				<id>-1</id>
			</item>
			<item>
				<id>-1</id>
			</item>
			<item>
				<id>-1</id>
			</item>
			<item>
				<id>-1</id>
			</item>
			<item>
				<id>-1</id>
			</item>
			<item>
				<id>-1</id>
			</item>
			<item>
				<id>-1</id>
			</item>
			<item>
				<id>-1</id>
			</item>
			<item>
				<id>-1</id>
			</item>
			<item>
				<id>-1</id>
			</item>
			<item>
				<id>-1</id>
			</item>
			<item>
				<id>-1</id>
			</item>
			<item>
				<id>-1</id>
			</item>
			<item>
				<id>-1</id>
			</item>
			<item>
				<id>-1</id>
			</item>
			<item>
				<id>-1</id>
			</item>
			<item>
				<id>-1</id>
			</item>
			<item>
				<id>-1</id>
			</item>
			<item>
				<id>-1</id>
			</item>
			<item>
				<id>-1</id>
			</item>
			<item>
				<id>-1</id>
			</item>
			<item>
				<id>-1</id>
			</item>
			<item>
				<id>-1</id>
			</item>
			<item>
				<id>-1</id>
			</item>
			<item>
				<id>-1</id>
			</item>
			<item>
				<id>-1</id>
			</item>
			<item>
				<id>-1</id>
			</item>
			<item>
				<id>-1</id>
			</item>
			<item>
				<id>-1</id>
			</item>
			<item>
				<id>-1</id>
			</item>
			<item>
				<id>-1</id>
			</item>
			<item>
				<id>-1</id>
			</item>
			<item>
				<id>-1</id>
			</item>
			<item>
				<id>-1</id>
			</item>
			<item>
				<id>-1</id>
			</item>
			<item>
				<id>-1</id>
			</item>
			<item>
				<id>-1</id>
			</item>
			<item>
				<id>-1</id>
			</item>
			<item>
				<id>-1</id>
			</item>
			<item>
				<id>-1</id>
			</item>
			<item>
				<id>-1</id>
			</item>
			<item>
				<id>-1</id>
			</item>
			<item>
				<id>-1</id>
			</item>
			<item>
				<id>-1</id>
			</item>
			<item>
				<id>-1</id>
			</item>
			<item>
				<id>-1</id>
			</item>
			<item>
				<id>-1</id>
			</item>
			<item>
				<id>-1</id>
			</item>
			<item>
				<id>-1</id>
			</item>
			<item>
				<id>-1</id>
			</item>
			<item>
				<id>-1</id>
			</item>
			<item>
				<id>-1</id>
			</item>
			<item>
				<id>-1</id>
			</item>
			<item>
				<id>-1</id>
			</item>
			<item>
				<id>-1</id>
			</item>
			<item>
				<id>-1</id>
			</item>
			<item>
				<id>-1</id>
			</item>
			<item>
				<id>-1</id>
			</item>
			<item>
				<id>-1</id>
			</item>
			<item>
				<id>-1</id>
			</item>
			<item>
				<id>-1</id>
			</item>
			<item>
				<id>-1</id>
			</item>
			<item>
				<id>-1</id>
			</item>
			<item>
				<id>-1</id>
			</item>
			<item>
				<id>-1</id>
			</item>
			<item>
				<id>-1</id>
			</item>
			<item>
				<id>-1</id>
			</item>
			<item>
				<id>-1</id>
			</item>
			<item>
				<id>-1</id>
			</item>
			<item>
				<id>-1</id>
			</item>
			<item>
				<id>-1</id>
			</item>
			<item>
				<id>-1</id>
			</item>
			<item>
				<id>-1</id>
			</item>
			<item>
				<id>-1</id>
			</item>
			<item>
				<id>-1</id>
			</item>
			<item>
				<id>-1</id>
			</item>
			<item>
				<id>-1</id>
			</item>
			<item>
				<id>-1</id>
			</item>
			<item>
				<id>-1</id>
			</item>
			<item>
				<id>-1</id>
			</item>
			<item>
				<id>-1</id>
			</item>
			<item>
				<id>-1</id>
			</item>
			<item>
				<id>-1</id>
			</item>
			<item>
				<id>-1</id>
			</item>
			<item>
				<id>-1</id>
			</item>
			<item>
				<id>-1</id>
			</item>
			<item>
				<id>-1</id>
			</item>
			<item>
				<id>-1</id>
			</item>
			<item>
				<id>-1</id>
			</item>
			<item>
				<id>-1</id>
			</item>
			<item>
				<id>-1</id>
			</item>
			<item>
				<id>-1</id>
			</item>
			<item>
				<id>-1</id>
			</item>
			<item>
				<id>-1</id>
			</item>
			<item>
				<id>-1</id>
			</item>
			<item>
				<id>-1</id>
			</item>
			<item>
				<id>-1</id>
			</item>
			<item>
				<id>-1</id>
			</item>
			<item>
				<id>-1</id>
			</item>
			<item>
				<id>-1</id>
			</item>
			<item>
				<id>-1</id>
			</item>
			<item>
				<id>-1</id>
			</item>
			<item>
				<id>-1</id>
			</item>
			<item>
				<id>-1</id>
			</item>
			<item>
				<id>-1</id>
			</item>
			<item>
				<id>-1</id>
			</item>
			<item>
				<id>-1</id>
			</item>
			<item>
				<id>-1</id>
			</item>
			<item>
				<id>-1</id>
			</item>
			<item>
				<id>-1</id>
			</item>
			<item>
				<id>-1</id>
			</item>
			<item>
				<id>-1</id>
			</item>
			<item>
				<id>-1</id>
			</item>
			<item>
				<id>-1</id>
			</item>
			<item>
				<id>-1</id>
			</item>
			<item>
				<id>-1</id>
			</item>
			<item>
				<id>-1</id>
			</item>
			<item>
				<id>-1</id>
			</item>
			<item>
				<id>-1</id>
			</item>
			<item>
				<id>-1</id>
			</item>
			<item>
				<id>-1</id>
			</item>
			<item>
				<id>-1</id>
			</item>
			<item>
				<id>-1</id>
			</item>
			<item>
				<id>-1</id>
			</item>
			<item>
				<id>-1</id>
			</item>
			<item>
				<id>-1</id>
			</item>
			<item>
				<id>-1</id>
			</item>
			<item>
				<id>-1</id>
			</item>
			<item>
				<id>-1</id>
			</item>
			<item>
				<id>-1</id>
			</item>
			<item>
				<id>-1</id>
			</item>
			<item>
				<id>-1</id>
			</item>
			<item>
				<id>-1</id>
			</item>
			<item>
				<id>-1</id>
			</item>
			<item>
				<id>-1</id>
			</item>
			<item>
				<id>-1</id>
			</item>
			<item>
				<id>-1</id>
			</item>
			<item>
				<id>-1</id>
			</item>
			<item>
				<id>-1</id>
			</item>
			<item>
				<id>-1</id>
			</item>
			<item>
				<id>-1</id>
			</item>
			<item>
				<id>-1</id>
			</item>
			<item>
				<id>-1</id>
			</item>
			<item>
				<id>-1</id>
			</item>
			<item>
				<id>-1</id>
			</item>
			<item>
				<id>-1</id>
			</item>
			<item>
				<id>-1</id>
			</item>
			<item>
				<id>-1</id>
			</item>
			<item>
				<id>-1</id>
			</item>
			<item>
				<id>-1</id>
			</item>
			<item>
				<id>-1</id>
			</item>
			<item>
				<id>-1</id>
			</item>
			<item>
				<id>-1</id>
			</item>
			<item>
				<id>-1</id>
			</item>
			<item>
				<id>-1</id>
			</item>
			<item>
				<id>-1</id>
			</item>
			<item>
				<id>-1</id>
			</item>
			<item>
				<id>-1</id>
			</item>
			<item>
				<id>-1</id>
			</item>
			<item>
				<id>-1</id>
			</item>
			<item>
				<id>-1</id>
			</item>
			<item>
				<id>-1</id>
			</item>
			<item>
				<id>-1</id>
			</item>
			<item>
				<id>-1</id>
			</item>
			<item>
				<id>-1</id>
			</item>
			<item>
				<id>-1</id>
			</item>
			<item>
				<id>-1</id>
			</item>
			<item>
				<id>-1</id>
			</item>
			<item>
				<id>-1</id>
			</item>
			<item>
				<id>-1</id>
			</item>
			<item>
				<id>-1</id>
			</item>
			<item>
				<id>-1</id>
			</item>
			<item>
				<id>-1</id>
			</item>
			<item>
				<id>-1</id>
			</item>
			<item>
				<id>-1</id>
			</item>
			<item>
				<id>-1</id>
			</item>
			<item>
				<id>-1</id>
			</item>
			<item>
				<id>-1</id>
			</item>
			<item>
				<id>-1</id>
			</item>
			<item>
				<id>-1</id>
			</item>
			<item>
				<id>-1</id>
			</item>
			<item>
				<id>-1</id>
			</item>
			<item>
				<id>-1</id>
			</item>
			<item>
				<id>-1</id>
			</item>
			<item>
				<id>-1</id>
			</item>
			<item>
				<id>-1</id>
			</item>
			<item>
				<id>-1</id>
			</item>
			<item>
				<id>-1</id>
			</item>
			<item>
				<id>-1</id>
			</item>
			<item>
				<id>-1</id>
			</item>
			<item>
				<id>-1</id>
			</item>
			<item>
				<id>-1</id>
			</item>
			<item>
				<id>-1</id>
			</item>
			<item>
				<id>-1</id>
			</item>
			<item>
				<id>-1</id>
			</item>
			<item>
				<id>-1</id>
			</item>
			<item>
				<id>-1</id>
			</item>
			<item>
				<id>-1</id>
			</item>
			<item>
				<id>-1</id>
			</item>
			<item>
				<id>-1</id>
			</item>
			<item>
				<id>-1</id>
			</item>
			<item>
				<id>-1</id>
			</item>
			<item>
				<id>-1</id>
			</item>
			<item>
				<id>-1</id>
			</item>
			<item>
				<id>-1</id>
			</item>
			<item>
				<id>-1</id>
			</item>
			<item>
				<id>-1</id>
			</item>
			<item>
				<id>-1</id>
			</item>
			<item>
				<id>-1</id>
			</item>
			<item>
				<id>-1</id>
			</item>
			<item>
				<id>-1</id>
			</item>
			<item>
				<id>-1</id>
			</item>
			<item>
				<id>-1</id>
			</item>
			<item>
				<id>-1</id>
			</item>
			<item>
				<id>-1</id>
			</item>
			<item>
				<id>-1</id>
			</item>
			<item>
				<id>-1</id>
			</item>
			<item>
				<id>-1</id>
			</item>
			<item>
				<id>-1</id>
			</item>
			<item>
				<id>-1</id>
			</item>
			<item>
				<id>-1</id>
			</item>
			<item>
				<id>-1</id>
			</item>
			<item>
				<id>-1</id>
			</item>
			<item>
				<id>-1</id>
			</item>
			<item>
				<id>-1</id>
			</item>
			<item>
				<id>-1</id>
			</item>
			<item>
				<id>-1</id>
			</item>
			<item>
				<id>-1</id>
			</item>
			<item>
				<id>-1</id>
			</item>
			<item>
				<id>-1</id>
			</item>
			<item>
				<id>-1</id>
			</item>
			<item>
				<id>-1</id>
			</item>
			<item>
				<id>-1</id>
			</item>
			<item>
				<id>-1</id>
			</item>
			<item>
				<id>-1</id>
			</item>
			<item>
				<id>-1</id>
			</item>
			<item>
				<id>-1</id>
			</item>
			<item>
				<id>-1</id>
			</item>
			<item>
				<id>-1</id>
			</item>
			<item>
				<id>-1</id>
			</item>
			<item>
				<id>-1</id>
			</item>
			<item>
				<id>-1</id>
			</item>
			<item>
				<id>-1</id>
			</item>
			<item>
				<id>-1</id>
			</item>
			<item>
				<id>-1</id>
			</item>
			<item>
				<id>-1</id>
			</item>
			<item>
				<id>-1</id>
			</item>
			<item>
				<id>-1</id>
			</item>
			<item>
				<id>-1</id>
			</item>
			<item>
				<id>-1</id>
			</item>
			<item>
				<id>-1</id>
			</item>
			<item>
				<id>-1</id>
			</item>
			<item>
				<id>-1</id>
			</item>
			<item>
				<id>-1</id>
			</item>
			<item>
				<id>-1</id>
			</item>
			<item>
				<id>-1</id>
			</item>
			<item>
				<id>-1</id>
			</item>
			<item>
				<id>-1</id>
			</item>
			<item>
				<id>-1</id>
			</item>
			<item>
				<id>-1</id>
			</item>
			<item>
				<id>-1</id>
			</item>
			<item>
				<id>-1</id>
			</item>
			<item>
				<id>-1</id>
			</item>
			<item>
				<id>-1</id>
			</item>
			<item>
				<id>-1</id>
			</item>
			<item>
				<id>-1</id>
			</item>
			<item>
				<id>-1</id>
			</item>
			<item>
				<id>-1</id>
			</item>
			<item>
				<id>-1</id>
			</item>
			<item>
				<id>-1</id>
			</item>
			<item>
				<id>-1</id>
			</item>
			<item>
				<id>-1</id>
			</item>
			<item>
				<id>-1</id>
			</item>
			<item>
				<id>-1</id>
			</item>
			<item>
				<id>-1</id>
			</item>
			<item>
				<id>-1</id>
			</item>
			<item>
				<id>-1</id>
			</item>
			<item>
				<id>-1</id>
			</item>
			<item>
				<id>-1</id>
			</item>
			<item>
				<id>-1</id>
			</item>
			<item>
				<id>-1</id>
			</item>
			<item>
				<id>-1</id>
			</item>
			<item>
				<id>-1</id>
			</item>
			<item>
				<id>-1</id>
			</item>
			<item>
				<id>-1</id>
			</item>
			<item>
				<id>-1</id>
			</item>
			<item>
				<id>-1</id>
			</item>
			<item>
				<id>-1</id>
			</item>
			<item>
				<id>-1</id>
			</item>
			<item>
				<id>-1</id>
			</item>
			<item>
				<id>-1</id>
			</item>
			<item>
				<id>-1</id>
			</item>
			<item>
				<id>-1</id>
			</item>
			<item>
				<id>-1</id>
			</item>
			<item>
				<id>-1</id>
			</item>
			<item>
				<id>-1</id>
			</item>
			<item>
				<id>-1</id>
			</item>
			<item>
				<id>-1</id>
			</item>
			<item>
				<id>-1</id>
			</item>
			<item>
				<id>-1</id>
			</item>
			<item>
				<id>-1</id>
			</item>
			<item>
				<id>-1</id>
			</item>
			<item>
				<id>-1</id>
			</item>
			<item>
				<id>-1</id>
			</item>
			<item>
				<id>-1</id>
			</item>
			<item>
				<id>-1</id>
			</item>
			<item>
				<id>-1</id>
			</item>
			<item>
				<id>-1</id>
			</item>
			<item>
				<id>-1</id>
			</item>
			<item>
				<id>-1</id>
			</item>
			<item>
				<id>-1</id>
			</item>
			<item>
				<id>-1</id>
			</item>
			<item>
				<id>-1</id>
			</item>
			<item>
				<id>-1</id>
			</item>
			<item>
				<id>-1</id>
			</item>
			<item>
				<id>-1</id>
			</item>
			<item>
				<id>-1</id>
			</item>
			<item>
				<id>-1</id>
			</item>
			<item>
				<id>-1</id>
			</item>
			<item>
				<id>-1</id>
			</item>
			<item>
				<id>-1</id>
			</item>
			<item>
				<id>-1</id>
			</item>
			<item>
				<id>-1</id>
			</item>
			<item>
				<id>-1</id>
			</item>
			<item>
				<id>-1</id>
			</item>
			<item>
				<id>-1</id>
			</item>
			<item>
				<id>-1</id>
			</item>
			<item>
				<id>-1</id>
			</item>
			<item>
				<id>-1</id>
			</item>
			<item>
				<id>-1</id>
			</item>
			<item>
				<id>-1</id>
			</item>
			<item>
				<id>-1</id>
			</item>
			<item>
				<id>-1</id>
			</item>
			<item>
				<id>-1</id>
			</item>
			<item>
				<id>-1</id>
			</item>
			<item>
				<id>-1</id>
			</item>
			<item>
				<id>-1</id>
			</item>
			<item>
				<id>-1</id>
			</item>
			<item>
				<id>-1</id>
			</item>
			<item>
				<id>-1</id>
			</item>
			<item>
				<id>-1</id>
			</item>
			<item>
				<id>-1</id>
			</item>
			<item>
				<id>-1</id>
			</item>
			<item>
				<id>-1</id>
			</item>
			<item>
				<id>-1</id>
			</item>
			<item>
				<id>-1</id>
			</item>
			<item>
				<id>-1</id>
			</item>
			<item>
				<id>-1</id>
			</item>
			<item>
				<id>-1</id>
			</item>
			<item>
				<id>-1</id>
			</item>
			<item>
				<id>-1</id>
			</item>
			<item>
				<id>-1</id>
			</item>
			<item>
				<id>-1</id>
			</item>
			<item>
				<id>-1</id>
			</item>
			<item>
				<id>-1</id>
			</item>
			<item>
				<id>-1</id>
			</item>
			<item>
				<id>-1</id>
			</item>
			<item>
				<id>-1</id>
			</item>
			<item>
				<id>-1</id>
			</item>
			<item>
				<id>-1</id>
			</item>
			<item>
				<id>-1</id>
			</item>
			<item>
				<id>-1</id>
			</item>
			<item>
				<id>-1</id>
			</item>
			<item>
				<id>-1</id>
			</item>
			<item>
				<id>-1</id>
			</item>
			<item>
				<id>-1</id>
			</item>
			<item>
				<id>-1</id>
			</item>
			<item>
				<id>-1</id>
			</item>
			<item>
				<id>-1</id>
			</item>
			<item>
				<id>-1</id>
			</item>
			<item>
				<id>-1</id>
			</item>
			<item>
				<id>-1</id>
			</item>
			<item>
				<id>-1</id>
			</item>
			<item>
				<id>-1</id>
			</item>
			<item>
				<id>-1</id>
			</item>
			<item>
				<id>-1</id>
			</item>
			<item>
				<id>-1</id>
			</item>
			<item>
				<id>-1</id>
			</item>
			<item>
				<id>-1</id>
			</item>
			<item>
				<id>-1</id>
			</item>
			<item>
				<id>-1</id>
			</item>
			<item>
				<id>-1</id>
			</item>
			<item>
				<id>-1</id>
			</item>
			<item>
				<id>-1</id>
			</item>
			<item>
				<id>-1</id>
			</item>
			<item>
				<id>-1</id>
			</item>
			<item>
				<id>-1</id>
			</item>
			<item>
				<id>-1</id>
			</item>
			<item>
				<id>-1</id>
			</item>
			<item>
				<id>-1</id>
			</item>
			<item>
				<id>-1</id>
			</item>
			<item>
				<id>-1</id>
			</item>
			<item>
				<id>-1</id>
			</item>
			<item>
				<id>-1</id>
			</item>
			<item>
				<id>-1</id>
			</item>
			<item>
				<id>-1</id>
			</item>
			<item>
				<id>-1</id>
			</item>
			<item>
				<id>-1</id>
			</item>
			<item>
				<id>-1</id>
			</item>
			<item>
				<id>-1</id>
			</item>
			<item>
				<id>-1</id>
			</item>
			<item>
				<id>-1</id>
			</item>
			<item>
				<id>-1</id>
			</item>
			<item>
				<id>-1</id>
			</item>
			<item>
				<id>-1</id>
			</item>
			<item>
				<id>-1</id>
			</item>
			<item>
				<id>-1</id>
			</item>
			<item>
				<id>-1</id>
			</item>
			<item>
				<id>-1</id>
			</item>
			<item>
				<id>-1</id>
			</item>
			<item>
				<id>-1</id>
			</item>
			<item>
				<id>-1</id>
			</item>
			<item>
				<id>-1</id>
			</item>
			<item>
				<id>-1</id>
			</item>
			<item>
				<id>-1</id>
			</item>
			<item>
				<id>-1</id>
			</item>
			<item>
				<id>-1</id>
			</item>
			<item>
				<id>-1</id>
			</item>
			<item>
				<id>-1</id>
			</item>
			<item>
				<id>-1</id>
			</item>
			<item>
				<id>-1</id>
			</item>
			<item>
				<id>-1</id>
			</item>
			<item>
				<id>-1</id>
			</item>
			<item>
				<id>-1</id>
			</item>
			<item>
				<id>-1</id>
			</item>
			<item>
				<id>-1</id>
			</item>
			<item>
				<id>-1</id>
			</item>
			<item>
				<id>-1</id>
			</item>
			<item>
				<id>-1</id>
			</item>
			<item>
				<id>-1</id>
			</item>
			<item>
				<id>-1</id>
			</item>
			<item>
				<id>-1</id>
			</item>
			<item>
				<id>-1</id>
			</item>
			<item>
				<id>-1</id>
			</item>
			<item>
				<id>-1</id>
			</item>
			<item>
				<id>-1</id>
			</item>
			<item>
				<id>-1</id>
			</item>
			<item>
				<id>-1</id>
			</item>
			<item>
				<id>-1</id>
			</item>
			<item>
				<id>-1</id>
			</item>
			<item>
				<id>-1</id>
			</item>
			<item>
				<id>-1</id>
			</item>
			<item>
				<id>-1</id>
			</item>
			<item>
				<id>-1</id>
			</item>
			<item>
				<id>-1</id>
			</item>
			<item>
				<id>-1</id>
			</item>
			<item>
				<id>-1</id>
			</item>
			<item>
				<id>-1</id>
			</item>
			<item>
				<id>-1</id>
			</item>
			<item>
				<id>-1</id>
			</item>
			<item>
				<id>-1</id>
			</item>
			<item>
				<id>-1</id>
			</item>
			<item>
				<id>-1</id>
			</item>
			<item>
				<id>-1</id>
			</item>
			<item>
				<id>-1</id>
			</item>
			<item>
				<id>-1</id>
			</item>
			<item>
				<id>-1</id>
			</item>
			<item>
				<id>-1</id>
			</item>
			<item>
				<id>-1</id>
			</item>
			<item>
				<id>-1</id>
			</item>
			<item>
				<id>-1</id>
			</item>
			<item>
				<id>-1</id>
			</item>
			<item>
				<id>-1</id>
			</item>
			<item>
				<id>-1</id>
			</item>
			<item>
				<id>-1</id>
			</item>
			<item>
				<id>-1</id>
			</item>
			<item>
				<id>-1</id>
			</item>
			<item>
				<id>-1</id>
			</item>
			<item>
				<id>-1</id>
			</item>
			<item>
				<id>-1</id>
			</item>
			<item>
				<id>-1</id>
			</item>
			<item>
				<id>-1</id>
			</item>
			<item>
				<id>-1</id>
			</item>
			<item>
				<id>-1</id>
			</item>
			<item>
				<id>-1</id>
			</item>
			<item>
				<id>-1</id>
			</item>
			<item>
				<id>-1</id>
			</item>
			<item>
				<id>-1</id>
			</item>
			<item>
				<id>-1</id>
			</item>
			<item>
				<id>-1</id>
			</item>
			<item>
				<id>-1</id>
			</item>
			<item>
				<id>-1</id>
			</item>
			<item>
				<id>-1</id>
			</item>
			<item>
				<id>-1</id>
			</item>
			<item>
				<id>-1</id>
			</item>
			<item>
				<id>-1</id>
			</item>
			<item>
				<id>-1</id>
			</item>
			<item>
				<id>-1</id>
			</item>
			<item>
				<id>-1</id>
			</item>
			<item>
				<id>-1</id>
			</item>
			<item>
				<id>-1</id>
			</item>
			<item>
				<id>-1</id>
			</item>
			<item>
				<id>-1</id>
			</item>
			<item>
				<id>-1</id>
			</item>
			<item>
				<id>-1</id>
			</item>
			<item>
				<id>-1</id>
			</item>
			<item>
				<id>-1</id>
			</item>
			<item>
				<id>-1</id>
			</item>
			<item>
				<id>-1</id>
			</item>
			<item>
				<id>-1</id>
			</item>
			<item>
				<id>-1</id>
			</item>
			<item>
				<id>-1</id>
			</item>
			<item>
				<id>-1</id>
			</item>
			<item>
				<id>-1</id>
			</item>
			<item>
				<id>-1</id>
			</item>
			<item>
				<id>-1</id>
			</item>
			<item>
				<id>-1</id>
			</item>
			<item>
				<id>-1</id>
			</item>
			<item>
				<id>-1</id>
			</item>
			<item>
				<id>-1</id>
			</item>
			<item>
				<id>-1</id>
			</item>
			<item>
				<id>-1</id>
			</item>
			<item>
				<id>-1</id>
			</item>
			<item>
				<id>-1</id>
			</item>
			<item>
				<id>-1</id>
			</item>
			<item>
				<id>-1</id>
			</item>
			<item>
				<id>-1</id>
			</item>
			<item>
				<id>-1</id>
			</item>
			<item>
				<id>-1</id>
			</item>
			<item>
				<id>-1</id>
			</item>
			<item>
				<id>-1</id>
			</item>
			<item>
				<id>-1</id>
			</item>
			<item>
				<id>-1</id>
			</item>
			<item>
				<id>-1</id>
			</item>
			<item>
				<id>-1</id>
			</item>
			<item>
				<id>-1</id>
			</item>
			<item>
				<id>-1</id>
			</item>
			<item>
				<id>-1</id>
			</item>
			<item>
				<id>-1</id>
			</item>
			<item>
				<id>-1</id>
			</item>
			<item>
				<id>-1</id>
			</item>
			<item>
				<id>-1</id>
			</item>
			<item>
				<id>-1</id>
			</item>
			<item>
				<id>-1</id>
			</item>
			<item>
				<id>-1</id>
			</item>
			<item>
				<id>-1</id>
			</item>
			<item>
				<id>-1</id>
			</item>
			<item>
				<id>-1</id>
			</item>
			<item>
				<id>-1</id>
			</item>
			<item>
				<id>-1</id>
			</item>
			<item>
				<id>-1</id>
			</item>
			<item>
				<id>-1</id>
			</item>
			<item>
				<id>-1</id>
			</item>
			<item>
				<id>-1</id>
			</item>
			<item>
				<id>-1</id>
			</item>
			<item>
				<id>-1</id>
			</item>
			<item>
				<id>-1</id>
			</item>
			<item>
				<id>-1</id>
			</item>
			<item>
				<id>-1</id>
			</item>
			<item>
				<id>-1</id>
			</item>
			<item>
				<id>-1</id>
			</item>
			<item>
				<id>-1</id>
			</item>
			<item>
				<id>-1</id>
			</item>
			<item>
				<id>-1</id>
			</item>
			<item>
				<id>-1</id>
			</item>
			<item>
				<id>-1</id>
			</item>
			<item>
				<id>-1</id>
			</item>
			<item>
				<id>-1</id>
			</item>
			<item>
				<id>-1</id>
			</item>
			<item>
				<id>-1</id>
			</item>
			<item>
				<id>-1</id>
			</item>
			<item>
				<id>-1</id>
			</item>
			<item>
				<id>-1</id>
			</item>
			<item>
				<id>-1</id>
			</item>
			<item>
				<id>-1</id>
			</item>
			<item>
				<id>-1</id>
			</item>
			<item>
				<id>-1</id>
			</item>
			<item>
				<id>-1</id>
			</item>
			<item>
				<id>-1</id>
			</item>
			<item>
				<id>-1</id>
			</item>
			<item>
				<id>-1</id>
			</item>
			<item>
				<id>-1</id>
			</item>
			<item>
				<id>-1</id>
			</item>
			<item>
				<id>-1</id>
			</item>
			<item>
				<id>-1</id>
			</item>
			<item>
				<id>-1</id>
			</item>
			<item>
				<id>-1</id>
			</item>
			<item>
				<id>-1</id>
			</item>
			<item>
				<id>-1</id>
			</item>
			<item>
				<id>-1</id>
			</item>
			<item>
				<id>-1</id>
			</item>
			<item>
				<id>-1</id>
			</item>
			<item>
				<id>-1</id>
			</item>
			<item>
				<id>-1</id>
			</item>
			<item>
				<id>-1</id>
			</item>
			<item>
				<id>-1</id>
			</item>
			<item>
				<id>-1</id>
			</item>
			<item>
				<id>-1</id>
			</item>
			<item>
				<id>-1</id>
			</item>
			<item>
				<id>-1</id>
			</item>
			<item>
				<id>-1</id>
			</item>
			<item>
				<id>-1</id>
			</item>
			<item>
				<id>-1</id>
			</item>
			<item>
				<id>-1</id>
			</item>
			<item>
				<id>-1</id>
			</item>
			<item>
				<id>-1</id>
			</item>
			<item>
				<id>-1</id>
			</item>
			<item>
				<id>-1</id>
			</item>
			<item>
				<id>-1</id>
			</item>
			<item>
				<id>-1</id>
			</item>
			<item>
				<id>-1</id>
			</item>
			<item>
				<id>-1</id>
			</item>
			<item>
				<id>-1</id>
			</item>
			<item>
				<id>-1</id>
			</item>
			<item>
				<id>-1</id>
			</item>
			<item>
				<id>-1</id>
			</item>
			<item>
				<id>-1</id>
			</item>
			<item>
				<id>-1</id>
			</item>
			<item>
				<id>-1</id>
			</item>
			<item>
				<id>-1</id>
			</item>
			<item>
				<id>-1</id>
			</item>
			<item>
				<id>-1</id>
			</item>
			<item>
				<id>-1</id>
			</item>
			<item>
				<id>-1</id>
			</item>
			<item>
				<id>-1</id>
			</item>
			<item>
				<id>-1</id>
			</item>
			<item>
				<id>-1</id>
			</item>
			<item>
				<id>-1</id>
			</item>
			<item>
				<id>-1</id>
			</item>
			<item>
				<id>-1</id>
			</item>
			<item>
				<id>-1</id>
			</item>
			<item>
				<id>-1</id>
			</item>
			<item>
				<id>-1</id>
			</item>
			<item>
				<id>-1</id>
			</item>
			<item>
				<id>-1</id>
			</item>
			<item>
				<id>-1</id>
			</item>
			<item>
				<id>-1</id>
			</item>
			<item>
				<id>-1</id>
			</item>
			<item>
				<id>-1</id>
			</item>
			<item>
				<id>-1</id>
			</item>
			<item>
				<id>-1</id>
			</item>
			<item>
				<id>-1</id>
			</item>
			<item>
				<id>-1</id>
			</item>
			<item>
				<id>-1</id>
			</item>
			<item>
				<id>-1</id>
			</item>
			<item>
				<id>-1</id>
			</item>
			<item>
				<id>-1</id>
			</item>
			<item>
				<id>-1</id>
			</item>
			<item>
				<id>-1</id>
			</item>
			<item>
				<id>-1</id>
			</item>
			<item>
				<id>-1</id>
			</item>
			<item>
				<id>-1</id>
			</item>
			<item>
				<id>-1</id>
			</item>
			<item>
				<id>-1</id>
			</item>
			<item>
				<id>-1</id>
			</item>
			<item>
				<id>-1</id>
			</item>
			<item>
				<id>-1</id>
			</item>
			<item>
				<id>-1</id>
			</item>
			<item>
				<id>-1</id>
			</item>
			<item>
				<id>-1</id>
			</item>
			<item>
				<id>-1</id>
			</item>
			<item>
				<id>-1</id>
			</item>
			<item>
				<id>-1</id>
			</item>
			<item>
				<id>-1</id>
			</item>
			<item>
				<id>-1</id>
			</item>
			<item>
				<id>-1</id>
			</item>
			<item>
				<id>-1</id>
			</item>
			<item>
				<id>-1</id>
			</item>
			<item>
				<id>-1</id>
			</item>
			<item>
				<id>-1</id>
			</item>
			<item>
				<id>-1</id>
			</item>
			<item>
				<id>-1</id>
			</item>
			<item>
				<id>-1</id>
			</item>
			<item>
				<id>-1</id>
			</item>
			<item>
				<id>-1</id>
			</item>
			<item>
				<id>-1</id>
			</item>
			<item>
				<id>-1</id>
			</item>
			<item>
				<id>-1</id>
			</item>
			<item>
				<id>-1</id>
			</item>
			<item>
				<id>-1</id>
			</item>
			<item>
				<id>-1</id>
			</item>
			<item>
				<id>-1</id>
			</item>
			<item>
				<id>-1</id>
			</item>
			<item>
				<id>-1</id>
			</item>
			<item>
				<id>-1</id>
			</item>
			<item>
				<id>-1</id>
			</item>
			<item>
				<id>-1</id>
			</item>
			<item>
				<id>-1</id>
			</item>
			<item>
				<id>-1</id>
			</item>
			<item>
				<id>-1</id>
			</item>
			<item>
				<id>-1</id>
			</item>
			<item>
				<id>-1</id>
			</item>
			<item>
				<id>-1</id>
			</item>
			<item>
				<id>-1</id>
			</item>
			<item>
				<id>-1</id>
			</item>
			<item>
				<id>-1</id>
			</item>
			<item>
				<id>-1</id>
			</item>
			<item>
				<id>-1</id>
			</item>
			<item>
				<id>-1</id>
			</item>
			<item>
				<id>-1</id>
			</item>
			<item>
				<id>-1</id>
			</item>
			<item>
				<id>-1</id>
			</item>
			<item>
				<id>-1</id>
			</item>
			<item>
				<id>-1</id>
			</item>
			<item>
				<id>-1</id>
			</item>
			<item>
				<id>-1</id>
			</item>
			<item>
				<id>-1</id>
			</item>
			<item>
				<id>-1</id>
			</item>
			<item>
				<id>-1</id>
			</item>
			<item>
				<id>-1</id>
			</item>
			<item>
				<id>-1</id>
			</item>
			<item>
				<id>-1</id>
			</item>
			<item>
				<id>-1</id>
			</item>
			<item>
				<id>-1</id>
			</item>
			<item>
				<id>-1</id>
			</item>
			<item>
				<id>-1</id>
			</item>
			<item>
				<id>-1</id>
			</item>
			<item>
				<id>-1</id>
			</item>
			<item>
				<id>-1</id>
			</item>
			<item>
				<id>-1</id>
			</item>
			<item>
				<id>-1</id>
			</item>
			<item>
				<id>-1</id>
			</item>
			<item>
				<id>-1</id>
			</item>
			<item>
				<id>-1</id>
			</item>
			<item>
				<id>-1</id>
			</item>
			<item>
				<id>-1</id>
			</item>
			<item>
				<id>-1</id>
			</item>
			<item>
				<id>-1</id>
			</item>
			<item>
				<id>-1</id>
			</item>
			<item>
				<id>-1</id>
			</item>
			<item>
				<id>-1</id>
			</item>
			<item>
				<id>-1</id>
			</item>
			<item>
				<id>-1</id>
			</item>
			<item>
				<id>-1</id>
			</item>
			<item>
				<id>-1</id>
			</item>
			<item>
				<id>-1</id>
			</item>
			<item>
				<id>-1</id>
			</item>
			<item>
				<id>-1</id>
			</item>
			<item>
				<id>-1</id>
			</item>
			<item>
				<id>-1</id>
			</item>
			<item>
				<id>-1</id>
			</item>
			<item>
				<id>-1</id>
			</item>
			<item>
				<id>-1</id>
			</item>
			<item>
				<id>-1</id>
			</item>
			<item>
				<id>-1</id>
			</item>
			<item>
				<id>-1</id>
			</item>
			<item>
				<id>-1</id>
			</item>
			<item>
				<id>-1</id>
			</item>
			<item>
				<id>-1</id>
			</item>
			<item>
				<id>-1</id>
			</item>
			<item>
				<id>-1</id>
			</item>
			<item>
				<id>-1</id>
			</item>
			<item>
				<id>-1</id>
			</item>
			<item>
				<id>-1</id>
			</item>
			<item>
				<id>-1</id>
			</item>
			<item>
				<id>-1</id>
			</item>
			<item>
				<id>-1</id>
			</item>
			<item>
				<id>-1</id>
			</item>
			<item>
				<id>-1</id>
			</item>
			<item>
				<id>-1</id>
			</item>
			<item>
				<id>-1</id>
			</item>
			<item>
				<id>-1</id>
			</item>
			<item>
				<id>-1</id>
			</item>
			<item>
				<id>-1</id>
			</item>
			<item>
				<id>-1</id>
			</item>
			<item>
				<id>-1</id>
			</item>
			<item>
				<id>-1</id>
			</item>
			<item>
				<id>-1</id>
			</item>
			<item>
				<id>-1</id>
			</item>
			<item>
				<id>-1</id>
			</item>
			<item>
				<id>-1</id>
			</item>
			<item>
				<id>-1</id>
			</item>
			<item>
				<id>-1</id>
			</item>
			<item>
				<id>-1</id>
			</item>
			<item>
				<id>-1</id>
			</item>
			<item>
				<id>-1</id>
			</item>
			<item>
				<id>-1</id>
			</item>
			<item>
				<id>-1</id>
			</item>
			<item>
				<id>-1</id>
			</item>
			<item>
				<id>-1</id>
			</item>
			<item>
				<id>-1</id>
			</item>
			<item>
				<id>-1</id>
			</item>
			<item>
				<id>-1</id>
			</item>
			<item>
				<id>-1</id>
			</item>
			<item>
				<id>-1</id>
			</item>
			<item>
				<id>-1</id>
			</item>
			<item>
				<id>-1</id>
			</item>
			<item>
				<id>-1</id>
			</item>
			<item>
				<id>-1</id>
			</item>
			<item>
				<id>-1</id>
			</item>
			<item>
				<id>-1</id>
			</item>
			<item>
				<id>-1</id>
			</item>
			<item>
				<id>-1</id>
			</item>
			<item>
				<id>-1</id>
			</item>
			<item>
				<id>-1</id>
			</item>
			<item>
				<id>-1</id>
			</item>
			<item>
				<id>-1</id>
			</item>
			<item>
				<id>-1</id>
			</item>
			<item>
				<id>-1</id>
			</item>
			<item>
				<id>-1</id>
			</item>
			<item>
				<id>-1</id>
			</item>
			<item>
				<id>-1</id>
			</item>
			<item>
				<id>-1</id>
			</item>
			<item>
				<id>-1</id>
			</item>
			<item>
				<id>-1</id>
			</item>
			<item>
				<id>-1</id>
			</item>
			<item>
				<id>-1</id>
			</item>
			<item>
				<id>-1</id>
			</item>
			<item>
				<id>-1</id>
			</item>
			<item>
				<id>-1</id>
			</item>
			<item>
				<id>-1</id>
			</item>
			<item>
				<id>-1</id>
			</item>
			<item>
				<id>-1</id>
			</item>
			<item>
				<id>-1</id>
			</item>
			<item>
				<id>-1</id>
			</item>
			<item>
				<id>-1</id>
			</item>
			<item>
				<id>-1</id>
			</item>
			<item>
				<id>-1</id>
			</item>
			<item>
				<id>-1</id>
			</item>
			<item>
				<id>-1</id>
			</item>
			<item>
				<id>-1</id>
			</item>
			<item>
				<id>-1</id>
			</item>
			<item>
				<id>-1</id>
			</item>
			<item>
				<id>-1</id>
			</item>
			<item>
				<id>-1</id>
			</item>
			<item>
				<id>-1</id>
			</item>
			<item>
				<id>-1</id>
			</item>
			<item>
				<id>-1</id>
			</item>
			<item>
				<id>-1</id>
			</item>
			<item>
				<id>-1</id>
			</item>
			<item>
				<id>-1</id>
			</item>
			<item>
				<id>-1</id>
			</item>
			<item>
				<id>-1</id>
			</item>
			<item>
				<id>-1</id>
			</item>
			<item>
				<id>-1</id>
			</item>
			<item>
				<id>-1</id>
			</item>
			<item>
				<id>-1</id>
			</item>
			<item>
				<id>-1</id>
			</item>
			<item>
				<id>-1</id>
			</item>
			<item>
				<id>-1</id>
			</item>
			<item>
				<id>-1</id>
			</item>
			<item>
				<id>-1</id>
			</item>
			<item>
				<id>-1</id>
			</item>
			<item>
				<id>-1</id>
			</item>
			<item>
				<id>-1</id>
			</item>
			<item>
				<id>-1</id>
			</item>
			<item>
				<id>-1</id>
			</item>
			<item>
				<id>-1</id>
			</item>
			<item>
				<id>-1</id>
			</item>
			<item>
				<id>-1</id>
			</item>
			<item>
				<id>-1</id>
			</item>
			<item>
				<id>-1</id>
			</item>
			<item>
				<id>-1</id>
			</item>
			<item>
				<id>-1</id>
			</item>
			<item>
				<id>-1</id>
			</item>
			<item>
				<id>-1</id>
			</item>
			<item>
				<id>-1</id>
			</item>
			<item>
				<id>-1</id>
			</item>
			<item>
				<id>-1</id>
			</item>
			<item>
				<id>-1</id>
			</item>
			<item>
				<id>-1</id>
			</item>
			<item>
				<id>-1</id>
			</item>
			<item>
				<id>-1</id>
			</item>
			<item>
				<id>-1</id>
			</item>
			<item>
				<id>-1</id>
			</item>
			<item>
				<id>-1</id>
			</item>
			<item>
				<id>-1</id>
			</item>
			<item>
				<id>-1</id>
			</item>
			<item>
				<id>-1</id>
			</item>
			<item>
				<id>-1</id>
			</item>
			<item>
				<id>-1</id>
			</item>
			<item>
				<id>-1</id>
			</item>
			<item>
				<id>-1</id>
			</item>
			<item>
				<id>-1</id>
			</item>
			<item>
				<id>-1</id>
			</item>
			<item>
				<id>-1</id>
			</item>
			<item>
				<id>-1</id>
			</item>
			<item>
				<id>-1</id>
			</item>
			<item>
				<id>-1</id>
			</item>
			<item>
				<id>-1</id>
			</item>
			<item>
				<id>-1</id>
			</item>
			<item>
				<id>-1</id>
			</item>
			<item>
				<id>-1</id>
			</item>
			<item>
				<id>-1</id>
			</item>
			<item>
				<id>-1</id>
			</item>
			<item>
				<id>-1</id>
			</item>
			<item>
				<id>-1</id>
			</item>
			<item>
				<id>-1</id>
			</item>
			<item>
				<id>-1</id>
			</item>
			<item>
				<id>-1</id>
			</item>
			<item>
				<id>-1</id>
			</item>
			<item>
				<id>-1</id>
			</item>
			<item>
				<id>-1</id>
			</item>
			<item>
				<id>-1</id>
			</item>
			<item>
				<id>-1</id>
			</item>
			<item>
				<id>-1</id>
			</item>
			<item>
				<id>-1</id>
			</item>
			<item>
				<id>-1</id>
			</item>
			<item>
				<id>-1</id>
			</item>
			<item>
				<id>-1</id>
			</item>
			<item>
				<id>-1</id>
			</item>
			<item>
				<id>-1</id>
			</item>
			<item>
				<id>-1</id>
			</item>
			<item>
				<id>-1</id>
			</item>
			<item>
				<id>-1</id>
			</item>
			<item>
				<id>-1</id>
			</item>
			<item>
				<id>-1</id>
			</item>
			<item>
				<id>-1</id>
			</item>
			<item>
				<id>-1</id>
			</item>
			<item>
				<id>-1</id>
			</item>
			<item>
				<id>-1</id>
			</item>
			<item>
				<id>-1</id>
			</item>
			<item>
				<id>-1</id>
			</item>
			<item>
				<id>-1</id>
			</item>
			<item>
				<id>-1</id>
			</item>
			<item>
				<id>-1</id>
			</item>
			<item>
				<id>-1</id>
			</item>
			<item>
				<id>-1</id>
			</item>
			<item>
				<id>-1</id>
			</item>
			<item>
				<id>-1</id>
			</item>
			<item>
				<id>-1</id>
			</item>
			<item>
				<id>-1</id>
			</item>
			<item>
				<id>-1</id>
			</item>
			<item>
				<id>-1</id>
			</item>
			<item>
				<id>-1</id>
			</item>
			<item>
				<id>-1</id>
			</item>
			<item>
				<id>-1</id>
			</item>
			<item>
				<id>-1</id>
			</item>
			<item>
				<id>-1</id>
			</item>
			<item>
				<id>-1</id>
			</item>
			<item>
				<id>-1</id>
			</item>
			<item>
				<id>-1</id>
			</item>
			<item>
				<id>-1</id>
			</item>
			<item>
				<id>-1</id>
			</item>
			<item>
				<id>-1</id>
			</item>
			<item>
				<id>-1</id>
			</item>
			<item>
				<id>-1</id>
			</item>
			<item>
				<id>-1</id>
			</item>
			<item>
				<id>-1</id>
			</item>
			<item>
				<id>-1</id>
			</item>
			<item>
				<id>-1</id>
			</item>
			<item>
				<id>-1</id>
			</item>
			<item>
				<id>-1</id>
			</item>
			<item>
				<id>-1</id>
			</item>
			<item>
				<id>-1</id>
			</item>
			<item>
				<id>-1</id>
			</item>
			<item>
				<id>-1</id>
			</item>
			<item>
				<id>-1</id>
			</item>
			<item>
				<id>-1</id>
			</item>
			<item>
				<id>-1</id>
			</item>
			<item>
				<id>-1</id>
			</item>
			<item>
				<id>-1</id>
			</item>
			<item>
				<id>-1</id>
			</item>
			<item>
				<id>-1</id>
			</item>
			<item>
				<id>-1</id>
			</item>
			<item>
				<id>-1</id>
			</item>
			<item>
				<id>-1</id>
			</item>
			<item>
				<id>-1</id>
			</item>
			<item>
				<id>-1</id>
			</item>
			<item>
				<id>-1</id>
			</item>
			<item>
				<id>-1</id>
			</item>
			<item>
				<id>-1</id>
			</item>
			<item>
				<id>-1</id>
			</item>
			<item>
				<id>-1</id>
			</item>
			<item>
				<id>-1</id>
			</item>
			<item>
				<id>-1</id>
			</item>
			<item>
				<id>-1</id>
			</item>
			<item>
				<id>-1</id>
			</item>
			<item>
				<id>-1</id>
			</item>
			<item>
				<id>-1</id>
			</item>
			<item>
				<id>-1</id>
			</item>
			<item>
				<id>-1</id>
			</item>
			<item>
				<id>-1</id>
			</item>
			<item>
				<id>-1</id>
			</item>
			<item>
				<id>-1</id>
			</item>
			<item>
				<id>-1</id>
			</item>
			<item>
				<id>-1</id>
			</item>
			<item>
				<id>-1</id>
			</item>
			<item>
				<id>-1</id>
			</item>
			<item>
				<id>-1</id>
			</item>
			<item>
				<id>-1</id>
			</item>
			<item>
				<id>-1</id>
			</item>
			<item>
				<id>-1</id>
			</item>
			<item>
				<id>-1</id>
			</item>
			<item>
				<id>-1</id>
			</item>
			<item>
				<id>-1</id>
			</item>
			<item>
				<id>-1</id>
			</item>
			<item>
				<id>-1</id>
			</item>
			<item>
				<id>-1</id>
			</item>
			<item>
				<id>-1</id>
			</item>
			<item>
				<id>-1</id>
			</item>
			<item>
				<id>-1</id>
			</item>
			<item>
				<id>-1</id>
			</item>
			<item>
				<id>-1</id>
			</item>
			<item>
				<id>-1</id>
			</item>
			<item>
				<id>-1</id>
			</item>
			<item>
				<id>-1</id>
			</item>
			<item>
				<id>-1</id>
			</item>
			<item>
				<id>-1</id>
			</item>
			<item>
				<id>-1</id>
			</item>
			<item>
				<id>-1</id>
			</item>
			<item>
				<id>-1</id>
			</item>
			<item>
				<id>-1</id>
			</item>
			<item>
				<id>-1</id>
			</item>
			<item>
				<id>-1</id>
			</item>
			<item>
				<id>-1</id>
			</item>
			<item>
				<id>-1</id>
			</item>
			<item>
				<id>-1</id>
			</item>
			<item>
				<id>-1</id>
			</item>
			<item>
				<id>-1</id>
			</item>
			<item>
				<id>-1</id>
			</item>
			<item>
				<id>-1</id>
			</item>
			<item>
				<id>-1</id>
			</item>
			<item>
				<id>-1</id>
			</item>
			<item>
				<id>-1</id>
			</item>
			<item>
				<id>-1</id>
			</item>
			<item>
				<id>-1</id>
			</item>
			<item>
				<id>-1</id>
			</item>
			<item>
				<id>-1</id>
			</item>
			<item>
				<id>-1</id>
			</item>
			<item>
				<id>-1</id>
			</item>
			<item>
				<id>-1</id>
			</item>
			<item>
				<id>-1</id>
			</item>
			<item>
				<id>-1</id>
			</item>
			<item>
				<id>-1</id>
			</item>
			<item>
				<id>-1</id>
			</item>
			<item>
				<id>-1</id>
			</item>
			<item>
				<id>-1</id>
			</item>
			<item>
				<id>-1</id>
			</item>
			<item>
				<id>-1</id>
			</item>
			<item>
				<id>-1</id>
			</item>
			<item>
				<id>-1</id>
			</item>
			<item>
				<id>-1</id>
			</item>
			<item>
				<id>-1</id>
			</item>
			<item>
				<id>-1</id>
			</item>
			<item>
				<id>-1</id>
			</item>
			<item>
				<id>-1</id>
			</item>
			<item>
				<id>-1</id>
			</item>
			<item>
				<id>-1</id>
			</item>
			<item>
				<id>-1</id>
			</item>
			<item>
				<id>-1</id>
			</item>
			<item>
				<id>-1</id>
			</item>
			<item>
				<id>-1</id>
			</item>
			<item>
				<id>-1</id>
			</item>
			<item>
				<id>-1</id>
			</item>
			<item>
				<id>-1</id>
			</item>
			<item>
				<id>-1</id>
			</item>
			<item>
				<id>-1</id>
			</item>
			<item>
				<id>-1</id>
			</item>
			<item>
				<id>-1</id>
			</item>
			<item>
				<id>-1</id>
			</item>
			<item>
				<id>-1</id>
			</item>
			<item>
				<id>-1</id>
			</item>
			<item>
				<id>-1</id>
			</item>
			<item>
				<id>-1</id>
			</item>
			<item>
				<id>-1</id>
			</item>
			<item>
				<id>-1</id>
			</item>
			<item>
				<id>-1</id>
			</item>
			<item>
				<id>-1</id>
			</item>
			<item>
				<id>-1</id>
			</item>
			<item>
				<id>-1</id>
			</item>
			<item>
				<id>-1</id>
			</item>
			<item>
				<id>-1</id>
			</item>
			<item>
				<id>-1</id>
			</item>
			<item>
				<id>-1</id>
			</item>
			<item>
				<id>-1</id>
			</item>
			<item>
				<id>-1</id>
			</item>
			<item>
				<id>-1</id>
			</item>
			<item>
				<id>-1</id>
			</item>
			<item>
				<id>-1</id>
			</item>
			<item>
				<id>-1</id>
			</item>
			<item>
				<id>-1</id>
			</item>
			<item>
				<id>-1</id>
			</item>
			<item>
				<id>-1</id>
			</item>
			<item>
				<id>-1</id>
			</item>
			<item>
				<id>-1</id>
			</item>
			<item>
				<id>-1</id>
			</item>
			<item>
				<id>-1</id>
			</item>
			<item>
				<id>-1</id>
			</item>
			<item>
				<id>-1</id>
			</item>
			<item>
				<id>-1</id>
			</item>
			<item>
				<id>-1</id>
			</item>
			<item>
				<id>-1</id>
			</item>
			<item>
				<id>-1</id>
			</item>
			<item>
				<id>-1</id>
			</item>
			<item>
				<id>-1</id>
			</item>
			<item>
				<id>-1</id>
			</item>
			<item>
				<id>-1</id>
			</item>
			<item>
				<id>-1</id>
			</item>
			<item>
				<id>-1</id>
			</item>
			<item>
				<id>-1</id>
			</item>
			<item>
				<id>-1</id>
			</item>
			<item>
				<id>-1</id>
			</item>
			<item>
				<id>-1</id>
			</item>
			<item>
				<id>-1</id>
			</item>
			<item>
				<id>-1</id>
			</item>
			<item>
				<id>-1</id>
			</item>
			<item>
				<id>-1</id>
			</item>
			<item>
				<id>-1</id>
			</item>
			<item>
				<id>-1</id>
			</item>
			<item>
				<id>-1</id>
			</item>
			<item>
				<id>-1</id>
			</item>
			<item>
				<id>-1</id>
			</item>
			<item>
				<id>-1</id>
			</item>
			<item>
				<id>-1</id>
			</item>
			<item>
				<id>-1</id>
			</item>
			<item>
				<id>-1</id>
			</item>
			<item>
				<id>-1</id>
			</item>
			<item>
				<id>-1</id>
			</item>
			<item>
				<id>-1</id>
			</item>
			<item>
				<id>-1</id>
			</item>
			<item>
				<id>-1</id>
			</item>
			<item>
				<id>-1</id>
			</item>
			<item>
				<id>-1</id>
			</item>
			<item>
				<id>-1</id>
			</item>
			<item>
				<id>-1</id>
			</item>
			<item>
				<id>-1</id>
			</item>
			<item>
				<id>-1</id>
			</item>
			<item>
				<id>-1</id>
			</item>
			<item>
				<id>-1</id>
			</item>
			<item>
				<id>-1</id>
			</item>
			<item>
				<id>-1</id>
			</item>
			<item>
				<id>-1</id>
			</item>
			<item>
				<id>-1</id>
			</item>
			<item>
				<id>-1</id>
			</item>
			<item>
				<id>-1</id>
			</item>
			<item>
				<id>-1</id>
			</item>
			<item>
				<id>-1</id>
			</item>
			<item>
				<id>-1</id>
			</item>
			<item>
				<id>-1</id>
			</item>
			<item>
				<id>-1</id>
			</item>
			<item>
				<id>-1</id>
			</item>
			<item>
				<id>-1</id>
			</item>
			<item>
				<id>-1</id>
			</item>
			<item>
				<id>-1</id>
			</item>
			<item>
				<id>-1</id>
			</item>
			<item>
				<id>-1</id>
			</item>
			<item>
				<id>-1</id>
			</item>
			<item>
				<id>-1</id>
			</item>
			<item>
				<id>-1</id>
			</item>
			<item>
				<id>-1</id>
			</item>
			<item>
				<id>-1</id>
			</item>
			<item>
				<id>-1</id>
			</item>
			<item>
				<id>-1</id>
			</item>
			<item>
				<id>-1</id>
			</item>
			<item>
				<id>-1</id>
			</item>
			<item>
				<id>-1</id>
			</item>
			<item>
				<id>-1</id>
			</item>
			<item>
				<id>-1</id>
			</item>
			<item>
				<id>-1</id>
			</item>
			<item>
				<id>-1</id>
			</item>
			<item>
				<id>-1</id>
			</item>
			<item>
				<id>-1</id>
			</item>
			<item>
				<id>-1</id>
			</item>
			<item>
				<id>-1</id>
			</item>
			<item>
				<id>-1</id>
			</item>
			<item>
				<id>-1</id>
			</item>
			<item>
				<id>-1</id>
			</item>
			<item>
				<id>-1</id>
			</item>
			<item>
				<id>-1</id>
			</item>
			<item>
				<id>-1</id>
			</item>
			<item>
				<id>-1</id>
			</item>
			<item>
				<id>-1</id>
			</item>
			<item>
				<id>-1</id>
			</item>
			<item>
				<id>-1</id>
			</item>
			<item>
				<id>-1</id>
			</item>
			<item>
				<id>-1</id>
			</item>
			<item>
				<id>-1</id>
			</item>
			<item>
				<id>-1</id>
			</item>
			<item>
				<id>-1</id>
			</item>
			<item>
				<id>-1</id>
			</item>
			<item>
				<id>-1</id>
			</item>
			<item>
				<id>-1</id>
			</item>
			<item>
				<id>-1</id>
			</item>
			<item>
				<id>-1</id>
			</item>
			<item>
				<id>-1</id>
			</item>
			<item>
				<id>-1</id>
			</item>
			<item>
				<id>-1</id>
			</item>
			<item>
				<id>-1</id>
			</item>
			<item>
				<id>-1</id>
			</item>
			<item>
				<id>-1</id>
			</item>
			<item>
				<id>-1</id>
			</item>
			<item>
				<id>-1</id>
			</item>
			<item>
				<id>-1</id>
			</item>
			<item>
				<id>-1</id>
			</item>
			<item>
				<id>-1</id>
			</item>
			<item>
				<id>-1</id>
			</item>
			<item>
				<id>-1</id>
			</item>
			<item>
				<id>-1</id>
			</item>
			<item>
				<id>-1</id>
			</item>
			<item>
				<id>-1</id>
			</item>
			<item>
				<id>-1</id>
			</item>
			<item>
				<id>-1</id>
			</item>
			<item>
				<id>-1</id>
			</item>
			<item>
				<id>-1</id>
			</item>
			<item>
				<id>-1</id>
			</item>
			<item>
				<id>-1</id>
			</item>
			<item>
				<id>-1</id>
			</item>
			<item>
				<id>-1</id>
			</item>
			<item>
				<id>-1</id>
			</item>
			<item>
				<id>-1</id>
			</item>
			<item>
				<id>-1</id>
			</item>
			<item>
				<id>-1</id>
			</item>
			<item>
				<id>-1</id>
			</item>
			<item>
				<id>-1</id>
			</item>
			<item>
				<id>-1</id>
			</item>
			<item>
				<id>-1</id>
			</item>
			<item>
				<id>-1</id>
			</item>
			<item>
				<id>-1</id>
			</item>
			<item>
				<id>-1</id>
			</item>
			<item>
				<id>-1</id>
			</item>
			<item>
				<id>-1</id>
			</item>
			<item>
				<id>-1</id>
			</item>
			<item>
				<id>-1</id>
			</item>
			<item>
				<id>-1</id>
			</item>
			<item>
				<id>-1</id>
			</item>
			<item>
				<id>-1</id>
			</item>
			<item>
				<id>-1</id>
			</item>
			<item>
				<id>-1</id>
			</item>
			<item>
				<id>-1</id>
			</item>
			<item>
				<id>-1</id>
			</item>
			<item>
				<id>-1</id>
			</item>
			<item>
				<id>-1</id>
			</item>
			<item>
				<id>-1</id>
			</item>
			<item>
				<id>-1</id>
			</item>
			<item>
				<id>-1</id>
			</item>
			<item>
				<id>-1</id>
			</item>
			<item>
				<id>-1</id>
			</item>
			<item>
				<id>-1</id>
			</item>
			<item>
				<id>-1</id>
			</item>
			<item>
				<id>-1</id>
			</item>
			<item>
				<id>-1</id>
			</item>
			<item>
				<id>-1</id>
			</item>
			<item>
				<id>-1</id>
			</item>
			<item>
				<id>-1</id>
			</item>
			<item>
				<id>-1</id>
			</item>
			<item>
				<id>-1</id>
			</item>
			<item>
				<id>-1</id>
			</item>
			<item>
				<id>-1</id>
			</item>
			<item>
				<id>-1</id>
			</item>
			<item>
				<id>-1</id>
			</item>
			<item>
				<id>-1</id>
			</item>
			<item>
				<id>-1</id>
			</item>
			<item>
				<id>-1</id>
			</item>
			<item>
				<id>-1</id>
			</item>
			<item>
				<id>-1</id>
			</item>
			<item>
				<id>-1</id>
			</item>
			<item>
				<id>-1</id>
			</item>
			<item>
				<id>-1</id>
			</item>
			<item>
				<id>-1</id>
			</item>
			<item>
				<id>-1</id>
			</item>
			<item>
				<id>-1</id>
			</item>
			<item>
				<id>-1</id>
			</item>
			<item>
				<id>-1</id>
			</item>
			<item>
				<id>-1</id>
			</item>
			<item>
				<id>-1</id>
			</item>
			<item>
				<id>-1</id>
			</item>
			<item>
				<id>-1</id>
			</item>
			<item>
				<id>-1</id>
			</item>
			<item>
				<id>-1</id>
			</item>
			<item>
				<id>-1</id>
			</item>
			<item>
				<id>-1</id>
			</item>
			<item>
				<id>-1</id>
			</item>
			<item>
				<id>-1</id>
			</item>
			<item>
				<id>-1</id>
			</item>
			<item>
				<id>-1</id>
			</item>
			<item>
				<id>-1</id>
			</item>
			<item>
				<id>-1</id>
			</item>
			<item>
				<id>-1</id>
			</item>
			<item>
				<id>-1</id>
			</item>
			<item>
				<id>-1</id>
			</item>
			<item>
				<id>-1</id>
			</item>
			<item>
				<id>-1</id>
			</item>
			<item>
				<id>-1</id>
			</item>
			<item>
				<id>-1</id>
			</item>
			<item>
				<id>-1</id>
			</item>
			<item>
				<id>-1</id>
			</item>
			<item>
				<id>-1</id>
			</item>
			<item>
				<id>-1</id>
			</item>
			<item>
				<id>-1</id>
			</item>
			<item>
				<id>-1</id>
			</item>
			<item>
				<id>-1</id>
			</item>
			<item>
				<id>-1</id>
			</item>
			<item>
				<id>-1</id>
			</item>
			<item>
				<id>-1</id>
			</item>
			<item>
				<id>-1</id>
			</item>
			<item>
				<id>-1</id>
			</item>
			<item>
				<id>-1</id>
			</item>
			<item>
				<id>-1</id>
			</item>
			<item>
				<id>-1</id>
			</item>
			<item>
				<id>-1</id>
			</item>
			<item>
				<id>-1</id>
			</item>
			<item>
				<id>-1</id>
			</item>
			<item>
				<id>-1</id>
			</item>
			<item>
				<id>-1</id>
			</item>
			<item>
				<id>-1</id>
			</item>
			<item>
				<id>-1</id>
			</item>
			<item>
				<id>-1</id>
			</item>
			<item>
				<id>-1</id>
			</item>
			<item>
				<id>-1</id>
			</item>
			<item>
				<id>-1</id>
			</item>
			<item>
				<id>-1</id>
			</item>
			<item>
				<id>-1</id>
			</item>
			<item>
				<id>-1</id>
			</item>
			<item>
				<id>-1</id>
			</item>
			<item>
				<id>-1</id>
			</item>
			<item>
				<id>-1</id>
			</item>
			<item>
				<id>-1</id>
			</item>
			<item>
				<id>-1</id>
			</item>
			<item>
				<id>-1</id>
			</item>
			<item>
				<id>-1</id>
			</item>
			<item>
				<id>-1</id>
			</item>
			<item>
				<id>-1</id>
			</item>
			<item>
				<id>-1</id>
			</item>
			<item>
				<id>-1</id>
			</item>
			<item>
				<id>-1</id>
			</item>
			<item>
				<id>-1</id>
			</item>
			<item>
				<id>-1</id>
			</item>
			<item>
				<id>-1</id>
			</item>
			<item>
				<id>-1</id>
			</item>
			<item>
				<id>-1</id>
			</item>
			<item>
				<id>-1</id>
			</item>
			<item>
				<id>-1</id>
			</item>
			<item>
				<id>-1</id>
			</item>
			<item>
				<id>-1</id>
			</item>
			<item>
				<id>-1</id>
			</item>
			<item>
				<id>-1</id>
			</item>
			<item>
				<id>-1</id>
			</item>
			<item>
				<id>-1</id>
			</item>
			<item>
				<id>-1</id>
			</item>
			<item>
				<id>-1</id>
			</item>
			<item>
				<id>-1</id>
			</item>
			<item>
				<id>-1</id>
			</item>
			<item>
				<id>-1</id>
			</item>
			<item>
				<id>-1</id>
			</item>
			<item>
				<id>-1</id>
			</item>
			<item>
				<id>-1</id>
			</item>
			<item>
				<id>-1</id>
			</item>
			<item>
				<id>-1</id>
			</item>
			<item>
				<id>-1</id>
			</item>
			<item>
				<id>-1</id>
			</item>
			<item>
				<id>-1</id>
			</item>
			<item>
				<id>-1</id>
			</item>
			<item>
				<id>-1</id>
			</item>
			<item>
				<id>-1</id>
			</item>
			<item>
				<id>-1</id>
			</item>
			<item>
				<id>-1</id>
			</item>
			<item>
				<id>-1</id>
			</item>
			<item>
				<id>-1</id>
			</item>
			<item>
				<id>-1</id>
			</item>
			<item>
				<id>-1</id>
			</item>
			<item>
				<id>-1</id>
			</item>
			<item>
				<id>-1</id>
			</item>
			<item>
				<id>-1</id>
			</item>
			<item>
				<id>-1</id>
			</item>
			<item>
				<id>-1</id>
			</item>
			<item>
				<id>-1</id>
			</item>
			<item>
				<id>-1</id>
			</item>
			<item>
				<id>-1</id>
			</item>
			<item>
				<id>-1</id>
			</item>
			<item>
				<id>-1</id>
			</item>
			<item>
				<id>-1</id>
			</item>
			<item>
				<id>-1</id>
			</item>
			<item>
				<id>-1</id>
			</item>
			<item>
				<id>-1</id>
			</item>
			<item>
				<id>-1</id>
			</item>
			<item>
				<id>-1</id>
			</item>
			<item>
				<id>-1</id>
			</item>
			<item>
				<id>-1</id>
			</item>
			<item>
				<id>-1</id>
			</item>
			<item>
				<id>-1</id>
			</item>
			<item>
				<id>-1</id>
			</item>
			<item>
				<id>-1</id>
			</item>
			<item>
				<id>-1</id>
			</item>
			<item>
				<id>-1</id>
			</item>
			<item>
				<id>-1</id>
			</item>
			<item>
				<id>-1</id>
			</item>
			<item>
				<id>-1</id>
			</item>
			<item>
				<id>-1</id>
			</item>
			<item>
				<id>-1</id>
			</item>
			<item>
				<id>-1</id>
			</item>
			<item>
				<id>-1</id>
			</item>
			<item>
				<id>-1</id>
			</item>
			<item>
				<id>-1</id>
			</item>
			<item>
				<id>-1</id>
			</item>
			<item>
				<id>-1</id>
			</item>
			<item>
				<id>-1</id>
			</item>
			<item>
				<id>-1</id>
			</item>
			<item>
				<id>-1</id>
			</item>
			<item>
				<id>-1</id>
			</item>
			<item>
				<id>-1</id>
			</item>
			<item>
				<id>-1</id>
			</item>
			<item>
				<id>-1</id>
			</item>
			<item>
				<id>-1</id>
			</item>
			<item>
				<id>-1</id>
			</item>
		</Tiles>
	</Repere>
</Carte>
</boost_serialization>

