<?xml version="1.0" encoding="UTF-8" standalone="yes" ?>
<!DOCTYPE boost_serialization>
<boost_serialization signature="serialization::archive" version="9">
<Carte class_id="0" tracking_level="0" version="0">
	<Repere class_id="1" tracking_level="0" version="0">
		<largeur>50</largeur>
		<hauteur>50</hauteur>
		<Tiles class_id="2" tracking_level="0" version="0">
			<count>2500</count>
			<item_version>0</item_version>
			<item class_id="3" tracking_level="0" version="0">
				<id>-1</id>
			</item>
			<item>
				<id>-1</id>
			</item>
			<item>
				<id>-1</id>
			</item>
			<item>
				<id>-1</id>
			</item>
			<item>
				<id>-1</id>
			</item>
			<item>
				<id>-1</id>
			</item>
			<item>
				<id>-1</id>
			</item>
			<item>
				<id>-1</id>
			</item>
			<item>
				<id>-1</id>
			</item>
			<item>
				<id>-1</id>
			</item>
			<item>
				<id>-1</id>
			</item>
			<item>
				<id>-1</id>
			</item>
			<item>
				<id>-1</id>
			</item>
			<item>
				<id>-1</id>
			</item>
			<item>
				<id>-1</id>
			</item>
			<item>
				<id>-1</id>
			</item>
			<item>
				<id>-1</id>
			</item>
			<item>
				<id>-1</id>
			</item>
			<item>
				<id>-1</id>
			</item>
			<item>
				<id>-1</id>
			</item>
			<item>
				<id>-1</id>
			</item>
			<item>
				<id>-1</id>
			</item>
			<item>
				<id>-1</id>
			</item>
			<item>
				<id>-1</id>
			</item>
			<item>
				<id>-1</id>
			</item>
			<item>
				<id>-1</id>
			</item>
			<item>
				<id>-1</id>
			</item>
			<item>
				<id>-1</id>
			</item>
			<item>
				<id>-1</id>
			</item>
			<item>
				<id>-1</id>
			</item>
			<item>
				<id>-1</id>
			</item>
			<item>
				<id>-1</id>
			</item>
			<item>
				<id>-1</id>
			</item>
			<item>
				<id>-1</id>
			</item>
			<item>
				<id>-1</id>
			</item>
			<item>
				<id>-1</id>
			</item>
			<item>
				<id>-1</id>
			</item>
			<item>
				<id>-1</id>
			</item>
			<item>
				<id>-1</id>
			</item>
			<item>
				<id>-1</id>
			</item>
			<item>
				<id>-1</id>
			</item>
			<item>
				<id>-1</id>
			</item>
			<item>
				<id>-1</id>
			</item>
			<item>
				<id>-1</id>
			</item>
			<item>
				<id>-1</id>
			</item>
			<item>
				<id>-1</id>
			</item>
			<item>
				<id>-1</id>
			</item>
			<item>
				<id>-1</id>
			</item>
			<item>
				<id>-1</id>
			</item>
			<item>
				<id>-1</id>
			</item>
			<item>
				<id>100000000</id>
			</item>
			<item>
				<id>-1</id>
			</item>
			<item>
				<id>-1</id>
			</item>
			<item>
				<id>-1</id>
			</item>
			<item>
				<id>-1</id>
			</item>
			<item>
				<id>-1</id>
			</item>
			<item>
				<id>100000001</id>
			</item>
			<item>
				<id>-1</id>
			</item>
			<item>
				<id>-1</id>
			</item>
			<item>
				<id>-1</id>
			</item>
			<item>
				<id>-1</id>
			</item>
			<item>
				<id>-1</id>
			</item>
			<item>
				<id>-1</id>
			</item>
			<item>
				<id>-1</id>
			</item>
			<item>
				<id>-1</id>
			</item>
			<item>
				<id>-1</id>
			</item>
			<item>
				<id>-1</id>
			</item>
			<item>
				<id>-1</id>
			</item>
			<item>
				<id>-1</id>
			</item>
			<item>
				<id>-1</id>
			</item>
			<item>
				<id>-1</id>
			</item>
			<item>
				<id>-1</id>
			</item>
			<item>
				<id>-1</id>
			</item>
			<item>
				<id>-1</id>
			</item>
			<item>
				<id>-1</id>
			</item>
			<item>
				<id>-1</id>
			</item>
			<item>
				<id>-1</id>
			</item>
			<item>
				<id>-1</id>
			</item>
			<item>
				<id>-1</id>
			</item>
			<item>
				<id>-1</id>
			</item>
			<item>
				<id>-1</id>
			</item>
			<item>
				<id>-1</id>
			</item>
			<item>
				<id>-1</id>
			</item>
			<item>
				<id>-1</id>
			</item>
			<item>
				<id>-1</id>
			</item>
			<item>
				<id>-1</id>
			</item>
			<item>
				<id>-1</id>
			</item>
			<item>
				<id>-1</id>
			</item>
			<item>
				<id>-1</id>
			</item>
			<item>
				<id>-1</id>
			</item>
			<item>
				<id>-1</id>
			</item>
			<item>
				<id>-1</id>
			</item>
			<item>
				<id>-1</id>
			</item>
			<item>
				<id>-1</id>
			</item>
			<item>
				<id>-1</id>
			</item>
			<item>
				<id>-1</id>
			</item>
			<item>
				<id>-1</id>
			</item>
			<item>
				<id>-1</id>
			</item>
			<item>
				<id>-1</id>
			</item>
			<item>
				<id>-1</id>
			</item>
			<item>
				<id>-1</id>
			</item>
			<item>
				<id>-1</id>
			</item>
			<item>
				<id>-1</id>
			</item>
			<item>
				<id>-1</id>
			</item>
			<item>
				<id>-1</id>
			</item>
			<item>
				<id>-1</id>
			</item>
			<item>
				<id>-1</id>
			</item>
			<item>
				<id>-1</id>
			</item>
			<item>
				<id>-1</id>
			</item>
			<item>
				<id>-1</id>
			</item>
			<item>
				<id>-1</id>
			</item>
			<item>
				<id>-1</id>
			</item>
			<item>
				<id>-1</id>
			</item>
			<item>
				<id>-1</id>
			</item>
			<item>
				<id>-1</id>
			</item>
			<item>
				<id>-1</id>
			</item>
			<item>
				<id>-1</id>
			</item>
			<item>
				<id>-1</id>
			</item>
			<item>
				<id>-1</id>
			</item>
			<item>
				<id>-1</id>
			</item>
			<item>
				<id>-1</id>
			</item>
			<item>
				<id>-1</id>
			</item>
			<item>
				<id>-1</id>
			</item>
			<item>
				<id>-1</id>
			</item>
			<item>
				<id>-1</id>
			</item>
			<item>
				<id>-1</id>
			</item>
			<item>
				<id>-1</id>
			</item>
			<item>
				<id>-1</id>
			</item>
			<item>
				<id>-1</id>
			</item>
			<item>
				<id>-1</id>
			</item>
			<item>
				<id>-1</id>
			</item>
			<item>
				<id>-1</id>
			</item>
			<item>
				<id>-1</id>
			</item>
			<item>
				<id>-1</id>
			</item>
			<item>
				<id>-1</id>
			</item>
			<item>
				<id>-1</id>
			</item>
			<item>
				<id>-1</id>
			</item>
			<item>
				<id>-1</id>
			</item>
			<item>
				<id>-1</id>
			</item>
			<item>
				<id>-1</id>
			</item>
			<item>
				<id>-1</id>
			</item>
			<item>
				<id>-1</id>
			</item>
			<item>
				<id>-1</id>
			</item>
			<item>
				<id>-1</id>
			</item>
			<item>
				<id>-1</id>
			</item>
			<item>
				<id>-1</id>
			</item>
			<item>
				<id>-1</id>
			</item>
			<item>
				<id>-1</id>
			</item>
			<item>
				<id>-1</id>
			</item>
			<item>
				<id>-1</id>
			</item>
			<item>
				<id>-1</id>
			</item>
			<item>
				<id>-1</id>
			</item>
			<item>
				<id>-1</id>
			</item>
			<item>
				<id>-1</id>
			</item>
			<item>
				<id>-1</id>
			</item>
			<item>
				<id>-1</id>
			</item>
			<item>
				<id>-1</id>
			</item>
			<item>
				<id>-1</id>
			</item>
			<item>
				<id>-1</id>
			</item>
			<item>
				<id>-1</id>
			</item>
			<item>
				<id>-1</id>
			</item>
			<item>
				<id>-1</id>
			</item>
			<item>
				<id>-1</id>
			</item>
			<item>
				<id>-1</id>
			</item>
			<item>
				<id>-1</id>
			</item>
			<item>
				<id>-1</id>
			</item>
			<item>
				<id>-1</id>
			</item>
			<item>
				<id>-1</id>
			</item>
			<item>
				<id>-1</id>
			</item>
			<item>
				<id>-1</id>
			</item>
			<item>
				<id>-1</id>
			</item>
			<item>
				<id>-1</id>
			</item>
			<item>
				<id>-1</id>
			</item>
			<item>
				<id>-1</id>
			</item>
			<item>
				<id>-1</id>
			</item>
			<item>
				<id>-1</id>
			</item>
			<item>
				<id>-1</id>
			</item>
			<item>
				<id>-1</id>
			</item>
			<item>
				<id>-1</id>
			</item>
			<item>
				<id>-1</id>
			</item>
			<item>
				<id>-1</id>
			</item>
			<item>
				<id>-1</id>
			</item>
			<item>
				<id>-1</id>
			</item>
			<item>
				<id>-1</id>
			</item>
			<item>
				<id>-1</id>
			</item>
			<item>
				<id>-1</id>
			</item>
			<item>
				<id>-1</id>
			</item>
			<item>
				<id>-1</id>
			</item>
			<item>
				<id>-1</id>
			</item>
			<item>
				<id>-1</id>
			</item>
			<item>
				<id>-1</id>
			</item>
			<item>
				<id>-1</id>
			</item>
			<item>
				<id>-1</id>
			</item>
			<item>
				<id>-1</id>
			</item>
			<item>
				<id>-1</id>
			</item>
			<item>
				<id>-1</id>
			</item>
			<item>
				<id>-1</id>
			</item>
			<item>
				<id>-1</id>
			</item>
			<item>
				<id>-1</id>
			</item>
			<item>
				<id>-1</id>
			</item>
			<item>
				<id>-1</id>
			</item>
			<item>
				<id>-1</id>
			</item>
			<item>
				<id>-1</id>
			</item>
			<item>
				<id>-1</id>
			</item>
			<item>
				<id>-1</id>
			</item>
			<item>
				<id>-1</id>
			</item>
			<item>
				<id>-1</id>
			</item>
			<item>
				<id>-1</id>
			</item>
			<item>
				<id>-1</id>
			</item>
			<item>
				<id>-1</id>
			</item>
			<item>
				<id>-1</id>
			</item>
			<item>
				<id>-1</id>
			</item>
			<item>
				<id>-1</id>
			</item>
			<item>
				<id>-1</id>
			</item>
			<item>
				<id>-1</id>
			</item>
			<item>
				<id>-1</id>
			</item>
			<item>
				<id>-1</id>
			</item>
			<item>
				<id>-1</id>
			</item>
			<item>
				<id>-1</id>
			</item>
			<item>
				<id>-1</id>
			</item>
			<item>
				<id>-1</id>
			</item>
			<item>
				<id>-1</id>
			</item>
			<item>
				<id>-1</id>
			</item>
			<item>
				<id>-1</id>
			</item>
			<item>
				<id>-1</id>
			</item>
			<item>
				<id>-1</id>
			</item>
			<item>
				<id>-1</id>
			</item>
			<item>
				<id>-1</id>
			</item>
			<item>
				<id>-1</id>
			</item>
			<item>
				<id>-1</id>
			</item>
			<item>
				<id>-1</id>
			</item>
			<item>
				<id>-1</id>
			</item>
			<item>
				<id>-1</id>
			</item>
			<item>
				<id>-1</id>
			</item>
			<item>
				<id>-1</id>
			</item>
			<item>
				<id>-1</id>
			</item>
			<item>
				<id>-1</id>
			</item>
			<item>
				<id>-1</id>
			</item>
			<item>
				<id>-1</id>
			</item>
			<item>
				<id>-1</id>
			</item>
			<item>
				<id>-1</id>
			</item>
			<item>
				<id>-1</id>
			</item>
			<item>
				<id>-1</id>
			</item>
			<item>
				<id>-1</id>
			</item>
			<item>
				<id>-1</id>
			</item>
			<item>
				<id>-1</id>
			</item>
			<item>
				<id>-1</id>
			</item>
			<item>
				<id>-1</id>
			</item>
			<item>
				<id>-1</id>
			</item>
			<item>
				<id>-1</id>
			</item>
			<item>
				<id>-1</id>
			</item>
			<item>
				<id>-1</id>
			</item>
			<item>
				<id>-1</id>
			</item>
			<item>
				<id>-1</id>
			</item>
			<item>
				<id>-1</id>
			</item>
			<item>
				<id>-1</id>
			</item>
			<item>
				<id>-1</id>
			</item>
			<item>
				<id>-1</id>
			</item>
			<item>
				<id>-1</id>
			</item>
			<item>
				<id>-1</id>
			</item>
			<item>
				<id>-1</id>
			</item>
			<item>
				<id>-1</id>
			</item>
			<item>
				<id>-1</id>
			</item>
			<item>
				<id>-1</id>
			</item>
			<item>
				<id>-1</id>
			</item>
			<item>
				<id>-1</id>
			</item>
			<item>
				<id>-1</id>
			</item>
			<item>
				<id>-1</id>
			</item>
			<item>
				<id>-1</id>
			</item>
			<item>
				<id>-1</id>
			</item>
			<item>
				<id>-1</id>
			</item>
			<item>
				<id>-1</id>
			</item>
			<item>
				<id>-1</id>
			</item>
			<item>
				<id>-1</id>
			</item>
			<item>
				<id>-1</id>
			</item>
			<item>
				<id>-1</id>
			</item>
			<item>
				<id>-1</id>
			</item>
			<item>
				<id>-1</id>
			</item>
			<item>
				<id>-1</id>
			</item>
			<item>
				<id>-1</id>
			</item>
			<item>
				<id>-1</id>
			</item>
			<item>
				<id>-1</id>
			</item>
			<item>
				<id>-1</id>
			</item>
			<item>
				<id>-1</id>
			</item>
			<item>
				<id>-1</id>
			</item>
			<item>
				<id>-1</id>
			</item>
			<item>
				<id>-1</id>
			</item>
			<item>
				<id>-1</id>
			</item>
			<item>
				<id>-1</id>
			</item>
			<item>
				<id>-1</id>
			</item>
			<item>
				<id>-1</id>
			</item>
			<item>
				<id>-1</id>
			</item>
			<item>
				<id>-1</id>
			</item>
			<item>
				<id>-1</id>
			</item>
			<item>
				<id>-1</id>
			</item>
			<item>
				<id>-1</id>
			</item>
			<item>
				<id>-1</id>
			</item>
			<item>
				<id>-1</id>
			</item>
			<item>
				<id>-1</id>
			</item>
			<item>
				<id>-1</id>
			</item>
			<item>
				<id>-1</id>
			</item>
			<item>
				<id>-1</id>
			</item>
			<item>
				<id>-1</id>
			</item>
			<item>
				<id>-1</id>
			</item>
			<item>
				<id>-1</id>
			</item>
			<item>
				<id>-1</id>
			</item>
			<item>
				<id>-1</id>
			</item>
			<item>
				<id>-1</id>
			</item>
			<item>
				<id>-1</id>
			</item>
			<item>
				<id>-1</id>
			</item>
			<item>
				<id>-1</id>
			</item>
			<item>
				<id>-1</id>
			</item>
			<item>
				<id>-1</id>
			</item>
			<item>
				<id>-1</id>
			</item>
			<item>
				<id>-1</id>
			</item>
			<item>
				<id>-1</id>
			</item>
			<item>
				<id>-1</id>
			</item>
			<item>
				<id>-1</id>
			</item>
			<item>
				<id>-1</id>
			</item>
			<item>
				<id>-1</id>
			</item>
			<item>
				<id>-1</id>
			</item>
			<item>
				<id>-1</id>
			</item>
			<item>
				<id>-1</id>
			</item>
			<item>
				<id>-1</id>
			</item>
			<item>
				<id>-1</id>
			</item>
			<item>
				<id>-1</id>
			</item>
			<item>
				<id>-1</id>
			</item>
			<item>
				<id>-1</id>
			</item>
			<item>
				<id>-1</id>
			</item>
			<item>
				<id>-1</id>
			</item>
			<item>
				<id>-1</id>
			</item>
			<item>
				<id>-1</id>
			</item>
			<item>
				<id>-1</id>
			</item>
			<item>
				<id>-1</id>
			</item>
			<item>
				<id>-1</id>
			</item>
			<item>
				<id>-1</id>
			</item>
			<item>
				<id>100000000</id>
			</item>
			<item>
				<id>-1</id>
			</item>
			<item>
				<id>-1</id>
			</item>
			<item>
				<id>-1</id>
			</item>
			<item>
				<id>-1</id>
			</item>
			<item>
				<id>-1</id>
			</item>
			<item>
				<id>-1</id>
			</item>
			<item>
				<id>-1</id>
			</item>
			<item>
				<id>-1</id>
			</item>
			<item>
				<id>-1</id>
			</item>
			<item>
				<id>-1</id>
			</item>
			<item>
				<id>-1</id>
			</item>
			<item>
				<id>-1</id>
			</item>
			<item>
				<id>-1</id>
			</item>
			<item>
				<id>-1</id>
			</item>
			<item>
				<id>-1</id>
			</item>
			<item>
				<id>-1</id>
			</item>
			<item>
				<id>-1</id>
			</item>
			<item>
				<id>-1</id>
			</item>
			<item>
				<id>-1</id>
			</item>
			<item>
				<id>-1</id>
			</item>
			<item>
				<id>-1</id>
			</item>
			<item>
				<id>-1</id>
			</item>
			<item>
				<id>-1</id>
			</item>
			<item>
				<id>-1</id>
			</item>
			<item>
				<id>-1</id>
			</item>
			<item>
				<id>-1</id>
			</item>
			<item>
				<id>-1</id>
			</item>
			<item>
				<id>-1</id>
			</item>
			<item>
				<id>-1</id>
			</item>
			<item>
				<id>-1</id>
			</item>
			<item>
				<id>-1</id>
			</item>
			<item>
				<id>-1</id>
			</item>
			<item>
				<id>-1</id>
			</item>
			<item>
				<id>-1</id>
			</item>
			<item>
				<id>-1</id>
			</item>
			<item>
				<id>-1</id>
			</item>
			<item>
				<id>-1</id>
			</item>
			<item>
				<id>-1</id>
			</item>
			<item>
				<id>-1</id>
			</item>
			<item>
				<id>-1</id>
			</item>
			<item>
				<id>-1</id>
			</item>
			<item>
				<id>-1</id>
			</item>
			<item>
				<id>-1</id>
			</item>
			<item>
				<id>-1</id>
			</item>
			<item>
				<id>-1</id>
			</item>
			<item>
				<id>-1</id>
			</item>
			<item>
				<id>-1</id>
			</item>
			<item>
				<id>-1</id>
			</item>
			<item>
				<id>-1</id>
			</item>
			<item>
				<id>-1</id>
			</item>
			<item>
				<id>-1</id>
			</item>
			<item>
				<id>-1</id>
			</item>
			<item>
				<id>-1</id>
			</item>
			<item>
				<id>-1</id>
			</item>
			<item>
				<id>-1</id>
			</item>
			<item>
				<id>-1</id>
			</item>
			<item>
				<id>-1</id>
			</item>
			<item>
				<id>-1</id>
			</item>
			<item>
				<id>-1</id>
			</item>
			<item>
				<id>-1</id>
			</item>
			<item>
				<id>-1</id>
			</item>
			<item>
				<id>-1</id>
			</item>
			<item>
				<id>-1</id>
			</item>
			<item>
				<id>-1</id>
			</item>
			<item>
				<id>-1</id>
			</item>
			<item>
				<id>-1</id>
			</item>
			<item>
				<id>-1</id>
			</item>
			<item>
				<id>-1</id>
			</item>
			<item>
				<id>-1</id>
			</item>
			<item>
				<id>-1</id>
			</item>
			<item>
				<id>-1</id>
			</item>
			<item>
				<id>-1</id>
			</item>
			<item>
				<id>-1</id>
			</item>
			<item>
				<id>-1</id>
			</item>
			<item>
				<id>-1</id>
			</item>
			<item>
				<id>-1</id>
			</item>
			<item>
				<id>-1</id>
			</item>
			<item>
				<id>-1</id>
			</item>
			<item>
				<id>-1</id>
			</item>
			<item>
				<id>-1</id>
			</item>
			<item>
				<id>-1</id>
			</item>
			<item>
				<id>-1</id>
			</item>
			<item>
				<id>-1</id>
			</item>
			<item>
				<id>-1</id>
			</item>
			<item>
				<id>-1</id>
			</item>
			<item>
				<id>-1</id>
			</item>
			<item>
				<id>-1</id>
			</item>
			<item>
				<id>-1</id>
			</item>
			<item>
				<id>-1</id>
			</item>
			<item>
				<id>-1</id>
			</item>
			<item>
				<id>-1</id>
			</item>
			<item>
				<id>-1</id>
			</item>
			<item>
				<id>-1</id>
			</item>
			<item>
				<id>-1</id>
			</item>
			<item>
				<id>-1</id>
			</item>
			<item>
				<id>-1</id>
			</item>
			<item>
				<id>-1</id>
			</item>
			<item>
				<id>-1</id>
			</item>
			<item>
				<id>-1</id>
			</item>
			<item>
				<id>-1</id>
			</item>
			<item>
				<id>-1</id>
			</item>
			<item>
				<id>-1</id>
			</item>
			<item>
				<id>-1</id>
			</item>
			<item>
				<id>-1</id>
			</item>
			<item>
				<id>-1</id>
			</item>
			<item>
				<id>-1</id>
			</item>
			<item>
				<id>-1</id>
			</item>
			<item>
				<id>-1</id>
			</item>
			<item>
				<id>-1</id>
			</item>
			<item>
				<id>-1</id>
			</item>
			<item>
				<id>-1</id>
			</item>
			<item>
				<id>-1</id>
			</item>
			<item>
				<id>-1</id>
			</item>
			<item>
				<id>-1</id>
			</item>
			<item>
				<id>-1</id>
			</item>
			<item>
				<id>-1</id>
			</item>
			<item>
				<id>-1</id>
			</item>
			<item>
				<id>-1</id>
			</item>
			<item>
				<id>-1</id>
			</item>
			<item>
				<id>-1</id>
			</item>
			<item>
				<id>-1</id>
			</item>
			<item>
				<id>-1</id>
			</item>
			<item>
				<id>-1</id>
			</item>
			<item>
				<id>-1</id>
			</item>
			<item>
				<id>-1</id>
			</item>
			<item>
				<id>-1</id>
			</item>
			<item>
				<id>-1</id>
			</item>
			<item>
				<id>-1</id>
			</item>
			<item>
				<id>-1</id>
			</item>
			<item>
				<id>-1</id>
			</item>
			<item>
				<id>-1</id>
			</item>
			<item>
				<id>-1</id>
			</item>
			<item>
				<id>-1</id>
			</item>
			<item>
				<id>-1</id>
			</item>
			<item>
				<id>-1</id>
			</item>
			<item>
				<id>-1</id>
			</item>
			<item>
				<id>-1</id>
			</item>
			<item>
				<id>-1</id>
			</item>
			<item>
				<id>-1</id>
			</item>
			<item>
				<id>-1</id>
			</item>
			<item>
				<id>-1</id>
			</item>
			<item>
				<id>-1</id>
			</item>
			<item>
				<id>-1</id>
			</item>
			<item>
				<id>-1</id>
			</item>
			<item>
				<id>-1</id>
			</item>
			<item>
				<id>-1</id>
			</item>
			<item>
				<id>-1</id>
			</item>
			<item>
				<id>-1</id>
			</item>
			<item>
				<id>-1</id>
			</item>
			<item>
				<id>-1</id>
			</item>
			<item>
				<id>-1</id>
			</item>
			<item>
				<id>-1</id>
			</item>
			<item>
				<id>-1</id>
			</item>
			<item>
				<id>-1</id>
			</item>
			<item>
				<id>-1</id>
			</item>
			<item>
				<id>-1</id>
			</item>
			<item>
				<id>-1</id>
			</item>
			<item>
				<id>-1</id>
			</item>
			<item>
				<id>-1</id>
			</item>
			<item>
				<id>-1</id>
			</item>
			<item>
				<id>-1</id>
			</item>
			<item>
				<id>-1</id>
			</item>
			<item>
				<id>-1</id>
			</item>
			<item>
				<id>-1</id>
			</item>
			<item>
				<id>-1</id>
			</item>
			<item>
				<id>-1</id>
			</item>
			<item>
				<id>-1</id>
			</item>
			<item>
				<id>-1</id>
			</item>
			<item>
				<id>-1</id>
			</item>
			<item>
				<id>-1</id>
			</item>
			<item>
				<id>-1</id>
			</item>
			<item>
				<id>-1</id>
			</item>
			<item>
				<id>-1</id>
			</item>
			<item>
				<id>-1</id>
			</item>
			<item>
				<id>-1</id>
			</item>
			<item>
				<id>-1</id>
			</item>
			<item>
				<id>-1</id>
			</item>
			<item>
				<id>-1</id>
			</item>
			<item>
				<id>-1</id>
			</item>
			<item>
				<id>-1</id>
			</item>
			<item>
				<id>-1</id>
			</item>
			<item>
				<id>-1</id>
			</item>
			<item>
				<id>-1</id>
			</item>
			<item>
				<id>-1</id>
			</item>
			<item>
				<id>-1</id>
			</item>
			<item>
				<id>-1</id>
			</item>
			<item>
				<id>-1</id>
			</item>
			<item>
				<id>-1</id>
			</item>
			<item>
				<id>-1</id>
			</item>
			<item>
				<id>-1</id>
			</item>
			<item>
				<id>-1</id>
			</item>
			<item>
				<id>-1</id>
			</item>
			<item>
				<id>-1</id>
			</item>
			<item>
				<id>-1</id>
			</item>
			<item>
				<id>-1</id>
			</item>
			<item>
				<id>-1</id>
			</item>
			<item>
				<id>-1</id>
			</item>
			<item>
				<id>-1</id>
			</item>
			<item>
				<id>-1</id>
			</item>
			<item>
				<id>-1</id>
			</item>
			<item>
				<id>-1</id>
			</item>
			<item>
				<id>-1</id>
			</item>
			<item>
				<id>-1</id>
			</item>
			<item>
				<id>-1</id>
			</item>
			<item>
				<id>-1</id>
			</item>
			<item>
				<id>-1</id>
			</item>
			<item>
				<id>-1</id>
			</item>
			<item>
				<id>-1</id>
			</item>
			<item>
				<id>-1</id>
			</item>
			<item>
				<id>-1</id>
			</item>
			<item>
				<id>-1</id>
			</item>
			<item>
				<id>-1</id>
			</item>
			<item>
				<id>-1</id>
			</item>
			<item>
				<id>-1</id>
			</item>
			<item>
				<id>-1</id>
			</item>
			<item>
				<id>-1</id>
			</item>
			<item>
				<id>-1</id>
			</item>
			<item>
				<id>-1</id>
			</item>
			<item>
				<id>-1</id>
			</item>
			<item>
				<id>-1</id>
			</item>
			<item>
				<id>-1</id>
			</item>
			<item>
				<id>-1</id>
			</item>
			<item>
				<id>-1</id>
			</item>
			<item>
				<id>-1</id>
			</item>
			<item>
				<id>-1</id>
			</item>
			<item>
				<id>-1</id>
			</item>
			<item>
				<id>-1</id>
			</item>
			<item>
				<id>-1</id>
			</item>
			<item>
				<id>-1</id>
			</item>
			<item>
				<id>-1</id>
			</item>
			<item>
				<id>-1</id>
			</item>
			<item>
				<id>-1</id>
			</item>
			<item>
				<id>-1</id>
			</item>
			<item>
				<id>-1</id>
			</item>
			<item>
				<id>-1</id>
			</item>
			<item>
				<id>-1</id>
			</item>
			<item>
				<id>-1</id>
			</item>
			<item>
				<id>-1</id>
			</item>
			<item>
				<id>-1</id>
			</item>
			<item>
				<id>-1</id>
			</item>
			<item>
				<id>-1</id>
			</item>
			<item>
				<id>-1</id>
			</item>
			<item>
				<id>-1</id>
			</item>
			<item>
				<id>-1</id>
			</item>
			<item>
				<id>-1</id>
			</item>
			<item>
				<id>-1</id>
			</item>
			<item>
				<id>-1</id>
			</item>
			<item>
				<id>-1</id>
			</item>
			<item>
				<id>-1</id>
			</item>
			<item>
				<id>-1</id>
			</item>
			<item>
				<id>-1</id>
			</item>
			<item>
				<id>-1</id>
			</item>
			<item>
				<id>-1</id>
			</item>
			<item>
				<id>-1</id>
			</item>
			<item>
				<id>-1</id>
			</item>
			<item>
				<id>-1</id>
			</item>
			<item>
				<id>-1</id>
			</item>
			<item>
				<id>-1</id>
			</item>
			<item>
				<id>-1</id>
			</item>
			<item>
				<id>-1</id>
			</item>
			<item>
				<id>-1</id>
			</item>
			<item>
				<id>-1</id>
			</item>
			<item>
				<id>-1</id>
			</item>
			<item>
				<id>-1</id>
			</item>
			<item>
				<id>-1</id>
			</item>
			<item>
				<id>-1</id>
			</item>
			<item>
				<id>-1</id>
			</item>
			<item>
				<id>-1</id>
			</item>
			<item>
				<id>-1</id>
			</item>
			<item>
				<id>-1</id>
			</item>
			<item>
				<id>-1</id>
			</item>
			<item>
				<id>-1</id>
			</item>
			<item>
				<id>-1</id>
			</item>
			<item>
				<id>-1</id>
			</item>
			<item>
				<id>-1</id>
			</item>
			<item>
				<id>-1</id>
			</item>
			<item>
				<id>-1</id>
			</item>
			<item>
				<id>-1</id>
			</item>
			<item>
				<id>-1</id>
			</item>
			<item>
				<id>-1</id>
			</item>
			<item>
				<id>-1</id>
			</item>
			<item>
				<id>-1</id>
			</item>
			<item>
				<id>-1</id>
			</item>
			<item>
				<id>-1</id>
			</item>
			<item>
				<id>-1</id>
			</item>
			<item>
				<id>-1</id>
			</item>
			<item>
				<id>-1</id>
			</item>
			<item>
				<id>-1</id>
			</item>
			<item>
				<id>-1</id>
			</item>
			<item>
				<id>-1</id>
			</item>
			<item>
				<id>-1</id>
			</item>
			<item>
				<id>-1</id>
			</item>
			<item>
				<id>-1</id>
			</item>
			<item>
				<id>-1</id>
			</item>
			<item>
				<id>-1</id>
			</item>
			<item>
				<id>-1</id>
			</item>
			<item>
				<id>-1</id>
			</item>
			<item>
				<id>-1</id>
			</item>
			<item>
				<id>-1</id>
			</item>
			<item>
				<id>-1</id>
			</item>
			<item>
				<id>-1</id>
			</item>
			<item>
				<id>-1</id>
			</item>
			<item>
				<id>-1</id>
			</item>
			<item>
				<id>-1</id>
			</item>
			<item>
				<id>-1</id>
			</item>
			<item>
				<id>-1</id>
			</item>
			<item>
				<id>-1</id>
			</item>
			<item>
				<id>-1</id>
			</item>
			<item>
				<id>-1</id>
			</item>
			<item>
				<id>-1</id>
			</item>
			<item>
				<id>-1</id>
			</item>
			<item>
				<id>-1</id>
			</item>
			<item>
				<id>-1</id>
			</item>
			<item>
				<id>-1</id>
			</item>
			<item>
				<id>-1</id>
			</item>
			<item>
				<id>-1</id>
			</item>
			<item>
				<id>-1</id>
			</item>
			<item>
				<id>-1</id>
			</item>
			<item>
				<id>-1</id>
			</item>
			<item>
				<id>-1</id>
			</item>
			<item>
				<id>-1</id>
			</item>
			<item>
				<id>-1</id>
			</item>
			<item>
				<id>-1</id>
			</item>
			<item>
				<id>-1</id>
			</item>
			<item>
				<id>-1</id>
			</item>
			<item>
				<id>-1</id>
			</item>
			<item>
				<id>-1</id>
			</item>
			<item>
				<id>-1</id>
			</item>
			<item>
				<id>-1</id>
			</item>
			<item>
				<id>-1</id>
			</item>
			<item>
				<id>-1</id>
			</item>
			<item>
				<id>-1</id>
			</item>
			<item>
				<id>-1</id>
			</item>
			<item>
				<id>-1</id>
			</item>
			<item>
				<id>-1</id>
			</item>
			<item>
				<id>-1</id>
			</item>
			<item>
				<id>-1</id>
			</item>
			<item>
				<id>-1</id>
			</item>
			<item>
				<id>-1</id>
			</item>
			<item>
				<id>-1</id>
			</item>
			<item>
				<id>-1</id>
			</item>
			<item>
				<id>-1</id>
			</item>
			<item>
				<id>-1</id>
			</item>
			<item>
				<id>-1</id>
			</item>
			<item>
				<id>-1</id>
			</item>
			<item>
				<id>-1</id>
			</item>
			<item>
				<id>-1</id>
			</item>
			<item>
				<id>-1</id>
			</item>
			<item>
				<id>-1</id>
			</item>
			<item>
				<id>-1</id>
			</item>
			<item>
				<id>-1</id>
			</item>
			<item>
				<id>-1</id>
			</item>
			<item>
				<id>-1</id>
			</item>
			<item>
				<id>-1</id>
			</item>
			<item>
				<id>-1</id>
			</item>
			<item>
				<id>-1</id>
			</item>
			<item>
				<id>-1</id>
			</item>
			<item>
				<id>-1</id>
			</item>
			<item>
				<id>-1</id>
			</item>
			<item>
				<id>-1</id>
			</item>
			<item>
				<id>-1</id>
			</item>
			<item>
				<id>-1</id>
			</item>
			<item>
				<id>-1</id>
			</item>
			<item>
				<id>-1</id>
			</item>
			<item>
				<id>-1</id>
			</item>
			<item>
				<id>-1</id>
			</item>
			<item>
				<id>-1</id>
			</item>
			<item>
				<id>-1</id>
			</item>
			<item>
				<id>-1</id>
			</item>
			<item>
				<id>-1</id>
			</item>
			<item>
				<id>-1</id>
			</item>
			<item>
				<id>-1</id>
			</item>
			<item>
				<id>-1</id>
			</item>
			<item>
				<id>-1</id>
			</item>
			<item>
				<id>-1</id>
			</item>
			<item>
				<id>-1</id>
			</item>
			<item>
				<id>-1</id>
			</item>
			<item>
				<id>-1</id>
			</item>
			<item>
				<id>-1</id>
			</item>
			<item>
				<id>-1</id>
			</item>
			<item>
				<id>-1</id>
			</item>
			<item>
				<id>-1</id>
			</item>
			<item>
				<id>-1</id>
			</item>
			<item>
				<id>-1</id>
			</item>
			<item>
				<id>-1</id>
			</item>
			<item>
				<id>-1</id>
			</item>
			<item>
				<id>-1</id>
			</item>
			<item>
				<id>-1</id>
			</item>
			<item>
				<id>-1</id>
			</item>
			<item>
				<id>-1</id>
			</item>
			<item>
				<id>-1</id>
			</item>
			<item>
				<id>-1</id>
			</item>
			<item>
				<id>-1</id>
			</item>
			<item>
				<id>-1</id>
			</item>
			<item>
				<id>-1</id>
			</item>
			<item>
				<id>-1</id>
			</item>
			<item>
				<id>-1</id>
			</item>
			<item>
				<id>-1</id>
			</item>
			<item>
				<id>-1</id>
			</item>
			<item>
				<id>-1</id>
			</item>
			<item>
				<id>-1</id>
			</item>
			<item>
				<id>-1</id>
			</item>
			<item>
				<id>-1</id>
			</item>
			<item>
				<id>-1</id>
			</item>
			<item>
				<id>-1</id>
			</item>
			<item>
				<id>-1</id>
			</item>
			<item>
				<id>-1</id>
			</item>
			<item>
				<id>-1</id>
			</item>
			<item>
				<id>-1</id>
			</item>
			<item>
				<id>-1</id>
			</item>
			<item>
				<id>-1</id>
			</item>
			<item>
				<id>-1</id>
			</item>
			<item>
				<id>-1</id>
			</item>
			<item>
				<id>-1</id>
			</item>
			<item>
				<id>-1</id>
			</item>
			<item>
				<id>-1</id>
			</item>
			<item>
				<id>-1</id>
			</item>
			<item>
				<id>-1</id>
			</item>
			<item>
				<id>-1</id>
			</item>
			<item>
				<id>-1</id>
			</item>
			<item>
				<id>-1</id>
			</item>
			<item>
				<id>-1</id>
			</item>
			<item>
				<id>-1</id>
			</item>
			<item>
				<id>-1</id>
			</item>
			<item>
				<id>-1</id>
			</item>
			<item>
				<id>-1</id>
			</item>
			<item>
				<id>-1</id>
			</item>
			<item>
				<id>-1</id>
			</item>
			<item>
				<id>-1</id>
			</item>
			<item>
				<id>-1</id>
			</item>
			<item>
				<id>-1</id>
			</item>
			<item>
				<id>-1</id>
			</item>
			<item>
				<id>-1</id>
			</item>
			<item>
				<id>-1</id>
			</item>
			<item>
				<id>-1</id>
			</item>
			<item>
				<id>-1</id>
			</item>
			<item>
				<id>-1</id>
			</item>
			<item>
				<id>-1</id>
			</item>
			<item>
				<id>-1</id>
			</item>
			<item>
				<id>-1</id>
			</item>
			<item>
				<id>-1</id>
			</item>
			<item>
				<id>-1</id>
			</item>
			<item>
				<id>-1</id>
			</item>
			<item>
				<id>-1</id>
			</item>
			<item>
				<id>-1</id>
			</item>
			<item>
				<id>-1</id>
			</item>
			<item>
				<id>-1</id>
			</item>
			<item>
				<id>-1</id>
			</item>
			<item>
				<id>-1</id>
			</item>
			<item>
				<id>-1</id>
			</item>
			<item>
				<id>-1</id>
			</item>
			<item>
				<id>-1</id>
			</item>
			<item>
				<id>-1</id>
			</item>
			<item>
				<id>-1</id>
			</item>
			<item>
				<id>-1</id>
			</item>
			<item>
				<id>-1</id>
			</item>
			<item>
				<id>-1</id>
			</item>
			<item>
				<id>-1</id>
			</item>
			<item>
				<id>-1</id>
			</item>
			<item>
				<id>-1</id>
			</item>
			<item>
				<id>-1</id>
			</item>
			<item>
				<id>-1</id>
			</item>
			<item>
				<id>-1</id>
			</item>
			<item>
				<id>-1</id>
			</item>
			<item>
				<id>-1</id>
			</item>
			<item>
				<id>-1</id>
			</item>
			<item>
				<id>-1</id>
			</item>
			<item>
				<id>-1</id>
			</item>
			<item>
				<id>-1</id>
			</item>
			<item>
				<id>-1</id>
			</item>
			<item>
				<id>-1</id>
			</item>
			<item>
				<id>-1</id>
			</item>
			<item>
				<id>-1</id>
			</item>
			<item>
				<id>-1</id>
			</item>
			<item>
				<id>-1</id>
			</item>
			<item>
				<id>-1</id>
			</item>
			<item>
				<id>-1</id>
			</item>
			<item>
				<id>-1</id>
			</item>
			<item>
				<id>-1</id>
			</item>
			<item>
				<id>-1</id>
			</item>
			<item>
				<id>-1</id>
			</item>
			<item>
				<id>-1</id>
			</item>
			<item>
				<id>-1</id>
			</item>
			<item>
				<id>-1</id>
			</item>
			<item>
				<id>-1</id>
			</item>
			<item>
				<id>-1</id>
			</item>
			<item>
				<id>-1</id>
			</item>
			<item>
				<id>-1</id>
			</item>
			<item>
				<id>-1</id>
			</item>
			<item>
				<id>-1</id>
			</item>
			<item>
				<id>-1</id>
			</item>
			<item>
				<id>-1</id>
			</item>
			<item>
				<id>-1</id>
			</item>
			<item>
				<id>-1</id>
			</item>
			<item>
				<id>-1</id>
			</item>
			<item>
				<id>-1</id>
			</item>
			<item>
				<id>-1</id>
			</item>
			<item>
				<id>-1</id>
			</item>
			<item>
				<id>-1</id>
			</item>
			<item>
				<id>-1</id>
			</item>
			<item>
				<id>-1</id>
			</item>
			<item>
				<id>-1</id>
			</item>
			<item>
				<id>-1</id>
			</item>
			<item>
				<id>-1</id>
			</item>
			<item>
				<id>-1</id>
			</item>
			<item>
				<id>-1</id>
			</item>
			<item>
				<id>-1</id>
			</item>
			<item>
				<id>-1</id>
			</item>
			<item>
				<id>-1</id>
			</item>
			<item>
				<id>-1</id>
			</item>
			<item>
				<id>-1</id>
			</item>
			<item>
				<id>-1</id>
			</item>
			<item>
				<id>-1</id>
			</item>
			<item>
				<id>-1</id>
			</item>
			<item>
				<id>-1</id>
			</item>
			<item>
				<id>-1</id>
			</item>
			<item>
				<id>-1</id>
			</item>
			<item>
				<id>-1</id>
			</item>
			<item>
				<id>-1</id>
			</item>
			<item>
				<id>-1</id>
			</item>
			<item>
				<id>-1</id>
			</item>
			<item>
				<id>-1</id>
			</item>
			<item>
				<id>-1</id>
			</item>
			<item>
				<id>-1</id>
			</item>
			<item>
				<id>-1</id>
			</item>
			<item>
				<id>-1</id>
			</item>
			<item>
				<id>-1</id>
			</item>
			<item>
				<id>-1</id>
			</item>
			<item>
				<id>-1</id>
			</item>
			<item>
				<id>-1</id>
			</item>
			<item>
				<id>-1</id>
			</item>
			<item>
				<id>-1</id>
			</item>
			<item>
				<id>-1</id>
			</item>
			<item>
				<id>-1</id>
			</item>
			<item>
				<id>-1</id>
			</item>
			<item>
				<id>-1</id>
			</item>
			<item>
				<id>-1</id>
			</item>
			<item>
				<id>-1</id>
			</item>
			<item>
				<id>-1</id>
			</item>
			<item>
				<id>-1</id>
			</item>
			<item>
				<id>-1</id>
			</item>
			<item>
				<id>-1</id>
			</item>
			<item>
				<id>-1</id>
			</item>
			<item>
				<id>-1</id>
			</item>
			<item>
				<id>-1</id>
			</item>
			<item>
				<id>-1</id>
			</item>
			<item>
				<id>-1</id>
			</item>
			<item>
				<id>-1</id>
			</item>
			<item>
				<id>-1</id>
			</item>
			<item>
				<id>-1</id>
			</item>
			<item>
				<id>-1</id>
			</item>
			<item>
				<id>-1</id>
			</item>
			<item>
				<id>-1</id>
			</item>
			<item>
				<id>-1</id>
			</item>
			<item>
				<id>-1</id>
			</item>
			<item>
				<id>-1</id>
			</item>
			<item>
				<id>-1</id>
			</item>
			<item>
				<id>-1</id>
			</item>
			<item>
				<id>-1</id>
			</item>
			<item>
				<id>-1</id>
			</item>
			<item>
				<id>-1</id>
			</item>
			<item>
				<id>-1</id>
			</item>
			<item>
				<id>-1</id>
			</item>
			<item>
				<id>-1</id>
			</item>
			<item>
				<id>-1</id>
			</item>
			<item>
				<id>-1</id>
			</item>
			<item>
				<id>-1</id>
			</item>
			<item>
				<id>-1</id>
			</item>
			<item>
				<id>-1</id>
			</item>
			<item>
				<id>-1</id>
			</item>
			<item>
				<id>-1</id>
			</item>
			<item>
				<id>-1</id>
			</item>
			<item>
				<id>-1</id>
			</item>
			<item>
				<id>-1</id>
			</item>
			<item>
				<id>-1</id>
			</item>
			<item>
				<id>-1</id>
			</item>
			<item>
				<id>-1</id>
			</item>
			<item>
				<id>-1</id>
			</item>
			<item>
				<id>-1</id>
			</item>
			<item>
				<id>-1</id>
			</item>
			<item>
				<id>-1</id>
			</item>
			<item>
				<id>-1</id>
			</item>
			<item>
				<id>-1</id>
			</item>
			<item>
				<id>-1</id>
			</item>
			<item>
				<id>-1</id>
			</item>
			<item>
				<id>-1</id>
			</item>
			<item>
				<id>-1</id>
			</item>
			<item>
				<id>-1</id>
			</item>
			<item>
				<id>-1</id>
			</item>
			<item>
				<id>-1</id>
			</item>
			<item>
				<id>-1</id>
			</item>
			<item>
				<id>-1</id>
			</item>
			<item>
				<id>-1</id>
			</item>
			<item>
				<id>-1</id>
			</item>
			<item>
				<id>-1</id>
			</item>
			<item>
				<id>-1</id>
			</item>
			<item>
				<id>-1</id>
			</item>
			<item>
				<id>-1</id>
			</item>
			<item>
				<id>-1</id>
			</item>
			<item>
				<id>-1</id>
			</item>
			<item>
				<id>-1</id>
			</item>
			<item>
				<id>-1</id>
			</item>
			<item>
				<id>-1</id>
			</item>
			<item>
				<id>-1</id>
			</item>
			<item>
				<id>-1</id>
			</item>
			<item>
				<id>-1</id>
			</item>
			<item>
				<id>-1</id>
			</item>
			<item>
				<id>-1</id>
			</item>
			<item>
				<id>-1</id>
			</item>
			<item>
				<id>-1</id>
			</item>
			<item>
				<id>-1</id>
			</item>
			<item>
				<id>-1</id>
			</item>
			<item>
				<id>-1</id>
			</item>
			<item>
				<id>-1</id>
			</item>
			<item>
				<id>-1</id>
			</item>
			<item>
				<id>-1</id>
			</item>
			<item>
				<id>-1</id>
			</item>
			<item>
				<id>-1</id>
			</item>
			<item>
				<id>-1</id>
			</item>
			<item>
				<id>-1</id>
			</item>
			<item>
				<id>-1</id>
			</item>
			<item>
				<id>-1</id>
			</item>
			<item>
				<id>-1</id>
			</item>
			<item>
				<id>-1</id>
			</item>
			<item>
				<id>-1</id>
			</item>
			<item>
				<id>-1</id>
			</item>
			<item>
				<id>-1</id>
			</item>
			<item>
				<id>-1</id>
			</item>
			<item>
				<id>-1</id>
			</item>
			<item>
				<id>-1</id>
			</item>
			<item>
				<id>-1</id>
			</item>
			<item>
				<id>-1</id>
			</item>
			<item>
				<id>-1</id>
			</item>
			<item>
				<id>-1</id>
			</item>
			<item>
				<id>-1</id>
			</item>
			<item>
				<id>-1</id>
			</item>
			<item>
				<id>-1</id>
			</item>
			<item>
				<id>-1</id>
			</item>
			<item>
				<id>-1</id>
			</item>
			<item>
				<id>-1</id>
			</item>
			<item>
				<id>-1</id>
			</item>
			<item>
				<id>-1</id>
			</item>
			<item>
				<id>-1</id>
			</item>
			<item>
				<id>-1</id>
			</item>
			<item>
				<id>-1</id>
			</item>
			<item>
				<id>-1</id>
			</item>
			<item>
				<id>-1</id>
			</item>
			<item>
				<id>-1</id>
			</item>
			<item>
				<id>-1</id>
			</item>
			<item>
				<id>-1</id>
			</item>
			<item>
				<id>-1</id>
			</item>
			<item>
				<id>-1</id>
			</item>
			<item>
				<id>-1</id>
			</item>
			<item>
				<id>-1</id>
			</item>
			<item>
				<id>-1</id>
			</item>
			<item>
				<id>-1</id>
			</item>
			<item>
				<id>-1</id>
			</item>
			<item>
				<id>-1</id>
			</item>
			<item>
				<id>-1</id>
			</item>
			<item>
				<id>-1</id>
			</item>
			<item>
				<id>-1</id>
			</item>
			<item>
				<id>-1</id>
			</item>
			<item>
				<id>-1</id>
			</item>
			<item>
				<id>-1</id>
			</item>
			<item>
				<id>-1</id>
			</item>
			<item>
				<id>-1</id>
			</item>
			<item>
				<id>-1</id>
			</item>
			<item>
				<id>-1</id>
			</item>
			<item>
				<id>-1</id>
			</item>
			<item>
				<id>-1</id>
			</item>
			<item>
				<id>-1</id>
			</item>
			<item>
				<id>-1</id>
			</item>
			<item>
				<id>-1</id>
			</item>
			<item>
				<id>-1</id>
			</item>
			<item>
				<id>-1</id>
			</item>
			<item>
				<id>-1</id>
			</item>
			<item>
				<id>-1</id>
			</item>
			<item>
				<id>-1</id>
			</item>
			<item>
				<id>-1</id>
			</item>
			<item>
				<id>-1</id>
			</item>
			<item>
				<id>-1</id>
			</item>
			<item>
				<id>-1</id>
			</item>
			<item>
				<id>-1</id>
			</item>
			<item>
				<id>-1</id>
			</item>
			<item>
				<id>-1</id>
			</item>
			<item>
				<id>-1</id>
			</item>
			<item>
				<id>-1</id>
			</item>
			<item>
				<id>-1</id>
			</item>
			<item>
				<id>-1</id>
			</item>
			<item>
				<id>-1</id>
			</item>
			<item>
				<id>-1</id>
			</item>
			<item>
				<id>-1</id>
			</item>
			<item>
				<id>-1</id>
			</item>
			<item>
				<id>-1</id>
			</item>
			<item>
				<id>-1</id>
			</item>
			<item>
				<id>-1</id>
			</item>
			<item>
				<id>-1</id>
			</item>
			<item>
				<id>-1</id>
			</item>
			<item>
				<id>-1</id>
			</item>
			<item>
				<id>-1</id>
			</item>
			<item>
				<id>-1</id>
			</item>
			<item>
				<id>-1</id>
			</item>
			<item>
				<id>-1</id>
			</item>
			<item>
				<id>-1</id>
			</item>
			<item>
				<id>-1</id>
			</item>
			<item>
				<id>-1</id>
			</item>
			<item>
				<id>-1</id>
			</item>
			<item>
				<id>-1</id>
			</item>
			<item>
				<id>-1</id>
			</item>
			<item>
				<id>-1</id>
			</item>
			<item>
				<id>-1</id>
			</item>
			<item>
				<id>-1</id>
			</item>
			<item>
				<id>-1</id>
			</item>
			<item>
				<id>-1</id>
			</item>
			<item>
				<id>-1</id>
			</item>
			<item>
				<id>-1</id>
			</item>
			<item>
				<id>-1</id>
			</item>
			<item>
				<id>-1</id>
			</item>
			<item>
				<id>-1</id>
			</item>
			<item>
				<id>-1</id>
			</item>
			<item>
				<id>-1</id>
			</item>
			<item>
				<id>-1</id>
			</item>
			<item>
				<id>-1</id>
			</item>
			<item>
				<id>-1</id>
			</item>
			<item>
				<id>-1</id>
			</item>
			<item>
				<id>-1</id>
			</item>
			<item>
				<id>-1</id>
			</item>
			<item>
				<id>-1</id>
			</item>
			<item>
				<id>-1</id>
			</item>
			<item>
				<id>-1</id>
			</item>
			<item>
				<id>-1</id>
			</item>
			<item>
				<id>-1</id>
			</item>
			<item>
				<id>-1</id>
			</item>
			<item>
				<id>-1</id>
			</item>
			<item>
				<id>-1</id>
			</item>
			<item>
				<id>-1</id>
			</item>
			<item>
				<id>-1</id>
			</item>
			<item>
				<id>-1</id>
			</item>
			<item>
				<id>-1</id>
			</item>
			<item>
				<id>-1</id>
			</item>
			<item>
				<id>-1</id>
			</item>
			<item>
				<id>-1</id>
			</item>
			<item>
				<id>-1</id>
			</item>
			<item>
				<id>-1</id>
			</item>
			<item>
				<id>-1</id>
			</item>
			<item>
				<id>-1</id>
			</item>
			<item>
				<id>-1</id>
			</item>
			<item>
				<id>-1</id>
			</item>
			<item>
				<id>-1</id>
			</item>
			<item>
				<id>-1</id>
			</item>
			<item>
				<id>-1</id>
			</item>
			<item>
				<id>-1</id>
			</item>
			<item>
				<id>-1</id>
			</item>
			<item>
				<id>-1</id>
			</item>
			<item>
				<id>-1</id>
			</item>
			<item>
				<id>-1</id>
			</item>
			<item>
				<id>-1</id>
			</item>
			<item>
				<id>-1</id>
			</item>
			<item>
				<id>-1</id>
			</item>
			<item>
				<id>-1</id>
			</item>
			<item>
				<id>-1</id>
			</item>
			<item>
				<id>-1</id>
			</item>
			<item>
				<id>-1</id>
			</item>
			<item>
				<id>-1</id>
			</item>
			<item>
				<id>-1</id>
			</item>
			<item>
				<id>-1</id>
			</item>
			<item>
				<id>-1</id>
			</item>
			<item>
				<id>-1</id>
			</item>
			<item>
				<id>-1</id>
			</item>
			<item>
				<id>-1</id>
			</item>
			<item>
				<id>-1</id>
			</item>
			<item>
				<id>-1</id>
			</item>
			<item>
				<id>-1</id>
			</item>
			<item>
				<id>-1</id>
			</item>
			<item>
				<id>-1</id>
			</item>
			<item>
				<id>-1</id>
			</item>
			<item>
				<id>-1</id>
			</item>
			<item>
				<id>-1</id>
			</item>
			<item>
				<id>-1</id>
			</item>
			<item>
				<id>-1</id>
			</item>
			<item>
				<id>-1</id>
			</item>
			<item>
				<id>-1</id>
			</item>
			<item>
				<id>-1</id>
			</item>
			<item>
				<id>-1</id>
			</item>
			<item>
				<id>-1</id>
			</item>
			<item>
				<id>-1</id>
			</item>
			<item>
				<id>-1</id>
			</item>
			<item>
				<id>-1</id>
			</item>
			<item>
				<id>-1</id>
			</item>
			<item>
				<id>-1</id>
			</item>
			<item>
				<id>-1</id>
			</item>
			<item>
				<id>-1</id>
			</item>
			<item>
				<id>-1</id>
			</item>
			<item>
				<id>-1</id>
			</item>
			<item>
				<id>-1</id>
			</item>
			<item>
				<id>-1</id>
			</item>
			<item>
				<id>-1</id>
			</item>
			<item>
				<id>-1</id>
			</item>
			<item>
				<id>-1</id>
			</item>
			<item>
				<id>-1</id>
			</item>
			<item>
				<id>-1</id>
			</item>
			<item>
				<id>-1</id>
			</item>
			<item>
				<id>-1</id>
			</item>
			<item>
				<id>-1</id>
			</item>
			<item>
				<id>-1</id>
			</item>
			<item>
				<id>-1</id>
			</item>
			<item>
				<id>-1</id>
			</item>
			<item>
				<id>-1</id>
			</item>
			<item>
				<id>-1</id>
			</item>
			<item>
				<id>-1</id>
			</item>
			<item>
				<id>-1</id>
			</item>
			<item>
				<id>-1</id>
			</item>
			<item>
				<id>-1</id>
			</item>
			<item>
				<id>-1</id>
			</item>
			<item>
				<id>-1</id>
			</item>
			<item>
				<id>-1</id>
			</item>
			<item>
				<id>-1</id>
			</item>
			<item>
				<id>-1</id>
			</item>
			<item>
				<id>-1</id>
			</item>
			<item>
				<id>-1</id>
			</item>
			<item>
				<id>-1</id>
			</item>
			<item>
				<id>-1</id>
			</item>
			<item>
				<id>-1</id>
			</item>
			<item>
				<id>-1</id>
			</item>
			<item>
				<id>-1</id>
			</item>
			<item>
				<id>-1</id>
			</item>
			<item>
				<id>-1</id>
			</item>
			<item>
				<id>-1</id>
			</item>
			<item>
				<id>-1</id>
			</item>
			<item>
				<id>-1</id>
			</item>
			<item>
				<id>-1</id>
			</item>
			<item>
				<id>-1</id>
			</item>
			<item>
				<id>-1</id>
			</item>
			<item>
				<id>-1</id>
			</item>
			<item>
				<id>-1</id>
			</item>
			<item>
				<id>-1</id>
			</item>
			<item>
				<id>-1</id>
			</item>
			<item>
				<id>-1</id>
			</item>
			<item>
				<id>-1</id>
			</item>
			<item>
				<id>-1</id>
			</item>
			<item>
				<id>-1</id>
			</item>
			<item>
				<id>-1</id>
			</item>
			<item>
				<id>-1</id>
			</item>
			<item>
				<id>-1</id>
			</item>
			<item>
				<id>-1</id>
			</item>
			<item>
				<id>-1</id>
			</item>
			<item>
				<id>-1</id>
			</item>
			<item>
				<id>-1</id>
			</item>
			<item>
				<id>-1</id>
			</item>
			<item>
				<id>-1</id>
			</item>
			<item>
				<id>-1</id>
			</item>
			<item>
				<id>-1</id>
			</item>
			<item>
				<id>-1</id>
			</item>
			<item>
				<id>-1</id>
			</item>
			<item>
				<id>-1</id>
			</item>
			<item>
				<id>-1</id>
			</item>
			<item>
				<id>-1</id>
			</item>
			<item>
				<id>-1</id>
			</item>
			<item>
				<id>-1</id>
			</item>
			<item>
				<id>-1</id>
			</item>
			<item>
				<id>-1</id>
			</item>
			<item>
				<id>-1</id>
			</item>
			<item>
				<id>-1</id>
			</item>
			<item>
				<id>-1</id>
			</item>
			<item>
				<id>-1</id>
			</item>
			<item>
				<id>-1</id>
			</item>
			<item>
				<id>-1</id>
			</item>
			<item>
				<id>-1</id>
			</item>
			<item>
				<id>-1</id>
			</item>
			<item>
				<id>-1</id>
			</item>
			<item>
				<id>-1</id>
			</item>
			<item>
				<id>-1</id>
			</item>
			<item>
				<id>-1</id>
			</item>
			<item>
				<id>-1</id>
			</item>
			<item>
				<id>-1</id>
			</item>
			<item>
				<id>-1</id>
			</item>
			<item>
				<id>-1</id>
			</item>
			<item>
				<id>-1</id>
			</item>
			<item>
				<id>-1</id>
			</item>
			<item>
				<id>-1</id>
			</item>
			<item>
				<id>-1</id>
			</item>
			<item>
				<id>-1</id>
			</item>
			<item>
				<id>-1</id>
			</item>
			<item>
				<id>-1</id>
			</item>
			<item>
				<id>-1</id>
			</item>
			<item>
				<id>-1</id>
			</item>
			<item>
				<id>-1</id>
			</item>
			<item>
				<id>-1</id>
			</item>
			<item>
				<id>-1</id>
			</item>
			<item>
				<id>-1</id>
			</item>
			<item>
				<id>-1</id>
			</item>
			<item>
				<id>-1</id>
			</item>
			<item>
				<id>-1</id>
			</item>
			<item>
				<id>-1</id>
			</item>
			<item>
				<id>-1</id>
			</item>
			<item>
				<id>-1</id>
			</item>
			<item>
				<id>-1</id>
			</item>
			<item>
				<id>-1</id>
			</item>
			<item>
				<id>-1</id>
			</item>
			<item>
				<id>-1</id>
			</item>
			<item>
				<id>-1</id>
			</item>
			<item>
				<id>-1</id>
			</item>
			<item>
				<id>-1</id>
			</item>
			<item>
				<id>-1</id>
			</item>
			<item>
				<id>-1</id>
			</item>
			<item>
				<id>-1</id>
			</item>
			<item>
				<id>-1</id>
			</item>
			<item>
				<id>-1</id>
			</item>
			<item>
				<id>-1</id>
			</item>
			<item>
				<id>-1</id>
			</item>
			<item>
				<id>-1</id>
			</item>
			<item>
				<id>-1</id>
			</item>
			<item>
				<id>-1</id>
			</item>
			<item>
				<id>-1</id>
			</item>
			<item>
				<id>-1</id>
			</item>
			<item>
				<id>-1</id>
			</item>
			<item>
				<id>-1</id>
			</item>
			<item>
				<id>-1</id>
			</item>
			<item>
				<id>-1</id>
			</item>
			<item>
				<id>-1</id>
			</item>
			<item>
				<id>-1</id>
			</item>
			<item>
				<id>-1</id>
			</item>
			<item>
				<id>-1</id>
			</item>
			<item>
				<id>-1</id>
			</item>
			<item>
				<id>-1</id>
			</item>
			<item>
				<id>-1</id>
			</item>
			<item>
				<id>-1</id>
			</item>
			<item>
				<id>-1</id>
			</item>
			<item>
				<id>-1</id>
			</item>
			<item>
				<id>-1</id>
			</item>
			<item>
				<id>-1</id>
			</item>
			<item>
				<id>-1</id>
			</item>
			<item>
				<id>-1</id>
			</item>
			<item>
				<id>-1</id>
			</item>
			<item>
				<id>-1</id>
			</item>
			<item>
				<id>-1</id>
			</item>
			<item>
				<id>-1</id>
			</item>
			<item>
				<id>-1</id>
			</item>
			<item>
				<id>-1</id>
			</item>
			<item>
				<id>-1</id>
			</item>
			<item>
				<id>-1</id>
			</item>
			<item>
				<id>-1</id>
			</item>
			<item>
				<id>-1</id>
			</item>
			<item>
				<id>-1</id>
			</item>
			<item>
				<id>-1</id>
			</item>
			<item>
				<id>-1</id>
			</item>
			<item>
				<id>-1</id>
			</item>
			<item>
				<id>-1</id>
			</item>
			<item>
				<id>-1</id>
			</item>
			<item>
				<id>-1</id>
			</item>
			<item>
				<id>-1</id>
			</item>
			<item>
				<id>-1</id>
			</item>
			<item>
				<id>-1</id>
			</item>
			<item>
				<id>-1</id>
			</item>
			<item>
				<id>-1</id>
			</item>
			<item>
				<id>-1</id>
			</item>
			<item>
				<id>-1</id>
			</item>
			<item>
				<id>-1</id>
			</item>
			<item>
				<id>-1</id>
			</item>
			<item>
				<id>-1</id>
			</item>
			<item>
				<id>-1</id>
			</item>
			<item>
				<id>-1</id>
			</item>
			<item>
				<id>-1</id>
			</item>
			<item>
				<id>-1</id>
			</item>
			<item>
				<id>-1</id>
			</item>
			<item>
				<id>-1</id>
			</item>
			<item>
				<id>-1</id>
			</item>
			<item>
				<id>-1</id>
			</item>
			<item>
				<id>-1</id>
			</item>
			<item>
				<id>-1</id>
			</item>
			<item>
				<id>-1</id>
			</item>
			<item>
				<id>-1</id>
			</item>
			<item>
				<id>-1</id>
			</item>
			<item>
				<id>-1</id>
			</item>
			<item>
				<id>-1</id>
			</item>
			<item>
				<id>-1</id>
			</item>
			<item>
				<id>-1</id>
			</item>
			<item>
				<id>-1</id>
			</item>
			<item>
				<id>-1</id>
			</item>
			<item>
				<id>-1</id>
			</item>
			<item>
				<id>-1</id>
			</item>
			<item>
				<id>-1</id>
			</item>
			<item>
				<id>-1</id>
			</item>
			<item>
				<id>-1</id>
			</item>
			<item>
				<id>-1</id>
			</item>
			<item>
				<id>-1</id>
			</item>
			<item>
				<id>-1</id>
			</item>
			<item>
				<id>-1</id>
			</item>
			<item>
				<id>-1</id>
			</item>
			<item>
				<id>-1</id>
			</item>
			<item>
				<id>-1</id>
			</item>
			<item>
				<id>-1</id>
			</item>
			<item>
				<id>-1</id>
			</item>
			<item>
				<id>-1</id>
			</item>
			<item>
				<id>-1</id>
			</item>
			<item>
				<id>-1</id>
			</item>
			<item>
				<id>-1</id>
			</item>
			<item>
				<id>-1</id>
			</item>
			<item>
				<id>-1</id>
			</item>
			<item>
				<id>-1</id>
			</item>
			<item>
				<id>-1</id>
			</item>
			<item>
				<id>-1</id>
			</item>
			<item>
				<id>-1</id>
			</item>
			<item>
				<id>-1</id>
			</item>
			<item>
				<id>-1</id>
			</item>
			<item>
				<id>-1</id>
			</item>
			<item>
				<id>-1</id>
			</item>
			<item>
				<id>-1</id>
			</item>
			<item>
				<id>-1</id>
			</item>
			<item>
				<id>-1</id>
			</item>
			<item>
				<id>-1</id>
			</item>
			<item>
				<id>-1</id>
			</item>
			<item>
				<id>-1</id>
			</item>
			<item>
				<id>-1</id>
			</item>
			<item>
				<id>-1</id>
			</item>
			<item>
				<id>-1</id>
			</item>
			<item>
				<id>-1</id>
			</item>
			<item>
				<id>-1</id>
			</item>
			<item>
				<id>-1</id>
			</item>
			<item>
				<id>-1</id>
			</item>
			<item>
				<id>-1</id>
			</item>
			<item>
				<id>-1</id>
			</item>
			<item>
				<id>-1</id>
			</item>
			<item>
				<id>-1</id>
			</item>
			<item>
				<id>-1</id>
			</item>
			<item>
				<id>-1</id>
			</item>
			<item>
				<id>-1</id>
			</item>
			<item>
				<id>-1</id>
			</item>
			<item>
				<id>-1</id>
			</item>
			<item>
				<id>-1</id>
			</item>
			<item>
				<id>-1</id>
			</item>
			<item>
				<id>-1</id>
			</item>
			<item>
				<id>-1</id>
			</item>
			<item>
				<id>-1</id>
			</item>
			<item>
				<id>-1</id>
			</item>
			<item>
				<id>-1</id>
			</item>
			<item>
				<id>-1</id>
			</item>
			<item>
				<id>-1</id>
			</item>
			<item>
				<id>-1</id>
			</item>
			<item>
				<id>-1</id>
			</item>
			<item>
				<id>-1</id>
			</item>
			<item>
				<id>-1</id>
			</item>
			<item>
				<id>-1</id>
			</item>
			<item>
				<id>-1</id>
			</item>
			<item>
				<id>-1</id>
			</item>
			<item>
				<id>-1</id>
			</item>
			<item>
				<id>-1</id>
			</item>
			<item>
				<id>-1</id>
			</item>
			<item>
				<id>-1</id>
			</item>
			<item>
				<id>-1</id>
			</item>
			<item>
				<id>-1</id>
			</item>
			<item>
				<id>-1</id>
			</item>
			<item>
				<id>-1</id>
			</item>
			<item>
				<id>-1</id>
			</item>
			<item>
				<id>-1</id>
			</item>
			<item>
				<id>-1</id>
			</item>
			<item>
				<id>-1</id>
			</item>
			<item>
				<id>-1</id>
			</item>
			<item>
				<id>-1</id>
			</item>
			<item>
				<id>-1</id>
			</item>
			<item>
				<id>-1</id>
			</item>
			<item>
				<id>-1</id>
			</item>
			<item>
				<id>-1</id>
			</item>
			<item>
				<id>-1</id>
			</item>
			<item>
				<id>-1</id>
			</item>
			<item>
				<id>-1</id>
			</item>
			<item>
				<id>-1</id>
			</item>
			<item>
				<id>-1</id>
			</item>
			<item>
				<id>-1</id>
			</item>
			<item>
				<id>-1</id>
			</item>
			<item>
				<id>-1</id>
			</item>
			<item>
				<id>-1</id>
			</item>
			<item>
				<id>-1</id>
			</item>
			<item>
				<id>-1</id>
			</item>
			<item>
				<id>-1</id>
			</item>
			<item>
				<id>-1</id>
			</item>
			<item>
				<id>-1</id>
			</item>
			<item>
				<id>-1</id>
			</item>
			<item>
				<id>-1</id>
			</item>
			<item>
				<id>-1</id>
			</item>
			<item>
				<id>-1</id>
			</item>
			<item>
				<id>-1</id>
			</item>
			<item>
				<id>-1</id>
			</item>
			<item>
				<id>-1</id>
			</item>
			<item>
				<id>-1</id>
			</item>
			<item>
				<id>-1</id>
			</item>
			<item>
				<id>-1</id>
			</item>
			<item>
				<id>-1</id>
			</item>
			<item>
				<id>-1</id>
			</item>
			<item>
				<id>-1</id>
			</item>
			<item>
				<id>-1</id>
			</item>
			<item>
				<id>-1</id>
			</item>
			<item>
				<id>-1</id>
			</item>
			<item>
				<id>-1</id>
			</item>
			<item>
				<id>-1</id>
			</item>
			<item>
				<id>-1</id>
			</item>
			<item>
				<id>-1</id>
			</item>
			<item>
				<id>-1</id>
			</item>
			<item>
				<id>-1</id>
			</item>
			<item>
				<id>-1</id>
			</item>
			<item>
				<id>-1</id>
			</item>
			<item>
				<id>-1</id>
			</item>
			<item>
				<id>-1</id>
			</item>
			<item>
				<id>-1</id>
			</item>
			<item>
				<id>-1</id>
			</item>
			<item>
				<id>-1</id>
			</item>
			<item>
				<id>-1</id>
			</item>
			<item>
				<id>-1</id>
			</item>
			<item>
				<id>-1</id>
			</item>
			<item>
				<id>-1</id>
			</item>
			<item>
				<id>-1</id>
			</item>
			<item>
				<id>-1</id>
			</item>
			<item>
				<id>-1</id>
			</item>
			<item>
				<id>-1</id>
			</item>
			<item>
				<id>-1</id>
			</item>
			<item>
				<id>-1</id>
			</item>
			<item>
				<id>-1</id>
			</item>
			<item>
				<id>-1</id>
			</item>
			<item>
				<id>-1</id>
			</item>
			<item>
				<id>-1</id>
			</item>
			<item>
				<id>-1</id>
			</item>
			<item>
				<id>-1</id>
			</item>
			<item>
				<id>-1</id>
			</item>
			<item>
				<id>-1</id>
			</item>
			<item>
				<id>-1</id>
			</item>
			<item>
				<id>-1</id>
			</item>
			<item>
				<id>-1</id>
			</item>
			<item>
				<id>-1</id>
			</item>
			<item>
				<id>-1</id>
			</item>
			<item>
				<id>-1</id>
			</item>
			<item>
				<id>-1</id>
			</item>
			<item>
				<id>-1</id>
			</item>
			<item>
				<id>-1</id>
			</item>
			<item>
				<id>-1</id>
			</item>
			<item>
				<id>-1</id>
			</item>
			<item>
				<id>-1</id>
			</item>
			<item>
				<id>-1</id>
			</item>
			<item>
				<id>-1</id>
			</item>
			<item>
				<id>-1</id>
			</item>
			<item>
				<id>-1</id>
			</item>
			<item>
				<id>-1</id>
			</item>
			<item>
				<id>-1</id>
			</item>
			<item>
				<id>-1</id>
			</item>
			<item>
				<id>-1</id>
			</item>
			<item>
				<id>-1</id>
			</item>
			<item>
				<id>-1</id>
			</item>
			<item>
				<id>-1</id>
			</item>
			<item>
				<id>-1</id>
			</item>
			<item>
				<id>-1</id>
			</item>
			<item>
				<id>-1</id>
			</item>
			<item>
				<id>-1</id>
			</item>
			<item>
				<id>-1</id>
			</item>
			<item>
				<id>-1</id>
			</item>
			<item>
				<id>-1</id>
			</item>
			<item>
				<id>-1</id>
			</item>
			<item>
				<id>-1</id>
			</item>
			<item>
				<id>-1</id>
			</item>
			<item>
				<id>-1</id>
			</item>
			<item>
				<id>-1</id>
			</item>
			<item>
				<id>-1</id>
			</item>
			<item>
				<id>-1</id>
			</item>
			<item>
				<id>-1</id>
			</item>
			<item>
				<id>-1</id>
			</item>
			<item>
				<id>-1</id>
			</item>
			<item>
				<id>-1</id>
			</item>
			<item>
				<id>-1</id>
			</item>
			<item>
				<id>-1</id>
			</item>
			<item>
				<id>-1</id>
			</item>
			<item>
				<id>-1</id>
			</item>
			<item>
				<id>-1</id>
			</item>
			<item>
				<id>-1</id>
			</item>
			<item>
				<id>-1</id>
			</item>
			<item>
				<id>-1</id>
			</item>
			<item>
				<id>-1</id>
			</item>
			<item>
				<id>-1</id>
			</item>
			<item>
				<id>-1</id>
			</item>
			<item>
				<id>-1</id>
			</item>
			<item>
				<id>-1</id>
			</item>
			<item>
				<id>-1</id>
			</item>
			<item>
				<id>-1</id>
			</item>
			<item>
				<id>-1</id>
			</item>
			<item>
				<id>-1</id>
			</item>
			<item>
				<id>-1</id>
			</item>
			<item>
				<id>-1</id>
			</item>
			<item>
				<id>-1</id>
			</item>
			<item>
				<id>-1</id>
			</item>
			<item>
				<id>-1</id>
			</item>
			<item>
				<id>-1</id>
			</item>
			<item>
				<id>-1</id>
			</item>
			<item>
				<id>-1</id>
			</item>
			<item>
				<id>-1</id>
			</item>
			<item>
				<id>-1</id>
			</item>
			<item>
				<id>-1</id>
			</item>
			<item>
				<id>-1</id>
			</item>
			<item>
				<id>-1</id>
			</item>
			<item>
				<id>-1</id>
			</item>
			<item>
				<id>-1</id>
			</item>
			<item>
				<id>-1</id>
			</item>
			<item>
				<id>-1</id>
			</item>
			<item>
				<id>-1</id>
			</item>
			<item>
				<id>-1</id>
			</item>
			<item>
				<id>-1</id>
			</item>
			<item>
				<id>-1</id>
			</item>
			<item>
				<id>-1</id>
			</item>
			<item>
				<id>-1</id>
			</item>
			<item>
				<id>-1</id>
			</item>
			<item>
				<id>-1</id>
			</item>
			<item>
				<id>-1</id>
			</item>
			<item>
				<id>-1</id>
			</item>
			<item>
				<id>-1</id>
			</item>
			<item>
				<id>-1</id>
			</item>
			<item>
				<id>-1</id>
			</item>
			<item>
				<id>-1</id>
			</item>
			<item>
				<id>-1</id>
			</item>
			<item>
				<id>-1</id>
			</item>
			<item>
				<id>-1</id>
			</item>
			<item>
				<id>-1</id>
			</item>
			<item>
				<id>-1</id>
			</item>
			<item>
				<id>-1</id>
			</item>
			<item>
				<id>-1</id>
			</item>
			<item>
				<id>-1</id>
			</item>
			<item>
				<id>-1</id>
			</item>
			<item>
				<id>-1</id>
			</item>
			<item>
				<id>-1</id>
			</item>
			<item>
				<id>-1</id>
			</item>
			<item>
				<id>-1</id>
			</item>
			<item>
				<id>-1</id>
			</item>
			<item>
				<id>-1</id>
			</item>
			<item>
				<id>-1</id>
			</item>
			<item>
				<id>-1</id>
			</item>
			<item>
				<id>-1</id>
			</item>
			<item>
				<id>-1</id>
			</item>
			<item>
				<id>-1</id>
			</item>
			<item>
				<id>-1</id>
			</item>
			<item>
				<id>-1</id>
			</item>
			<item>
				<id>-1</id>
			</item>
			<item>
				<id>-1</id>
			</item>
			<item>
				<id>-1</id>
			</item>
			<item>
				<id>-1</id>
			</item>
			<item>
				<id>-1</id>
			</item>
			<item>
				<id>-1</id>
			</item>
			<item>
				<id>-1</id>
			</item>
			<item>
				<id>-1</id>
			</item>
			<item>
				<id>-1</id>
			</item>
			<item>
				<id>-1</id>
			</item>
			<item>
				<id>-1</id>
			</item>
			<item>
				<id>-1</id>
			</item>
			<item>
				<id>-1</id>
			</item>
			<item>
				<id>-1</id>
			</item>
			<item>
				<id>-1</id>
			</item>
			<item>
				<id>-1</id>
			</item>
			<item>
				<id>-1</id>
			</item>
			<item>
				<id>-1</id>
			</item>
			<item>
				<id>-1</id>
			</item>
			<item>
				<id>-1</id>
			</item>
			<item>
				<id>-1</id>
			</item>
			<item>
				<id>-1</id>
			</item>
			<item>
				<id>-1</id>
			</item>
			<item>
				<id>-1</id>
			</item>
			<item>
				<id>-1</id>
			</item>
			<item>
				<id>-1</id>
			</item>
			<item>
				<id>-1</id>
			</item>
			<item>
				<id>-1</id>
			</item>
			<item>
				<id>-1</id>
			</item>
			<item>
				<id>-1</id>
			</item>
			<item>
				<id>-1</id>
			</item>
			<item>
				<id>-1</id>
			</item>
			<item>
				<id>-1</id>
			</item>
			<item>
				<id>-1</id>
			</item>
			<item>
				<id>-1</id>
			</item>
			<item>
				<id>-1</id>
			</item>
			<item>
				<id>-1</id>
			</item>
			<item>
				<id>-1</id>
			</item>
			<item>
				<id>-1</id>
			</item>
			<item>
				<id>-1</id>
			</item>
			<item>
				<id>-1</id>
			</item>
			<item>
				<id>-1</id>
			</item>
			<item>
				<id>-1</id>
			</item>
			<item>
				<id>-1</id>
			</item>
			<item>
				<id>-1</id>
			</item>
			<item>
				<id>-1</id>
			</item>
			<item>
				<id>-1</id>
			</item>
			<item>
				<id>-1</id>
			</item>
			<item>
				<id>-1</id>
			</item>
			<item>
				<id>-1</id>
			</item>
			<item>
				<id>-1</id>
			</item>
			<item>
				<id>-1</id>
			</item>
			<item>
				<id>-1</id>
			</item>
			<item>
				<id>-1</id>
			</item>
			<item>
				<id>-1</id>
			</item>
			<item>
				<id>-1</id>
			</item>
			<item>
				<id>-1</id>
			</item>
			<item>
				<id>-1</id>
			</item>
			<item>
				<id>-1</id>
			</item>
			<item>
				<id>-1</id>
			</item>
			<item>
				<id>-1</id>
			</item>
			<item>
				<id>-1</id>
			</item>
			<item>
				<id>-1</id>
			</item>
			<item>
				<id>-1</id>
			</item>
			<item>
				<id>-1</id>
			</item>
			<item>
				<id>-1</id>
			</item>
			<item>
				<id>-1</id>
			</item>
			<item>
				<id>-1</id>
			</item>
			<item>
				<id>-1</id>
			</item>
			<item>
				<id>-1</id>
			</item>
			<item>
				<id>-1</id>
			</item>
			<item>
				<id>-1</id>
			</item>
			<item>
				<id>-1</id>
			</item>
			<item>
				<id>-1</id>
			</item>
			<item>
				<id>-1</id>
			</item>
			<item>
				<id>-1</id>
			</item>
			<item>
				<id>-1</id>
			</item>
			<item>
				<id>-1</id>
			</item>
			<item>
				<id>-1</id>
			</item>
			<item>
				<id>-1</id>
			</item>
			<item>
				<id>-1</id>
			</item>
			<item>
				<id>-1</id>
			</item>
			<item>
				<id>-1</id>
			</item>
			<item>
				<id>-1</id>
			</item>
			<item>
				<id>-1</id>
			</item>
			<item>
				<id>-1</id>
			</item>
			<item>
				<id>-1</id>
			</item>
			<item>
				<id>-1</id>
			</item>
			<item>
				<id>-1</id>
			</item>
			<item>
				<id>-1</id>
			</item>
			<item>
				<id>-1</id>
			</item>
			<item>
				<id>-1</id>
			</item>
			<item>
				<id>-1</id>
			</item>
			<item>
				<id>-1</id>
			</item>
			<item>
				<id>-1</id>
			</item>
			<item>
				<id>-1</id>
			</item>
			<item>
				<id>-1</id>
			</item>
			<item>
				<id>-1</id>
			</item>
			<item>
				<id>-1</id>
			</item>
			<item>
				<id>-1</id>
			</item>
			<item>
				<id>-1</id>
			</item>
			<item>
				<id>-1</id>
			</item>
			<item>
				<id>-1</id>
			</item>
			<item>
				<id>-1</id>
			</item>
			<item>
				<id>-1</id>
			</item>
			<item>
				<id>-1</id>
			</item>
			<item>
				<id>-1</id>
			</item>
			<item>
				<id>-1</id>
			</item>
			<item>
				<id>-1</id>
			</item>
			<item>
				<id>-1</id>
			</item>
			<item>
				<id>-1</id>
			</item>
			<item>
				<id>-1</id>
			</item>
			<item>
				<id>-1</id>
			</item>
			<item>
				<id>-1</id>
			</item>
			<item>
				<id>-1</id>
			</item>
			<item>
				<id>-1</id>
			</item>
			<item>
				<id>-1</id>
			</item>
			<item>
				<id>-1</id>
			</item>
			<item>
				<id>-1</id>
			</item>
			<item>
				<id>-1</id>
			</item>
			<item>
				<id>-1</id>
			</item>
			<item>
				<id>-1</id>
			</item>
			<item>
				<id>-1</id>
			</item>
			<item>
				<id>-1</id>
			</item>
			<item>
				<id>-1</id>
			</item>
			<item>
				<id>-1</id>
			</item>
			<item>
				<id>-1</id>
			</item>
			<item>
				<id>-1</id>
			</item>
			<item>
				<id>-1</id>
			</item>
			<item>
				<id>-1</id>
			</item>
			<item>
				<id>-1</id>
			</item>
			<item>
				<id>-1</id>
			</item>
			<item>
				<id>-1</id>
			</item>
			<item>
				<id>-1</id>
			</item>
			<item>
				<id>-1</id>
			</item>
			<item>
				<id>-1</id>
			</item>
			<item>
				<id>-1</id>
			</item>
			<item>
				<id>-1</id>
			</item>
			<item>
				<id>-1</id>
			</item>
			<item>
				<id>-1</id>
			</item>
			<item>
				<id>-1</id>
			</item>
			<item>
				<id>-1</id>
			</item>
			<item>
				<id>-1</id>
			</item>
			<item>
				<id>-1</id>
			</item>
			<item>
				<id>-1</id>
			</item>
			<item>
				<id>-1</id>
			</item>
			<item>
				<id>-1</id>
			</item>
			<item>
				<id>-1</id>
			</item>
			<item>
				<id>-1</id>
			</item>
			<item>
				<id>-1</id>
			</item>
			<item>
				<id>-1</id>
			</item>
			<item>
				<id>-1</id>
			</item>
			<item>
				<id>-1</id>
			</item>
			<item>
				<id>-1</id>
			</item>
			<item>
				<id>-1</id>
			</item>
			<item>
				<id>-1</id>
			</item>
			<item>
				<id>-1</id>
			</item>
			<item>
				<id>-1</id>
			</item>
			<item>
				<id>-1</id>
			</item>
			<item>
				<id>-1</id>
			</item>
			<item>
				<id>-1</id>
			</item>
			<item>
				<id>-1</id>
			</item>
			<item>
				<id>-1</id>
			</item>
			<item>
				<id>-1</id>
			</item>
			<item>
				<id>-1</id>
			</item>
			<item>
				<id>-1</id>
			</item>
			<item>
				<id>-1</id>
			</item>
			<item>
				<id>-1</id>
			</item>
			<item>
				<id>-1</id>
			</item>
			<item>
				<id>-1</id>
			</item>
			<item>
				<id>-1</id>
			</item>
			<item>
				<id>-1</id>
			</item>
			<item>
				<id>-1</id>
			</item>
			<item>
				<id>-1</id>
			</item>
			<item>
				<id>-1</id>
			</item>
			<item>
				<id>-1</id>
			</item>
			<item>
				<id>-1</id>
			</item>
			<item>
				<id>-1</id>
			</item>
			<item>
				<id>-1</id>
			</item>
			<item>
				<id>-1</id>
			</item>
			<item>
				<id>-1</id>
			</item>
			<item>
				<id>-1</id>
			</item>
			<item>
				<id>-1</id>
			</item>
			<item>
				<id>-1</id>
			</item>
			<item>
				<id>-1</id>
			</item>
			<item>
				<id>-1</id>
			</item>
			<item>
				<id>-1</id>
			</item>
			<item>
				<id>-1</id>
			</item>
			<item>
				<id>-1</id>
			</item>
			<item>
				<id>-1</id>
			</item>
			<item>
				<id>-1</id>
			</item>
			<item>
				<id>-1</id>
			</item>
			<item>
				<id>-1</id>
			</item>
			<item>
				<id>-1</id>
			</item>
			<item>
				<id>-1</id>
			</item>
			<item>
				<id>-1</id>
			</item>
			<item>
				<id>-1</id>
			</item>
			<item>
				<id>-1</id>
			</item>
			<item>
				<id>-1</id>
			</item>
			<item>
				<id>-1</id>
			</item>
			<item>
				<id>-1</id>
			</item>
			<item>
				<id>-1</id>
			</item>
			<item>
				<id>-1</id>
			</item>
			<item>
				<id>-1</id>
			</item>
			<item>
				<id>-1</id>
			</item>
			<item>
				<id>-1</id>
			</item>
			<item>
				<id>-1</id>
			</item>
			<item>
				<id>-1</id>
			</item>
			<item>
				<id>-1</id>
			</item>
			<item>
				<id>-1</id>
			</item>
			<item>
				<id>-1</id>
			</item>
			<item>
				<id>-1</id>
			</item>
			<item>
				<id>-1</id>
			</item>
			<item>
				<id>-1</id>
			</item>
			<item>
				<id>-1</id>
			</item>
			<item>
				<id>-1</id>
			</item>
			<item>
				<id>-1</id>
			</item>
			<item>
				<id>-1</id>
			</item>
			<item>
				<id>-1</id>
			</item>
			<item>
				<id>-1</id>
			</item>
			<item>
				<id>-1</id>
			</item>
			<item>
				<id>-1</id>
			</item>
			<item>
				<id>-1</id>
			</item>
			<item>
				<id>-1</id>
			</item>
			<item>
				<id>-1</id>
			</item>
			<item>
				<id>-1</id>
			</item>
			<item>
				<id>-1</id>
			</item>
			<item>
				<id>-1</id>
			</item>
			<item>
				<id>-1</id>
			</item>
			<item>
				<id>-1</id>
			</item>
			<item>
				<id>-1</id>
			</item>
			<item>
				<id>-1</id>
			</item>
			<item>
				<id>-1</id>
			</item>
			<item>
				<id>-1</id>
			</item>
			<item>
				<id>-1</id>
			</item>
			<item>
				<id>-1</id>
			</item>
			<item>
				<id>-1</id>
			</item>
			<item>
				<id>-1</id>
			</item>
			<item>
				<id>-1</id>
			</item>
			<item>
				<id>-1</id>
			</item>
			<item>
				<id>-1</id>
			</item>
			<item>
				<id>-1</id>
			</item>
			<item>
				<id>-1</id>
			</item>
			<item>
				<id>-1</id>
			</item>
			<item>
				<id>-1</id>
			</item>
			<item>
				<id>-1</id>
			</item>
			<item>
				<id>-1</id>
			</item>
			<item>
				<id>-1</id>
			</item>
			<item>
				<id>-1</id>
			</item>
			<item>
				<id>-1</id>
			</item>
			<item>
				<id>-1</id>
			</item>
			<item>
				<id>-1</id>
			</item>
			<item>
				<id>-1</id>
			</item>
			<item>
				<id>-1</id>
			</item>
			<item>
				<id>-1</id>
			</item>
			<item>
				<id>-1</id>
			</item>
			<item>
				<id>-1</id>
			</item>
			<item>
				<id>-1</id>
			</item>
			<item>
				<id>-1</id>
			</item>
			<item>
				<id>-1</id>
			</item>
			<item>
				<id>-1</id>
			</item>
			<item>
				<id>-1</id>
			</item>
			<item>
				<id>-1</id>
			</item>
			<item>
				<id>-1</id>
			</item>
			<item>
				<id>-1</id>
			</item>
			<item>
				<id>-1</id>
			</item>
			<item>
				<id>-1</id>
			</item>
			<item>
				<id>-1</id>
			</item>
			<item>
				<id>-1</id>
			</item>
			<item>
				<id>-1</id>
			</item>
			<item>
				<id>-1</id>
			</item>
			<item>
				<id>-1</id>
			</item>
			<item>
				<id>-1</id>
			</item>
			<item>
				<id>-1</id>
			</item>
			<item>
				<id>-1</id>
			</item>
			<item>
				<id>-1</id>
			</item>
			<item>
				<id>-1</id>
			</item>
			<item>
				<id>-1</id>
			</item>
			<item>
				<id>-1</id>
			</item>
			<item>
				<id>-1</id>
			</item>
			<item>
				<id>-1</id>
			</item>
			<item>
				<id>-1</id>
			</item>
			<item>
				<id>-1</id>
			</item>
			<item>
				<id>-1</id>
			</item>
			<item>
				<id>-1</id>
			</item>
			<item>
				<id>-1</id>
			</item>
			<item>
				<id>-1</id>
			</item>
			<item>
				<id>-1</id>
			</item>
			<item>
				<id>-1</id>
			</item>
			<item>
				<id>-1</id>
			</item>
			<item>
				<id>-1</id>
			</item>
			<item>
				<id>-1</id>
			</item>
			<item>
				<id>-1</id>
			</item>
			<item>
				<id>-1</id>
			</item>
			<item>
				<id>-1</id>
			</item>
			<item>
				<id>-1</id>
			</item>
			<item>
				<id>-1</id>
			</item>
			<item>
				<id>-1</id>
			</item>
			<item>
				<id>-1</id>
			</item>
			<item>
				<id>-1</id>
			</item>
			<item>
				<id>-1</id>
			</item>
			<item>
				<id>-1</id>
			</item>
			<item>
				<id>-1</id>
			</item>
			<item>
				<id>-1</id>
			</item>
			<item>
				<id>-1</id>
			</item>
			<item>
				<id>-1</id>
			</item>
			<item>
				<id>-1</id>
			</item>
			<item>
				<id>-1</id>
			</item>
			<item>
				<id>-1</id>
			</item>
			<item>
				<id>-1</id>
			</item>
			<item>
				<id>-1</id>
			</item>
			<item>
				<id>-1</id>
			</item>
			<item>
				<id>-1</id>
			</item>
			<item>
				<id>-1</id>
			</item>
			<item>
				<id>-1</id>
			</item>
			<item>
				<id>-1</id>
			</item>
			<item>
				<id>-1</id>
			</item>
			<item>
				<id>-1</id>
			</item>
			<item>
				<id>-1</id>
			</item>
			<item>
				<id>-1</id>
			</item>
			<item>
				<id>-1</id>
			</item>
			<item>
				<id>-1</id>
			</item>
			<item>
				<id>-1</id>
			</item>
			<item>
				<id>-1</id>
			</item>
			<item>
				<id>-1</id>
			</item>
			<item>
				<id>-1</id>
			</item>
			<item>
				<id>-1</id>
			</item>
			<item>
				<id>-1</id>
			</item>
			<item>
				<id>-1</id>
			</item>
			<item>
				<id>-1</id>
			</item>
			<item>
				<id>-1</id>
			</item>
			<item>
				<id>-1</id>
			</item>
			<item>
				<id>-1</id>
			</item>
			<item>
				<id>-1</id>
			</item>
			<item>
				<id>-1</id>
			</item>
			<item>
				<id>-1</id>
			</item>
			<item>
				<id>-1</id>
			</item>
			<item>
				<id>-1</id>
			</item>
			<item>
				<id>-1</id>
			</item>
			<item>
				<id>-1</id>
			</item>
			<item>
				<id>-1</id>
			</item>
			<item>
				<id>-1</id>
			</item>
			<item>
				<id>-1</id>
			</item>
			<item>
				<id>-1</id>
			</item>
			<item>
				<id>-1</id>
			</item>
			<item>
				<id>-1</id>
			</item>
			<item>
				<id>-1</id>
			</item>
			<item>
				<id>-1</id>
			</item>
			<item>
				<id>-1</id>
			</item>
			<item>
				<id>-1</id>
			</item>
			<item>
				<id>-1</id>
			</item>
			<item>
				<id>-1</id>
			</item>
			<item>
				<id>-1</id>
			</item>
			<item>
				<id>-1</id>
			</item>
			<item>
				<id>-1</id>
			</item>
			<item>
				<id>-1</id>
			</item>
			<item>
				<id>-1</id>
			</item>
			<item>
				<id>-1</id>
			</item>
			<item>
				<id>-1</id>
			</item>
			<item>
				<id>-1</id>
			</item>
			<item>
				<id>-1</id>
			</item>
			<item>
				<id>-1</id>
			</item>
			<item>
				<id>-1</id>
			</item>
			<item>
				<id>-1</id>
			</item>
			<item>
				<id>-1</id>
			</item>
			<item>
				<id>-1</id>
			</item>
			<item>
				<id>-1</id>
			</item>
			<item>
				<id>-1</id>
			</item>
			<item>
				<id>-1</id>
			</item>
			<item>
				<id>-1</id>
			</item>
			<item>
				<id>-1</id>
			</item>
			<item>
				<id>-1</id>
			</item>
			<item>
				<id>-1</id>
			</item>
			<item>
				<id>-1</id>
			</item>
			<item>
				<id>-1</id>
			</item>
			<item>
				<id>-1</id>
			</item>
			<item>
				<id>-1</id>
			</item>
			<item>
				<id>-1</id>
			</item>
			<item>
				<id>-1</id>
			</item>
			<item>
				<id>-1</id>
			</item>
			<item>
				<id>-1</id>
			</item>
			<item>
				<id>-1</id>
			</item>
			<item>
				<id>-1</id>
			</item>
			<item>
				<id>-1</id>
			</item>
			<item>
				<id>-1</id>
			</item>
			<item>
				<id>-1</id>
			</item>
			<item>
				<id>-1</id>
			</item>
			<item>
				<id>-1</id>
			</item>
			<item>
				<id>-1</id>
			</item>
			<item>
				<id>-1</id>
			</item>
			<item>
				<id>-1</id>
			</item>
			<item>
				<id>-1</id>
			</item>
			<item>
				<id>-1</id>
			</item>
			<item>
				<id>-1</id>
			</item>
			<item>
				<id>-1</id>
			</item>
			<item>
				<id>-1</id>
			</item>
			<item>
				<id>-1</id>
			</item>
			<item>
				<id>-1</id>
			</item>
			<item>
				<id>-1</id>
			</item>
			<item>
				<id>-1</id>
			</item>
			<item>
				<id>-1</id>
			</item>
			<item>
				<id>-1</id>
			</item>
			<item>
				<id>-1</id>
			</item>
			<item>
				<id>-1</id>
			</item>
			<item>
				<id>-1</id>
			</item>
			<item>
				<id>-1</id>
			</item>
			<item>
				<id>-1</id>
			</item>
			<item>
				<id>-1</id>
			</item>
			<item>
				<id>-1</id>
			</item>
			<item>
				<id>-1</id>
			</item>
			<item>
				<id>-1</id>
			</item>
			<item>
				<id>-1</id>
			</item>
			<item>
				<id>-1</id>
			</item>
			<item>
				<id>-1</id>
			</item>
			<item>
				<id>-1</id>
			</item>
			<item>
				<id>-1</id>
			</item>
			<item>
				<id>-1</id>
			</item>
			<item>
				<id>-1</id>
			</item>
			<item>
				<id>-1</id>
			</item>
			<item>
				<id>-1</id>
			</item>
			<item>
				<id>-1</id>
			</item>
			<item>
				<id>-1</id>
			</item>
			<item>
				<id>-1</id>
			</item>
			<item>
				<id>-1</id>
			</item>
			<item>
				<id>-1</id>
			</item>
			<item>
				<id>-1</id>
			</item>
			<item>
				<id>-1</id>
			</item>
			<item>
				<id>-1</id>
			</item>
			<item>
				<id>-1</id>
			</item>
			<item>
				<id>-1</id>
			</item>
			<item>
				<id>-1</id>
			</item>
			<item>
				<id>-1</id>
			</item>
			<item>
				<id>-1</id>
			</item>
			<item>
				<id>-1</id>
			</item>
			<item>
				<id>-1</id>
			</item>
			<item>
				<id>-1</id>
			</item>
			<item>
				<id>-1</id>
			</item>
			<item>
				<id>-1</id>
			</item>
			<item>
				<id>-1</id>
			</item>
			<item>
				<id>-1</id>
			</item>
			<item>
				<id>-1</id>
			</item>
			<item>
				<id>-1</id>
			</item>
			<item>
				<id>-1</id>
			</item>
			<item>
				<id>-1</id>
			</item>
			<item>
				<id>-1</id>
			</item>
			<item>
				<id>-1</id>
			</item>
			<item>
				<id>-1</id>
			</item>
			<item>
				<id>-1</id>
			</item>
			<item>
				<id>-1</id>
			</item>
			<item>
				<id>-1</id>
			</item>
			<item>
				<id>-1</id>
			</item>
			<item>
				<id>-1</id>
			</item>
			<item>
				<id>-1</id>
			</item>
			<item>
				<id>-1</id>
			</item>
			<item>
				<id>-1</id>
			</item>
			<item>
				<id>-1</id>
			</item>
			<item>
				<id>-1</id>
			</item>
			<item>
				<id>-1</id>
			</item>
			<item>
				<id>-1</id>
			</item>
			<item>
				<id>-1</id>
			</item>
			<item>
				<id>-1</id>
			</item>
			<item>
				<id>-1</id>
			</item>
			<item>
				<id>-1</id>
			</item>
			<item>
				<id>-1</id>
			</item>
			<item>
				<id>-1</id>
			</item>
			<item>
				<id>-1</id>
			</item>
			<item>
				<id>-1</id>
			</item>
			<item>
				<id>-1</id>
			</item>
			<item>
				<id>-1</id>
			</item>
			<item>
				<id>-1</id>
			</item>
			<item>
				<id>-1</id>
			</item>
			<item>
				<id>-1</id>
			</item>
			<item>
				<id>-1</id>
			</item>
			<item>
				<id>-1</id>
			</item>
			<item>
				<id>-1</id>
			</item>
			<item>
				<id>-1</id>
			</item>
			<item>
				<id>-1</id>
			</item>
			<item>
				<id>-1</id>
			</item>
			<item>
				<id>-1</id>
			</item>
			<item>
				<id>-1</id>
			</item>
			<item>
				<id>-1</id>
			</item>
			<item>
				<id>-1</id>
			</item>
			<item>
				<id>-1</id>
			</item>
			<item>
				<id>-1</id>
			</item>
			<item>
				<id>-1</id>
			</item>
			<item>
				<id>-1</id>
			</item>
			<item>
				<id>-1</id>
			</item>
			<item>
				<id>-1</id>
			</item>
			<item>
				<id>-1</id>
			</item>
			<item>
				<id>-1</id>
			</item>
			<item>
				<id>-1</id>
			</item>
			<item>
				<id>-1</id>
			</item>
			<item>
				<id>-1</id>
			</item>
			<item>
				<id>-1</id>
			</item>
			<item>
				<id>-1</id>
			</item>
			<item>
				<id>-1</id>
			</item>
			<item>
				<id>-1</id>
			</item>
			<item>
				<id>-1</id>
			</item>
			<item>
				<id>-1</id>
			</item>
			<item>
				<id>-1</id>
			</item>
			<item>
				<id>-1</id>
			</item>
			<item>
				<id>-1</id>
			</item>
			<item>
				<id>-1</id>
			</item>
			<item>
				<id>-1</id>
			</item>
			<item>
				<id>-1</id>
			</item>
			<item>
				<id>-1</id>
			</item>
			<item>
				<id>-1</id>
			</item>
			<item>
				<id>-1</id>
			</item>
			<item>
				<id>-1</id>
			</item>
			<item>
				<id>-1</id>
			</item>
			<item>
				<id>-1</id>
			</item>
			<item>
				<id>-1</id>
			</item>
			<item>
				<id>-1</id>
			</item>
			<item>
				<id>-1</id>
			</item>
			<item>
				<id>-1</id>
			</item>
			<item>
				<id>-1</id>
			</item>
			<item>
				<id>-1</id>
			</item>
			<item>
				<id>-1</id>
			</item>
			<item>
				<id>-1</id>
			</item>
			<item>
				<id>-1</id>
			</item>
			<item>
				<id>-1</id>
			</item>
			<item>
				<id>-1</id>
			</item>
			<item>
				<id>-1</id>
			</item>
			<item>
				<id>-1</id>
			</item>
			<item>
				<id>-1</id>
			</item>
			<item>
				<id>-1</id>
			</item>
			<item>
				<id>-1</id>
			</item>
			<item>
				<id>-1</id>
			</item>
			<item>
				<id>-1</id>
			</item>
			<item>
				<id>-1</id>
			</item>
			<item>
				<id>-1</id>
			</item>
			<item>
				<id>-1</id>
			</item>
			<item>
				<id>-1</id>
			</item>
			<item>
				<id>-1</id>
			</item>
			<item>
				<id>-1</id>
			</item>
			<item>
				<id>-1</id>
			</item>
			<item>
				<id>-1</id>
			</item>
			<item>
				<id>-1</id>
			</item>
			<item>
				<id>-1</id>
			</item>
			<item>
				<id>-1</id>
			</item>
			<item>
				<id>-1</id>
			</item>
			<item>
				<id>-1</id>
			</item>
			<item>
				<id>-1</id>
			</item>
			<item>
				<id>-1</id>
			</item>
			<item>
				<id>-1</id>
			</item>
			<item>
				<id>-1</id>
			</item>
			<item>
				<id>-1</id>
			</item>
			<item>
				<id>-1</id>
			</item>
			<item>
				<id>-1</id>
			</item>
			<item>
				<id>-1</id>
			</item>
			<item>
				<id>-1</id>
			</item>
			<item>
				<id>-1</id>
			</item>
			<item>
				<id>-1</id>
			</item>
			<item>
				<id>-1</id>
			</item>
			<item>
				<id>-1</id>
			</item>
			<item>
				<id>-1</id>
			</item>
			<item>
				<id>-1</id>
			</item>
			<item>
				<id>-1</id>
			</item>
			<item>
				<id>-1</id>
			</item>
			<item>
				<id>-1</id>
			</item>
			<item>
				<id>-1</id>
			</item>
			<item>
				<id>-1</id>
			</item>
			<item>
				<id>-1</id>
			</item>
			<item>
				<id>-1</id>
			</item>
			<item>
				<id>-1</id>
			</item>
			<item>
				<id>-1</id>
			</item>
			<item>
				<id>-1</id>
			</item>
			<item>
				<id>-1</id>
			</item>
			<item>
				<id>-1</id>
			</item>
			<item>
				<id>-1</id>
			</item>
			<item>
				<id>-1</id>
			</item>
			<item>
				<id>-1</id>
			</item>
			<item>
				<id>-1</id>
			</item>
			<item>
				<id>-1</id>
			</item>
			<item>
				<id>-1</id>
			</item>
			<item>
				<id>-1</id>
			</item>
			<item>
				<id>-1</id>
			</item>
			<item>
				<id>-1</id>
			</item>
			<item>
				<id>-1</id>
			</item>
			<item>
				<id>-1</id>
			</item>
			<item>
				<id>-1</id>
			</item>
			<item>
				<id>-1</id>
			</item>
			<item>
				<id>-1</id>
			</item>
			<item>
				<id>-1</id>
			</item>
			<item>
				<id>-1</id>
			</item>
			<item>
				<id>-1</id>
			</item>
			<item>
				<id>-1</id>
			</item>
			<item>
				<id>-1</id>
			</item>
			<item>
				<id>-1</id>
			</item>
			<item>
				<id>-1</id>
			</item>
			<item>
				<id>-1</id>
			</item>
			<item>
				<id>-1</id>
			</item>
			<item>
				<id>-1</id>
			</item>
			<item>
				<id>-1</id>
			</item>
			<item>
				<id>-1</id>
			</item>
			<item>
				<id>-1</id>
			</item>
			<item>
				<id>-1</id>
			</item>
			<item>
				<id>-1</id>
			</item>
			<item>
				<id>-1</id>
			</item>
			<item>
				<id>-1</id>
			</item>
			<item>
				<id>-1</id>
			</item>
			<item>
				<id>-1</id>
			</item>
			<item>
				<id>-1</id>
			</item>
			<item>
				<id>-1</id>
			</item>
			<item>
				<id>-1</id>
			</item>
			<item>
				<id>-1</id>
			</item>
			<item>
				<id>-1</id>
			</item>
			<item>
				<id>-1</id>
			</item>
			<item>
				<id>-1</id>
			</item>
			<item>
				<id>-1</id>
			</item>
			<item>
				<id>-1</id>
			</item>
			<item>
				<id>-1</id>
			</item>
			<item>
				<id>-1</id>
			</item>
			<item>
				<id>-1</id>
			</item>
			<item>
				<id>-1</id>
			</item>
			<item>
				<id>-1</id>
			</item>
			<item>
				<id>-1</id>
			</item>
			<item>
				<id>-1</id>
			</item>
			<item>
				<id>-1</id>
			</item>
			<item>
				<id>-1</id>
			</item>
			<item>
				<id>-1</id>
			</item>
			<item>
				<id>-1</id>
			</item>
			<item>
				<id>-1</id>
			</item>
			<item>
				<id>-1</id>
			</item>
			<item>
				<id>-1</id>
			</item>
			<item>
				<id>-1</id>
			</item>
			<item>
				<id>-1</id>
			</item>
			<item>
				<id>-1</id>
			</item>
			<item>
				<id>-1</id>
			</item>
			<item>
				<id>-1</id>
			</item>
			<item>
				<id>-1</id>
			</item>
			<item>
				<id>-1</id>
			</item>
			<item>
				<id>-1</id>
			</item>
			<item>
				<id>-1</id>
			</item>
			<item>
				<id>-1</id>
			</item>
			<item>
				<id>-1</id>
			</item>
			<item>
				<id>-1</id>
			</item>
			<item>
				<id>-1</id>
			</item>
			<item>
				<id>-1</id>
			</item>
			<item>
				<id>-1</id>
			</item>
			<item>
				<id>-1</id>
			</item>
			<item>
				<id>-1</id>
			</item>
			<item>
				<id>-1</id>
			</item>
			<item>
				<id>-1</id>
			</item>
			<item>
				<id>-1</id>
			</item>
			<item>
				<id>-1</id>
			</item>
			<item>
				<id>-1</id>
			</item>
			<item>
				<id>-1</id>
			</item>
			<item>
				<id>-1</id>
			</item>
			<item>
				<id>-1</id>
			</item>
			<item>
				<id>-1</id>
			</item>
			<item>
				<id>-1</id>
			</item>
			<item>
				<id>-1</id>
			</item>
			<item>
				<id>-1</id>
			</item>
			<item>
				<id>-1</id>
			</item>
			<item>
				<id>-1</id>
			</item>
			<item>
				<id>-1</id>
			</item>
			<item>
				<id>-1</id>
			</item>
			<item>
				<id>-1</id>
			</item>
			<item>
				<id>-1</id>
			</item>
			<item>
				<id>-1</id>
			</item>
			<item>
				<id>-1</id>
			</item>
			<item>
				<id>-1</id>
			</item>
			<item>
				<id>-1</id>
			</item>
			<item>
				<id>-1</id>
			</item>
			<item>
				<id>-1</id>
			</item>
			<item>
				<id>-1</id>
			</item>
			<item>
				<id>-1</id>
			</item>
			<item>
				<id>-1</id>
			</item>
			<item>
				<id>-1</id>
			</item>
			<item>
				<id>-1</id>
			</item>
			<item>
				<id>-1</id>
			</item>
			<item>
				<id>-1</id>
			</item>
			<item>
				<id>-1</id>
			</item>
			<item>
				<id>-1</id>
			</item>
			<item>
				<id>-1</id>
			</item>
			<item>
				<id>-1</id>
			</item>
			<item>
				<id>-1</id>
			</item>
			<item>
				<id>-1</id>
			</item>
			<item>
				<id>-1</id>
			</item>
			<item>
				<id>-1</id>
			</item>
			<item>
				<id>-1</id>
			</item>
			<item>
				<id>-1</id>
			</item>
			<item>
				<id>-1</id>
			</item>
			<item>
				<id>-1</id>
			</item>
			<item>
				<id>-1</id>
			</item>
			<item>
				<id>-1</id>
			</item>
			<item>
				<id>-1</id>
			</item>
			<item>
				<id>-1</id>
			</item>
			<item>
				<id>-1</id>
			</item>
			<item>
				<id>-1</id>
			</item>
			<item>
				<id>-1</id>
			</item>
			<item>
				<id>-1</id>
			</item>
			<item>
				<id>-1</id>
			</item>
			<item>
				<id>-1</id>
			</item>
			<item>
				<id>-1</id>
			</item>
			<item>
				<id>-1</id>
			</item>
			<item>
				<id>-1</id>
			</item>
			<item>
				<id>-1</id>
			</item>
			<item>
				<id>-1</id>
			</item>
			<item>
				<id>-1</id>
			</item>
			<item>
				<id>-1</id>
			</item>
			<item>
				<id>-1</id>
			</item>
			<item>
				<id>-1</id>
			</item>
			<item>
				<id>-1</id>
			</item>
			<item>
				<id>-1</id>
			</item>
			<item>
				<id>-1</id>
			</item>
			<item>
				<id>-1</id>
			</item>
			<item>
				<id>-1</id>
			</item>
			<item>
				<id>-1</id>
			</item>
			<item>
				<id>-1</id>
			</item>
			<item>
				<id>-1</id>
			</item>
			<item>
				<id>-1</id>
			</item>
			<item>
				<id>-1</id>
			</item>
			<item>
				<id>-1</id>
			</item>
			<item>
				<id>-1</id>
			</item>
			<item>
				<id>-1</id>
			</item>
			<item>
				<id>-1</id>
			</item>
			<item>
				<id>-1</id>
			</item>
			<item>
				<id>-1</id>
			</item>
			<item>
				<id>-1</id>
			</item>
			<item>
				<id>-1</id>
			</item>
			<item>
				<id>-1</id>
			</item>
			<item>
				<id>-1</id>
			</item>
			<item>
				<id>-1</id>
			</item>
			<item>
				<id>-1</id>
			</item>
			<item>
				<id>-1</id>
			</item>
			<item>
				<id>-1</id>
			</item>
			<item>
				<id>-1</id>
			</item>
			<item>
				<id>-1</id>
			</item>
			<item>
				<id>-1</id>
			</item>
			<item>
				<id>-1</id>
			</item>
			<item>
				<id>-1</id>
			</item>
			<item>
				<id>-1</id>
			</item>
			<item>
				<id>-1</id>
			</item>
			<item>
				<id>-1</id>
			</item>
			<item>
				<id>-1</id>
			</item>
			<item>
				<id>-1</id>
			</item>
			<item>
				<id>-1</id>
			</item>
			<item>
				<id>-1</id>
			</item>
			<item>
				<id>-1</id>
			</item>
			<item>
				<id>-1</id>
			</item>
			<item>
				<id>-1</id>
			</item>
			<item>
				<id>-1</id>
			</item>
			<item>
				<id>-1</id>
			</item>
			<item>
				<id>-1</id>
			</item>
			<item>
				<id>-1</id>
			</item>
			<item>
				<id>-1</id>
			</item>
			<item>
				<id>-1</id>
			</item>
			<item>
				<id>-1</id>
			</item>
			<item>
				<id>-1</id>
			</item>
			<item>
				<id>-1</id>
			</item>
			<item>
				<id>-1</id>
			</item>
			<item>
				<id>-1</id>
			</item>
			<item>
				<id>-1</id>
			</item>
			<item>
				<id>-1</id>
			</item>
			<item>
				<id>-1</id>
			</item>
			<item>
				<id>-1</id>
			</item>
			<item>
				<id>-1</id>
			</item>
			<item>
				<id>-1</id>
			</item>
			<item>
				<id>-1</id>
			</item>
			<item>
				<id>-1</id>
			</item>
			<item>
				<id>-1</id>
			</item>
			<item>
				<id>-1</id>
			</item>
			<item>
				<id>-1</id>
			</item>
			<item>
				<id>-1</id>
			</item>
			<item>
				<id>-1</id>
			</item>
			<item>
				<id>-1</id>
			</item>
			<item>
				<id>-1</id>
			</item>
			<item>
				<id>-1</id>
			</item>
			<item>
				<id>-1</id>
			</item>
			<item>
				<id>-1</id>
			</item>
			<item>
				<id>-1</id>
			</item>
			<item>
				<id>-1</id>
			</item>
			<item>
				<id>-1</id>
			</item>
			<item>
				<id>-1</id>
			</item>
			<item>
				<id>-1</id>
			</item>
			<item>
				<id>-1</id>
			</item>
			<item>
				<id>-1</id>
			</item>
			<item>
				<id>-1</id>
			</item>
			<item>
				<id>-1</id>
			</item>
			<item>
				<id>-1</id>
			</item>
			<item>
				<id>-1</id>
			</item>
			<item>
				<id>-1</id>
			</item>
			<item>
				<id>-1</id>
			</item>
			<item>
				<id>-1</id>
			</item>
			<item>
				<id>-1</id>
			</item>
			<item>
				<id>-1</id>
			</item>
			<item>
				<id>-1</id>
			</item>
			<item>
				<id>-1</id>
			</item>
			<item>
				<id>-1</id>
			</item>
			<item>
				<id>-1</id>
			</item>
			<item>
				<id>-1</id>
			</item>
			<item>
				<id>-1</id>
			</item>
			<item>
				<id>-1</id>
			</item>
			<item>
				<id>-1</id>
			</item>
			<item>
				<id>-1</id>
			</item>
			<item>
				<id>-1</id>
			</item>
			<item>
				<id>-1</id>
			</item>
			<item>
				<id>-1</id>
			</item>
			<item>
				<id>-1</id>
			</item>
			<item>
				<id>-1</id>
			</item>
			<item>
				<id>-1</id>
			</item>
			<item>
				<id>-1</id>
			</item>
			<item>
				<id>-1</id>
			</item>
			<item>
				<id>-1</id>
			</item>
			<item>
				<id>-1</id>
			</item>
			<item>
				<id>-1</id>
			</item>
			<item>
				<id>-1</id>
			</item>
			<item>
				<id>-1</id>
			</item>
			<item>
				<id>-1</id>
			</item>
			<item>
				<id>-1</id>
			</item>
			<item>
				<id>-1</id>
			</item>
			<item>
				<id>-1</id>
			</item>
			<item>
				<id>-1</id>
			</item>
			<item>
				<id>-1</id>
			</item>
			<item>
				<id>-1</id>
			</item>
			<item>
				<id>-1</id>
			</item>
			<item>
				<id>-1</id>
			</item>
			<item>
				<id>-1</id>
			</item>
			<item>
				<id>-1</id>
			</item>
			<item>
				<id>-1</id>
			</item>
			<item>
				<id>-1</id>
			</item>
			<item>
				<id>-1</id>
			</item>
			<item>
				<id>-1</id>
			</item>
			<item>
				<id>-1</id>
			</item>
			<item>
				<id>-1</id>
			</item>
			<item>
				<id>-1</id>
			</item>
			<item>
				<id>-1</id>
			</item>
			<item>
				<id>-1</id>
			</item>
			<item>
				<id>-1</id>
			</item>
			<item>
				<id>-1</id>
			</item>
			<item>
				<id>-1</id>
			</item>
			<item>
				<id>-1</id>
			</item>
			<item>
				<id>-1</id>
			</item>
			<item>
				<id>-1</id>
			</item>
			<item>
				<id>-1</id>
			</item>
			<item>
				<id>-1</id>
			</item>
			<item>
				<id>-1</id>
			</item>
			<item>
				<id>-1</id>
			</item>
			<item>
				<id>-1</id>
			</item>
			<item>
				<id>-1</id>
			</item>
			<item>
				<id>-1</id>
			</item>
			<item>
				<id>-1</id>
			</item>
			<item>
				<id>-1</id>
			</item>
			<item>
				<id>-1</id>
			</item>
			<item>
				<id>-1</id>
			</item>
			<item>
				<id>-1</id>
			</item>
			<item>
				<id>-1</id>
			</item>
			<item>
				<id>-1</id>
			</item>
			<item>
				<id>-1</id>
			</item>
			<item>
				<id>-1</id>
			</item>
			<item>
				<id>-1</id>
			</item>
			<item>
				<id>-1</id>
			</item>
			<item>
				<id>-1</id>
			</item>
			<item>
				<id>-1</id>
			</item>
			<item>
				<id>-1</id>
			</item>
			<item>
				<id>-1</id>
			</item>
			<item>
				<id>-1</id>
			</item>
			<item>
				<id>-1</id>
			</item>
			<item>
				<id>-1</id>
			</item>
			<item>
				<id>-1</id>
			</item>
			<item>
				<id>-1</id>
			</item>
			<item>
				<id>-1</id>
			</item>
			<item>
				<id>-1</id>
			</item>
			<item>
				<id>-1</id>
			</item>
			<item>
				<id>-1</id>
			</item>
			<item>
				<id>-1</id>
			</item>
			<item>
				<id>-1</id>
			</item>
			<item>
				<id>-1</id>
			</item>
			<item>
				<id>-1</id>
			</item>
			<item>
				<id>-1</id>
			</item>
			<item>
				<id>-1</id>
			</item>
			<item>
				<id>-1</id>
			</item>
			<item>
				<id>-1</id>
			</item>
			<item>
				<id>-1</id>
			</item>
			<item>
				<id>-1</id>
			</item>
			<item>
				<id>-1</id>
			</item>
			<item>
				<id>-1</id>
			</item>
			<item>
				<id>-1</id>
			</item>
			<item>
				<id>-1</id>
			</item>
			<item>
				<id>-1</id>
			</item>
			<item>
				<id>-1</id>
			</item>
			<item>
				<id>-1</id>
			</item>
			<item>
				<id>-1</id>
			</item>
			<item>
				<id>-1</id>
			</item>
			<item>
				<id>-1</id>
			</item>
			<item>
				<id>-1</id>
			</item>
			<item>
				<id>-1</id>
			</item>
			<item>
				<id>-1</id>
			</item>
			<item>
				<id>-1</id>
			</item>
			<item>
				<id>-1</id>
			</item>
			<item>
				<id>-1</id>
			</item>
			<item>
				<id>-1</id>
			</item>
			<item>
				<id>-1</id>
			</item>
			<item>
				<id>-1</id>
			</item>
			<item>
				<id>-1</id>
			</item>
			<item>
				<id>-1</id>
			</item>
			<item>
				<id>-1</id>
			</item>
			<item>
				<id>-1</id>
			</item>
			<item>
				<id>-1</id>
			</item>
			<item>
				<id>-1</id>
			</item>
			<item>
				<id>-1</id>
			</item>
			<item>
				<id>-1</id>
			</item>
			<item>
				<id>-1</id>
			</item>
			<item>
				<id>-1</id>
			</item>
			<item>
				<id>-1</id>
			</item>
			<item>
				<id>-1</id>
			</item>
			<item>
				<id>-1</id>
			</item>
			<item>
				<id>-1</id>
			</item>
			<item>
				<id>-1</id>
			</item>
			<item>
				<id>-1</id>
			</item>
			<item>
				<id>-1</id>
			</item>
			<item>
				<id>-1</id>
			</item>
			<item>
				<id>-1</id>
			</item>
			<item>
				<id>-1</id>
			</item>
			<item>
				<id>-1</id>
			</item>
			<item>
				<id>-1</id>
			</item>
			<item>
				<id>-1</id>
			</item>
			<item>
				<id>-1</id>
			</item>
			<item>
				<id>-1</id>
			</item>
			<item>
				<id>-1</id>
			</item>
			<item>
				<id>-1</id>
			</item>
			<item>
				<id>-1</id>
			</item>
			<item>
				<id>-1</id>
			</item>
			<item>
				<id>-1</id>
			</item>
			<item>
				<id>-1</id>
			</item>
			<item>
				<id>-1</id>
			</item>
		</Tiles>
	</Repere>
	<Pays class_id="4" tracking_level="0" version="0">
		<count>1</count>
		<item_version>0</item_version>
		<item class_id="5" tracking_level="0" version="0">
			<first>Noobsland</first>
			<second class_id="6" tracking_level="0" version="0">
				<nom></nom>
				<income>100</income>
				<PointSpawn class_id="7" tracking_level="0" version="0">
					<x>100</x>
					<y>100</y>
					<id>200000000</id>
				</PointSpawn>
				<Regions class_id="8" tracking_level="0" version="0">
					<count>1</count>
					<item_version>0</item_version>
					<item class_id="9" tracking_level="0" version="0">
						<first>IsengardU</first>
						<second class_id="10" tracking_level="0" version="0">
							<income>100</income>
							<Flag class_id="11" tracking_level="0" version="0">
								<x>10</x>
								<y>10</y>
								<id>200000000</id>
							</Flag>
							<Upgrades class_id="12" tracking_level="0" version="0">
								<count>0</count>
								<item_version>0</item_version>
							</Upgrades>
							<Tiles class_id="13" tracking_level="0" version="0">
								<count>0</count>
								<item_version>0</item_version>
							</Tiles>
						</second>
					</item>
				</Regions>
			</second>
		</item>
	</Pays>
</Carte>
</boost_serialization>

